Archive member included because of file (symbol)

c:/altera/13.1/nios2eds/bin/gnu/h-i686-mingw32/bin/../lib/gcc/nios2-elf/4.7.3/../../../../../H-i686-mingw32/nios2-elf/lib\libm.a(lib_a-s_cos.o)
                              obj/default/fft.o (cos)
c:/altera/13.1/nios2eds/bin/gnu/h-i686-mingw32/bin/../lib/gcc/nios2-elf/4.7.3/../../../../../H-i686-mingw32/nios2-elf/lib\libm.a(lib_a-s_sin.o)
                              obj/default/fft.o (sin)
c:/altera/13.1/nios2eds/bin/gnu/h-i686-mingw32/bin/../lib/gcc/nios2-elf/4.7.3/../../../../../H-i686-mingw32/nios2-elf/lib\libm.a(lib_a-e_rem_pio2.o)
                              c:/altera/13.1/nios2eds/bin/gnu/h-i686-mingw32/bin/../lib/gcc/nios2-elf/4.7.3/../../../../../H-i686-mingw32/nios2-elf/lib\libm.a(lib_a-s_cos.o) (__ieee754_rem_pio2)
c:/altera/13.1/nios2eds/bin/gnu/h-i686-mingw32/bin/../lib/gcc/nios2-elf/4.7.3/../../../../../H-i686-mingw32/nios2-elf/lib\libm.a(lib_a-k_cos.o)
                              c:/altera/13.1/nios2eds/bin/gnu/h-i686-mingw32/bin/../lib/gcc/nios2-elf/4.7.3/../../../../../H-i686-mingw32/nios2-elf/lib\libm.a(lib_a-s_cos.o) (__kernel_cos)
c:/altera/13.1/nios2eds/bin/gnu/h-i686-mingw32/bin/../lib/gcc/nios2-elf/4.7.3/../../../../../H-i686-mingw32/nios2-elf/lib\libm.a(lib_a-k_rem_pio2.o)
                              c:/altera/13.1/nios2eds/bin/gnu/h-i686-mingw32/bin/../lib/gcc/nios2-elf/4.7.3/../../../../../H-i686-mingw32/nios2-elf/lib\libm.a(lib_a-e_rem_pio2.o) (__kernel_rem_pio2)
c:/altera/13.1/nios2eds/bin/gnu/h-i686-mingw32/bin/../lib/gcc/nios2-elf/4.7.3/../../../../../H-i686-mingw32/nios2-elf/lib\libm.a(lib_a-k_sin.o)
                              c:/altera/13.1/nios2eds/bin/gnu/h-i686-mingw32/bin/../lib/gcc/nios2-elf/4.7.3/../../../../../H-i686-mingw32/nios2-elf/lib\libm.a(lib_a-s_cos.o) (__kernel_sin)
c:/altera/13.1/nios2eds/bin/gnu/h-i686-mingw32/bin/../lib/gcc/nios2-elf/4.7.3/../../../../../H-i686-mingw32/nios2-elf/lib\libm.a(lib_a-s_fabs.o)
                              c:/altera/13.1/nios2eds/bin/gnu/h-i686-mingw32/bin/../lib/gcc/nios2-elf/4.7.3/../../../../../H-i686-mingw32/nios2-elf/lib\libm.a(lib_a-e_rem_pio2.o) (fabs)
c:/altera/13.1/nios2eds/bin/gnu/h-i686-mingw32/bin/../lib/gcc/nios2-elf/4.7.3/../../../../../H-i686-mingw32/nios2-elf/lib\libm.a(lib_a-s_floor.o)
                              c:/altera/13.1/nios2eds/bin/gnu/h-i686-mingw32/bin/../lib/gcc/nios2-elf/4.7.3/../../../../../H-i686-mingw32/nios2-elf/lib\libm.a(lib_a-k_rem_pio2.o) (floor)
c:/altera/13.1/nios2eds/bin/gnu/h-i686-mingw32/bin/../lib/gcc/nios2-elf/4.7.3/../../../../../H-i686-mingw32/nios2-elf/lib\libm.a(lib_a-s_scalbn.o)
                              c:/altera/13.1/nios2eds/bin/gnu/h-i686-mingw32/bin/../lib/gcc/nios2-elf/4.7.3/../../../../../H-i686-mingw32/nios2-elf/lib\libm.a(lib_a-k_rem_pio2.o) (scalbn)
c:/altera/13.1/nios2eds/bin/gnu/h-i686-mingw32/bin/../lib/gcc/nios2-elf/4.7.3/../../../../../H-i686-mingw32/nios2-elf/lib\libm.a(lib_a-s_copysign.o)
                              c:/altera/13.1/nios2eds/bin/gnu/h-i686-mingw32/bin/../lib/gcc/nios2-elf/4.7.3/../../../../../H-i686-mingw32/nios2-elf/lib\libm.a(lib_a-s_scalbn.o) (copysign)
c:/altera/13.1/nios2eds/bin/gnu/h-i686-mingw32/bin/../lib/gcc/nios2-elf/4.7.3\libgcc.a(_fixunsdfsi.o)
                              obj/default/hello_world.o (__fixunsdfsi)
c:/altera/13.1/nios2eds/bin/gnu/h-i686-mingw32/bin/../lib/gcc/nios2-elf/4.7.3\libgcc.a(_addsub_sf.o)
                              obj/default/fft.o (__addsf3)
c:/altera/13.1/nios2eds/bin/gnu/h-i686-mingw32/bin/../lib/gcc/nios2-elf/4.7.3\libgcc.a(_mul_sf.o)
                              obj/default/fft.o (__mulsf3)
c:/altera/13.1/nios2eds/bin/gnu/h-i686-mingw32/bin/../lib/gcc/nios2-elf/4.7.3\libgcc.a(_div_sf.o)
                              obj/default/hello_world.o (__divsf3)
c:/altera/13.1/nios2eds/bin/gnu/h-i686-mingw32/bin/../lib/gcc/nios2-elf/4.7.3\libgcc.a(_si_to_sf.o)
                              obj/default/fft.o (__floatsisf)
c:/altera/13.1/nios2eds/bin/gnu/h-i686-mingw32/bin/../lib/gcc/nios2-elf/4.7.3\libgcc.a(_sf_to_si.o)
                              obj/default/hello_world.o (__fixsfsi)
c:/altera/13.1/nios2eds/bin/gnu/h-i686-mingw32/bin/../lib/gcc/nios2-elf/4.7.3\libgcc.a(_sf_to_df.o)
                              obj/default/fft.o (__extendsfdf2)
c:/altera/13.1/nios2eds/bin/gnu/h-i686-mingw32/bin/../lib/gcc/nios2-elf/4.7.3\libgcc.a(_thenan_sf.o)
                              c:/altera/13.1/nios2eds/bin/gnu/h-i686-mingw32/bin/../lib/gcc/nios2-elf/4.7.3\libgcc.a(_addsub_sf.o) (__thenan_sf)
c:/altera/13.1/nios2eds/bin/gnu/h-i686-mingw32/bin/../lib/gcc/nios2-elf/4.7.3\libgcc.a(_addsub_df.o)
                              obj/default/uart.o (__adddf3)
c:/altera/13.1/nios2eds/bin/gnu/h-i686-mingw32/bin/../lib/gcc/nios2-elf/4.7.3\libgcc.a(_mul_df.o)
                              obj/default/ad.o (__muldf3)
c:/altera/13.1/nios2eds/bin/gnu/h-i686-mingw32/bin/../lib/gcc/nios2-elf/4.7.3\libgcc.a(_div_df.o)
[...]
Memory Configuration

Name             Origin             Length             Attributes
reset            0x00010000         0x00000020
RAM              0x00010020         0x0000cee8
*default*        0x00000000         0xffffffff

Linker script and memory map

LOAD ../demo_bsp//obj/HAL/src/crt0.o
LOAD obj/default/ad.o
LOAD obj/default/ad9833.o
LOAD obj/default/fft.o
LOAD obj/default/hello_world.o
LOAD obj/default/log.o
LOAD obj/default/message.o
LOAD obj/default/uart.o
LOAD c:/altera/13.1/nios2eds/bin/gnu/h-i686-mingw32/bin/../lib/gcc/nios2-elf/4.7.3/../../../../../H-i686-mingw32/nios2-elf/lib\libstdc++.a
LOAD c:/altera/13.1/nios2eds/bin/gnu/h-i686-mingw32/bin/../lib/gcc/nios2-elf/4.7.3/../../../../../H-i686-mingw32/nios2-elf/lib\libm.a
LOAD c:/altera/13.1/nios2eds/bin/gnu/h-i686-mingw32/bin/../lib/gcc/nios2-elf/4.7.3\libgcc.a
START GROUP
LOAD c:/altera/13.1/nios2eds/bin/gnu/h-i686-mingw32/bin/../lib/gcc/nios2-elf/4.7.3/../../../../../H-i686-mingw32/nios2-elf/lib\libsmallc.a
LOAD c:/altera/13.1/nios2eds/bin/gnu/h-i686-mingw32/bin/../lib/gcc/nios2-elf/4.7.3\libgcc.a
LOAD ../demo_bsp/\libhal_bsp.a
END GROUP
LOAD c:/altera/13.1/nios2eds/bin/gnu/h-i686-mingw32/bin/../lib/gcc/nios2-elf/4.7.3\libgcc.a
                0x00010000                __alt_mem_RAM = 0x10000

.entry          0x00010000       0x20
 *(.entry)
 .entry         0x00010000       0x20 ../demo_bsp//obj/HAL/src/crt0.o
                0x00010000                __reset

.exceptions     0x00010020      0x198
                0x00010020                PROVIDE (__ram_exceptions_start, ABSOLUTE (.))
                0x00010020                . = ALIGN (0x20)
 *(.irq)
 *(.exceptions.entry.label)
 .exceptions.entry.label
                0x00010020        0x0 ../demo_bsp/\libhal_bsp.a(alt_irq_entry.o)
                0x00010020                alt_irq_entry
 .exceptions.entry.label
                0x00010020        0x0 ../demo_bsp/\libhal_bsp.a(alt_exception_entry.o)
                0x00010020                alt_exception
 *(.exceptions.entry.user)
 *(.exceptions.entry.ecc_fatal)
 *(.exceptions.entry)
 .exceptions.entry
                0x00010020       0x54 ../demo_bsp/\libhal_bsp.a(alt_exception_entry.o)
 *(.exceptions.irqtest.user)
 *(.exceptions.irqtest)
 .exceptions.irqtest
                0x00010074       0x10 ../demo_bsp/\libhal_bsp.a(alt_irq_entry.o)
 *(.exceptions.irqhandler.user)
 *(.exceptions.irqhandler)
 .exceptions.irqhandler
                0x00010084        0x4 ../demo_bsp/\libhal_bsp.a(alt_irq_entry.o)
 *(.exceptions.irqreturn.user)
 *(.exceptions.irqreturn)
 .exceptions.irqreturn
                0x00010088        0x4 ../demo_bsp/\libhal_bsp.a(alt_irq_entry.o)
 *(.exceptions.notirq.label)
 .exceptions.notirq.label
                0x0001008c        0x0 ../demo_bsp/\libhal_bsp.a(alt_irq_entry.o)
 *(.exceptions.notirq.user)
 *(.exceptions.notirq)
 .exceptions.notirq
                0x0001008c        0x8 ../demo_bsp/\libhal_bsp.a(alt_exception_entry.o)
 *(.exceptions.soft.user)
 *(.exceptions.soft)
 *(.exceptions.unknown.user)
 *(.exceptions.unknown)
 .exceptions.unknown
                0x00010094        0x4 ../demo_bsp/\libhal_bsp.a(alt_exception_entry.o)
 *(.exceptions.exit.label)
 .exceptions.exit.label
                0x00010098        0x0 ../demo_bsp/\libhal_bsp.a(alt_irq_entry.o)
 .exceptions.exit.label
                0x00010098        0x0 ../demo_bsp/\libhal_bsp.a(alt_exception_entry.o)
 *(.exceptions.exit.user)
 *(.exceptions.exit)
 .exceptions.exit
                0x00010098       0x54 ../demo_bsp/\libhal_bsp.a(alt_exception_entry.o)
 *(.exceptions)
 .exceptions    0x000100ec       0xcc ../demo_bsp/\libhal_bsp.a(alt_irq_handler.o)
                0x000100ec                alt_irq_handler
                0x000101b8                PROVIDE (__ram_exceptions_end, ABSOLUTE (.))
                0x00010020                PROVIDE (__flash_exceptions_start, LOADADDR (.exceptions))

.text           0x000101b8     0x8990
                0x000101b8                PROVIDE (stext, ABSOLUTE (.))
 *(.interp)
 *(.hash)
 *(.dynsym)
 *(.dynstr)
 *(.gnu.version)
 *(.gnu.version_d)
 *(.gnu.version_r)
 *(.rel.init)
 *(.rela.init)
 *(.rel.text .rel.text.* .rel.gnu.linkonce.t.*)
 *(.rela.text .rela.text.* .rela.gnu.linkonce.t.*)
 *(.rel.fini)
 *(.rela.fini)
 *(.rel.rodata .rel.rodata.* .rel.gnu.linkonce.r.*)
 *(.rela.rodata .rela.rodata.* .rela.gnu.linkonce.r.*)
 *(.rel.data .rel.data.* .rel.gnu.linkonce.d.*)
 *(.rela.data .rela.data.* .rela.gnu.linkonce.d.*)
 *(.rel.tdata .rel.tdata.* .rel.gnu.linkonce.td.*)
 *(.rela.tdata .rela.tdata.* .rela.gnu.linkonce.td.*)
 *(.rel.tbss .rel.tbss.* .rel.gnu.linkonce.tb.*)
 *(.rela.tbss .rela.tbss.* .rela.gnu.linkonce.tb.*)
 *(.rel.ctors)
 *(.rela.ctors)
 *(.rel.dtors)
 *(.rela.dtors)
 *(.rel.got)
 *(.rela.got)
 *(.rel.sdata .rel.sdata.* .rel.gnu.linkonce.s.*)
 *(.rela.sdata .rela.sdata.* .rela.gnu.linkonce.s.*)
 *(.rel.sbss .rel.sbss.* .rel.gnu.linkonce.sb.*)
 *(.rela.sbss .rela.sbss.* .rela.gnu.linkonce.sb.*)
 *(.rel.sdata2 .rel.sdata2.* .rel.gnu.linkonce.s2.*)
 *(.rela.sdata2 .rela.sdata2.* .rela.gnu.linkonce.s2.*)
 *(.rel.sbss2 .rel.sbss2.* .rel.gnu.linkonce.sb2.*)
 *(.rela.sbss2 .rela.sbss2.* .rela.gnu.linkonce.sb2.*)
 *(.rel.bss .rel.bss.* .rel.gnu.linkonce.b.*)
 *(.rela.bss .rela.bss.* .rela.gnu.linkonce.b.*)
 *(.rel.plt)
 *(.rela.plt)
 *(.rel.dyn)
 *(.init)
 *(.plt)
 *(.text .stub .text.* .gnu.linkonce.t.*)
 .text          0x000101b8       0x3c ../demo_bsp//obj/HAL/src/crt0.o
                0x000101b8                _start
 .text          0x000101f4      0x364 obj/default/ad.o
                0x000101f4                parseAdData
                0x000102d0                ReadAdRes
                0x0001041c                computeAd
 .text          0x00010558      0x378 obj/default/ad9833.o
                0x00010558                AD9833_Init_GPIO
                0x000105bc                AD9833_Write
                0x00010710                AD9833_WaveSeting
 .text          0x000108d0      0x850 obj/default/fft.o
                0x000108d0                Add_Complex
                0x00010958                Sub_Complex
                0x000109e0                Multy_Complex
                0x00010ae0                getWN
                0x00010c20                FFT_remap
                0x00010de0                FFT
 .text          0x00011120      0x9b0 obj/default/hello_world.o
                0x00011120                getBeginMessge
                0x00011148                setDDSFre
                0x00011418                testIsOver
                0x00011440                beginFFT
                0x000114ec                sendMessage
                0x000116a8                sampleIsReady
                0x000116f0                init
                0x00011750                show
                0x0001177c                msg_proc
                0x00011884                main
                0x00011a94                delay
 .text          0x00011ad0      0x294 obj/default/log.o
                0x00011ad0                log_hex
 .text          0x00011d64      0x274 obj/default/message.o
                0x00011d64                getStartMessge
                0x00011db8                parseMessage
 .text          0x00011fd8      0x610 obj/default/uart.o
 .text          0x000125e8       0xec c:/altera/13.1/nios2eds/bin/gnu/h-i686-mingw32/bin/../lib/gcc/nios2-elf/4.7.3/../../../../../H-i686-mingw32/nios2-elf/lib\libm.a(lib_a-s_cos.o)
                0x000125e8                cos
 .text          0x000126d4       0xf0 c:/altera/13.1/nios2eds/bin/gnu/h-i686-mingw32/bin/../lib/gcc/nios2-elf/4.7.3/../../../../../H-i686-mingw32/nios2-elf/lib\libm.a(lib_a-s_sin.o)
                0x000126d4                sin
 .text          0x000127c4      0x7b8 c:/altera/13.1/nios2eds/bin/gnu/h-i686-mingw32/bin/../lib/gcc/nios2-elf/4.7.3/../../../../../H-i686-mingw32/nios2-elf/lib\libm.a(lib_a-e_rem_pio2.o)
                0x000127c4                __ieee754_rem_pio2
 .text          0x00012f7c      0x4a4 c:/altera/13.1/nios2eds/bin/gnu/h-i686-mingw32/bin/../lib/gcc/nios2-elf/4.7.3/../../../../../H-i686-mingw32/nios2-elf/lib\libm.a(lib_a-k_cos.o)
                0x00012f7c                __kernel_cos
 .text          0x00013420      0xdac c:/altera/13.1/nios2eds/bin/gnu/h-i686-mingw32/bin/../lib/gcc/nios2-elf/4.7.3/../../../../../H-i686-mingw32/nios2-elf/lib\libm.a(lib_a-k_rem_pio2.o)
                0x00013420                __kernel_rem_pio2
 .text          0x000141cc      0x2d4 c:/altera/13.1/nios2eds/bin/gnu/h-i686-mingw32/bin/../lib/gcc/nios2-elf/4.7.3/../../../../../H-i686-mingw32/nios2-elf/lib\libm.a(lib_a-k_sin.o)
                0x000141cc                __kernel_sin
 .text          0x000144a0       0x14 c:/altera/13.1/nios2eds/bin/gnu/h-i686-mingw32/bin/../lib/gcc/nios2-elf/4.7.3/../../../../../H-i686-mingw32/nios2-elf/lib\libm.a(lib_a-s_fabs.o)
                0x000144a0                fabs
 .text          0x000144b4      0x1f0 c:/altera/13.1/nios2eds/bin/gnu/h-i686-mingw32/bin/../lib/gcc/nios2-elf/4.7.3/../../../../../H-i686-mingw32/nios2-elf/lib\libm.a(lib_a-s_floor.o)
                0x000144b4                floor
 .text          0x000146a4      0x194 c:/altera/13.1/nios2eds/bin/gnu/h-i686-mingw32/bin/../lib/gcc/nios2-elf/4.7.3/../../../../../H-i686-mingw32/nios2-elf/lib\libm.a(lib_a-s_scalbn.o)
                0x000146a4                scalbn
 .text          0x00014838       0x1c c:/altera/13.1/nios2eds/bin/gnu/h-i686-mingw32/bin/../lib/gcc/nios2-elf/4.7.3/../../../../../H-i686-mingw32/nios2-elf/lib\libm.a(lib_a-s_copysign.o)
                0x00014838                copysign
 .text          0x00014854       0x84 c:/altera/13.1/nios2eds/bin/gnu/h-i686-mingw32/bin/../lib/gcc/nios2-elf/4.7.3\libgcc.a(_fixunsdfsi.o)
                0x00014854                __fixunsdfsi
 .text          0x000148d8      0x298 c:/altera/13.1/nios2eds/bin/gnu/h-i686-mingw32/bin/../lib/gcc/nios2-elf/4.7.3\libgcc.a(_addsub_sf.o)
                0x00014acc                __addsf3
                0x00014b18                __subsf3
 .text          0x00014b70      0x190 c:/altera/13.1/nios2eds/bin/gnu/h-i686-mingw32/bin/../lib/gcc/nios2-elf/4.7.3\libgcc.a(_mul_sf.o)
                0x00014b70                __mulsf3
 .text          0x00014d00      0x13c c:/altera/13.1/nios2eds/bin/gnu/h-i686-mingw32/bin/../lib/gcc/nios2-elf/4.7.3\libgcc.a(_div_sf.o)
                0x00014d00                __divsf3
 .text          0x00014e3c       0xa4 c:/altera/13.1/nios2eds/bin/gnu/h-i686-mingw32/bin/../lib/gcc/nios2-elf/4.7.3\libgcc.a(_si_to_sf.o)
                0x00014e3c                __floatsisf
 .text          0x00014ee0       0xa4 c:/altera/13.1/nios2eds/bin/gnu/h-i686-mingw32/bin/../lib/gcc/nios2-elf/4.7.3\libgcc.a(_sf_to_si.o)
                0x00014ee0                __fixsfsi
 .text          0x00014f84       0x44 c:/altera/13.1/nios2eds/bin/gnu/h-i686-mingw32/bin/../lib/gcc/nios2-elf/4.7.3\libgcc.a(_sf_to_df.o)
                0x00014f84                __extendsfdf2
 .text          0x00014fc8        0x0 c:/altera/13.1/nios2eds/bin/gnu/h-i686-mingw32/bin/../lib/gcc/nios2-elf/4.7.3\libgcc.a(_thenan_sf.o)
 .text          0x00014fc8      0x408 c:/altera/13.1/nios2eds/bin/gnu/h-i686-mingw32/bin/../lib/gcc/nios2-elf/4.7.3\libgcc.a(_addsub_df.o)
                0x0001531c                __adddf3
                0x00015370                __subdf3
 .text          0x000153d0      0x2e4 c:/altera/13.1/nios2eds/bin/gnu/h-i686-mingw32/bin/../lib/gcc/nios2-elf/4.7.3\libgcc.a(_mul_df.o)
                0x000153d0                __muldf3
 .text          0x000156b4      0x1b4 c:/altera/13.1/nios2eds/bin/gnu/h-i686-mingw32/bin/../lib/gcc/nios2-elf/4.7.3\libgcc.a(_div_df.o)
                0x000156b4                __divdf3
 .text          0x00015868       0x5c c:/altera/13.1/nios2eds/bin/gnu/h-i686-mingw32/bin/../lib/gcc/nios2-elf/4.7.3\libgcc.a(_eq_df.o)
                0x00015868                __eqdf2
 .text          0x000158c4       0x64 c:/altera/13.1/nios2eds/bin/gnu/h-i686-mingw32/bin/../lib/gcc/nios2-elf/4.7.3\libgcc.a(_gt_df.o)
                0x000158c4                __gtdf2
 .text          0x00015928       0x64 c:/altera/13.1/nios2eds/bin/gnu/h-i686-mingw32/bin/../lib/gcc/nios2-elf/4.7.3\libgcc.a(_ge_df.o)
                0x00015928                __gedf2
 .text          0x0001598c       0xd4 c:/altera/13.1/nios2eds/bin/gnu/h-i686-mingw32/bin/../lib/gcc/nios2-elf/4.7.3\libgcc.a(_si_to_df.o)
                0x0001598c                __floatsidf
 .text          0x00015a60       0xd4 c:/altera/13.1/nios2eds/bin/gnu/h-i686-mingw32/bin/../lib/gcc/nios2-elf/4.7.3\libgcc.a(_df_to_si.o)
                0x00015a60                __fixdfsi
 .text          0x00015b34       0x38 c:/altera/13.1/nios2eds/bin/gnu/h-i686-mingw32/bin/../lib/gcc/nios2-elf/4.7.3\libgcc.a(_make_df.o)
                0x00015b34                __make_dp
 .text          0x00015b6c       0x60 c:/altera/13.1/nios2eds/bin/gnu/h-i686-mingw32/bin/../lib/gcc/nios2-elf/4.7.3\libgcc.a(_df_to_sf.o)
                0x00015b6c                __truncdfsf2
 .text          0x00015bcc        0x0 c:/altera/13.1/nios2eds/bin/gnu/h-i686-mingw32/bin/../lib/gcc/nios2-elf/4.7.3\libgcc.a(_thenan_df.o)
 .text          0x00015bcc      0x11c c:/altera/13.1/nios2eds/bin/gnu/h-i686-mingw32/bin/../lib/gcc/nios2-elf/4.7.3\libgcc.a(_usi_to_df.o)
                0x00015bcc                __floatunsidf
 .text          0x00015ce8      0x130 c:/altera/13.1/nios2eds/bin/gnu/h-i686-mingw32/bin/../lib/gcc/nios2-elf/4.7.3\libgcc.a(lib2-divmod.o)
                0x00015d5c                __divsi3
                0x00015dac                __modsi3
                0x00015e08                __udivsi3
                0x00015e10                __umodsi3
 .text          0x00015e18       0x60 c:/altera/13.1/nios2eds/bin/gnu/h-i686-mingw32/bin/../lib/gcc/nios2-elf/4.7.3\libgcc.a(_muldi3.o)
                0x00015e18                __muldi3
 .text          0x00015e78       0xac c:/altera/13.1/nios2eds/bin/gnu/h-i686-mingw32/bin/../lib/gcc/nios2-elf/4.7.3\libgcc.a(_clzsi2.o)
                0x00015e78                __clzsi2
 .text          0x00015f24      0x12c c:/altera/13.1/nios2eds/bin/gnu/h-i686-mingw32/bin/../lib/gcc/nios2-elf/4.7.3\libgcc.a(_pack_sf.o)
                0x00015f24                __pack_f
 .text          0x00016050       0xc8 c:/altera/13.1/nios2eds/bin/gnu/h-i686-mingw32/bin/../lib/gcc/nios2-elf/4.7.3\libgcc.a(_unpack_sf.o)
                0x00016050                __unpack_f
 .text          0x00016118       0x2c c:/altera/13.1/nios2eds/bin/gnu/h-i686-mingw32/bin/../lib/gcc/nios2-elf/4.7.3\libgcc.a(_make_sf.o)
                0x00016118                __make_fp
 .text          0x00016144      0x224 c:/altera/13.1/nios2eds/bin/gnu/h-i686-mingw32/bin/../lib/gcc/nios2-elf/4.7.3\libgcc.a(_pack_df.o)
                0x00016144                __pack_d
 .text          0x00016368      0x104 c:/altera/13.1/nios2eds/bin/gnu/h-i686-mingw32/bin/../lib/gcc/nios2-elf/4.7.3\libgcc.a(_unpack_df.o)
                0x00016368                __unpack_d
 .text          0x0001646c       0xd0 c:/altera/13.1/nios2eds/bin/gnu/h-i686-mingw32/bin/../lib/gcc/nios2-elf/4.7.3\libgcc.a(_fpcmp_parts_df.o)
                0x0001646c                __fpcmp_parts_d
 .text          0x0001653c       0x44 c:/altera/13.1/nios2eds/bin/gnu/h-i686-mingw32/bin/../lib/gcc/nios2-elf/4.7.3\libgcc.a(_lshrdi3.o)
                0x0001653c                __lshrdi3
 .text          0x00016580       0x44 c:/altera/13.1/nios2eds/bin/gnu/h-i686-mingw32/bin/../lib/gcc/nios2-elf/4.7.3\libgcc.a(_ashldi3.o)
                0x00016580                __ashldi3
 .text          0x000165c4        0x0 c:/altera/13.1/nios2eds/bin/gnu/h-i686-mingw32/bin/../lib/gcc/nios2-elf/4.7.3\libgcc.a(_clz.o)
 .text          0x000165c4       0x18 c:/altera/13.1/nios2eds/bin/gnu/h-i686-mingw32/bin/../lib/gcc/nios2-elf/4.7.3/../../../../../H-i686-mingw32/nios2-elf/lib\libsmallc.a(lib_a-atoi.o)
                0x000165c4                atoi
                0x000165d0                _atoi_r
 .text          0x000165dc       0x28 c:/altera/13.1/nios2eds/bin/gnu/h-i686-mingw32/bin/../lib/gcc/nios2-elf/4.7.3/../../../../../H-i686-mingw32/nios2-elf/lib\libsmallc.a(lib_a-memcpy.o)
                0x000165dc                memcpy
 .text          0x00016604       0x20 c:/altera/13.1/nios2eds/bin/gnu/h-i686-mingw32/bin/../lib/gcc/nios2-elf/4.7.3/../../../../../H-i686-mingw32/nios2-elf/lib\libsmallc.a(lib_a-memset.o)
                0x00016604                memset
 .text          0x00016624       0x88 c:/altera/13.1/nios2eds/bin/gnu/h-i686-mingw32/bin/../lib/gcc/nios2-elf/4.7.3/../../../../../H-i686-mingw32/nios2-elf/lib\libsmallc.a(lib_a-printf.o)
                0x00016624                _printf_r
                0x00016660                printf
 .text          0x000166ac       0x24 c:/altera/13.1/nios2eds/bin/gnu/h-i686-mingw32/bin/../lib/gcc/nios2-elf/4.7.3/../../../../../H-i686-mingw32/nios2-elf/lib\libsmallc.a(lib_a-putchar.o)
                0x000166ac                _putchar_r
                0x000166b4                putchar
 .text          0x000166d0       0x94 c:/altera/13.1/nios2eds/bin/gnu/h-i686-mingw32/bin/../lib/gcc/nios2-elf/4.7.3/../../../../../H-i686-mingw32/nios2-elf/lib\libsmallc.a(lib_a-puts.o)
                0x000166d0                _puts_r
                0x00016750                puts
 .text          0x00016764       0xe4 c:/altera/13.1/nios2eds/bin/gnu/h-i686-mingw32/bin/../lib/gcc/nios2-elf/4.7.3/../../../../../H-i686-mingw32/nios2-elf/lib\libsmallc.a(lib_a-sprintf.o)
                0x00016764                _sprintf_r
                0x000167cc                sprintf
 .text          0x00016848       0x54 c:/altera/13.1/nios2eds/bin/gnu/h-i686-mingw32/bin/../lib/gcc/nios2-elf/4.7.3/../../../../../H-i686-mingw32/nios2-elf/lib\libsmallc.a(lib_a-strchr.o)
                0x00016848                strchr
 .text          0x0001689c       0x28 c:/altera/13.1/nios2eds/bin/gnu/h-i686-mingw32/bin/../lib/gcc/nios2-elf/4.7.3/../../../../../H-i686-mingw32/nios2-elf/lib\libsmallc.a(lib_a-strlen.o)
                0x0001689c                strlen
 .text          0x000168c4       0x68 c:/altera/13.1/nios2eds/bin/gnu/h-i686-mingw32/bin/../lib/gcc/nios2-elf/4.7.3/../../../../../H-i686-mingw32/nios2-elf/lib\libsmallc.a(lib_a-strstr.o)
                0x000168c4                strstr
 .text          0x0001692c      0x288 c:/altera/13.1/nios2eds/bin/gnu/h-i686-mingw32/bin/../lib/gcc/nios2-elf/4.7.3/../../../../../H-i686-mingw32/nios2-elf/lib\libsmallc.a(lib_a-strtol.o)
                0x0001692c                _strtol_r
                0x00016b90                strtol
 .text          0x00016bb4      0x6e8 c:/altera/13.1/nios2eds/bin/gnu/h-i686-mingw32/bin/../lib/gcc/nios2-elf/4.7.3/../../../../../H-i686-mingw32/nios2-elf/lib\libsmallc.a(lib_a-vfprintf.o)
                0x00016bb4                ___vfprintf_internal_r
                0x00017278                __vfprintf_internal
 .text          0x0001729c        0x0 c:/altera/13.1/nios2eds/bin/gnu/h-i686-mingw32/bin/../lib/gcc/nios2-elf/4.7.3/../../../../../H-i686-mingw32/nios2-elf/lib\libsmallc.a(lib_a-ctype_.o)
 .text          0x0001729c       0xe0 c:/altera/13.1/nios2eds/bin/gnu/h-i686-mingw32/bin/../lib/gcc/nios2-elf/4.7.3/../../../../../H-i686-mingw32/nios2-elf/lib\libsmallc.a(lib_a-fvwrite_small_dev.o)
                0x0001729c                __sfvwrite_small_dev
 .text          0x0001737c       0xd4 c:/altera/13.1/nios2eds/bin/gnu/h-i686-mingw32/bin/../lib/gcc/nios2-elf/4.7.3/../../../../../H-i686-mingw32/nios2-elf/lib\libsmallc.a(lib_a-fvwrite_small_str.o)
                0x0001737c                __sfvwrite_small_str
 .text          0x00017450        0x0 c:/altera/13.1/nios2eds/bin/gnu/h-i686-mingw32/bin/../lib/gcc/nios2-elf/4.7.3/../../../../../H-i686-mingw32/nios2-elf/lib\libsmallc.a(lib_a-impure.o)
 .text          0x00017450       0x5c c:/altera/13.1/nios2eds/bin/gnu/h-i686-mingw32/bin/../lib/gcc/nios2-elf/4.7.3/../../../../../H-i686-mingw32/nios2-elf/lib\libsmallc.a(lib_a-memmove.o)
                0x00017450                memmove
 .text          0x000174ac       0xbc c:/altera/13.1/nios2eds/bin/gnu/h-i686-mingw32/bin/../lib/gcc/nios2-elf/4.7.3/../../../../../H-i686-mingw32/nios2-elf/lib\libsmallc.a(lib_a-putc.o)
                0x000174ac                putc
                0x00017508                _putc_r
 .text          0x00017568       0x6c c:/altera/13.1/nios2eds/bin/gnu/h-i686-mingw32/bin/../lib/gcc/nios2-elf/4.7.3/../../../../../H-i686-mingw32/nios2-elf/lib\libsmallc.a(lib_a-writer.o)
                0x00017568                _write_r
 .text          0x000175d4        0x0 c:/altera/13.1/nios2eds/bin/gnu/h-i686-mingw32/bin/../lib/gcc/nios2-elf/4.7.3/../../../../../H-i686-mingw32/nios2-elf/lib\libsmallc.a(lib_a-int_errno.o)
 .text          0x000175d4       0x3c ../demo_bsp/\libhal_bsp.a(alt_exit.o)
                0x000175d4                _exit
 .text          0x00017610      0x1d8 ../demo_bsp/\libhal_bsp.a(alt_iic.o)
                0x00017610                alt_ic_isr_register
                0x00017660                alt_ic_irq_enable
                0x000176fc                alt_ic_irq_disable
                0x0001779c                alt_ic_irq_enabled
 .text          0x000177e8       0xf0 ../demo_bsp/\libhal_bsp.a(alt_iic_isr_register.o)
                0x000177e8                alt_iic_isr_register
 .text          0x000178d8        0x0 ../demo_bsp/\libhal_bsp.a(alt_irq_entry.o)
 .text          0x000178d8        0x0 ../demo_bsp/\libhal_bsp.a(alt_irq_handler.o)
 .text          0x000178d8        0x0 ../demo_bsp/\libhal_bsp.a(alt_irq_vars.o)
 .text          0x000178d8       0xec ../demo_bsp/\libhal_bsp.a(alt_load.o)
                0x00017944                alt_load
 .text          0x000179c4       0x68 ../demo_bsp/\libhal_bsp.a(alt_main.o)
                0x000179c4                alt_main
 .text          0x00017a2c      0x13c ../demo_bsp/\libhal_bsp.a(alt_write.o)
                0x00017a7c                write
 .text          0x00017b68       0xc4 ../demo_bsp/\libhal_bsp.a(alt_sys_init.o)
                0x00017ba0                alt_irq_init
                0x00017bd4                alt_sys_init
 .text          0x00017c2c       0xc0 ../demo_bsp/\libhal_bsp.a(altera_avalon_jtag_uart_fd.o)
                0x00017c2c                altera_avalon_jtag_uart_read_fd
                0x00017c8c                altera_avalon_jtag_uart_write_fd
 .text          0x00017cec       0xf4 ../demo_bsp/\libhal_bsp.a(altera_avalon_jtag_uart_read.o)
                0x00017cec                altera_avalon_jtag_uart_read
 .text          0x00017de0       0x98 ../demo_bsp/\libhal_bsp.a(altera_avalon_jtag_uart_write.o)
                0x00017de0                altera_avalon_jtag_uart_write
 .text          0x00017e78       0xc0 ../demo_bsp/\libhal_bsp.a(altera_avalon_uart_fd.o)
                0x00017e78                altera_avalon_uart_read_fd
                0x00017ed8                altera_avalon_uart_write_fd
 .text          0x00017f38      0x110 ../demo_bsp/\libhal_bsp.a(altera_avalon_uart_read.o)
                0x00017f88                altera_avalon_uart_read
 .text          0x00018048      0x12c ../demo_bsp/\libhal_bsp.a(altera_avalon_uart_write.o)
                0x00018098                altera_avalon_uart_write
 .text          0x00018174      0x118 ../demo_bsp/\libhal_bsp.a(alt_close.o)
                0x000181c4                close
 .text          0x0001828c       0x1c ../demo_bsp/\libhal_bsp.a(alt_dcache_flush_all.o)
                0x0001828c                alt_dcache_flush_all
 .text          0x000182a8       0x2c ../demo_bsp/\libhal_bsp.a(alt_dev.o)
 .text          0x000182d4       0xf0 ../demo_bsp/\libhal_bsp.a(alt_dev_llist_insert.o)
                0x00018324                alt_dev_llist_insert
 .text          0x000183c4        0x0 ../demo_bsp/\libhal_bsp.a(alt_errno.o)
 .text          0x000183c4        0x0 ../demo_bsp/\libhal_bsp.a(alt_exception_entry.o)
 .text          0x000183c4       0x30 ../demo_bsp/\libhal_bsp.a(alt_icache_flush_all.o)
                0x000183c4                alt_icache_flush_all
 .text          0x000183f4      0x138 ../demo_bsp/\libhal_bsp.a(alt_io_redirect.o)
                0x000184b4                alt_io_redirect
 .text          0x0001852c      0x270 ../demo_bsp/\libhal_bsp.a(alt_open.o)
                0x00018648                open
 .text          0x0001879c       0x60 ../demo_bsp/\libhal_bsp.a(alt_release_fd.o)
                0x0001879c                alt_release_fd
 .text          0x000187fc       0x20 ../demo_bsp/\libhal_bsp.a(altera_nios2_qsys_irq.o)
                0x000187fc                altera_nios2_qsys_irq_init
 .text          0x0001881c       0x90 ../demo_bsp/\libhal_bsp.a(alt_find_dev.o)
                0x0001881c                alt_find_dev
 .text          0x000188ac      0x114 ../demo_bsp/\libhal_bsp.a(alt_find_file.o)
                0x000188ac                alt_find_file
 .text          0x000189c0       0xb4 ../demo_bsp/\libhal_bsp.a(alt_get_fd.o)
                0x000189c0                alt_get_fd
 .text          0x00018a74       0x8c ../demo_bsp/\libhal_bsp.a(alt_icache_flush.o)
                0x00018a74                alt_icache_flush
 .text          0x00018b00       0x48 c:/altera/13.1/nios2eds/bin/gnu/h-i686-mingw32/bin/../lib/gcc/nios2-elf/4.7.3/../../../../../H-i686-mingw32/nios2-elf/lib\libsmallc.a(lib_a-memcmp.o)
                0x00018b00                memcmp
 *(.gnu.warning.*)
 *(.fini)
                0x00018b48                PROVIDE (__etext, ABSOLUTE (.))
                0x00018b48                PROVIDE (_etext, ABSOLUTE (.))
                0x00018b48                PROVIDE (etext, ABSOLUTE (.))
 *(.eh_frame_hdr)
                0x00018b48                . = ALIGN (0x4)
                0x00018b48                PROVIDE (__preinit_array_start, ABSOLUTE (.))
 *(.preinit_array)
                0x00018b48                PROVIDE (__preinit_array_end, ABSOLUTE (.))
                0x00018b48                PROVIDE (__init_array_start, ABSOLUTE (.))
 *(.init_array)
                0x00018b48                PROVIDE (__init_array_end, ABSOLUTE (.))
                0x00018b48                PROVIDE (__fini_array_start, ABSOLUTE (.))
 *(.fini_array)
                0x00018b48                PROVIDE (__fini_array_end, ABSOLUTE (.))
 *(.eh_frame)
 *(.gcc_except_table .gcc_except_table.*)
 *(.dynamic)
                0x00018b48                PROVIDE (__CTOR_LIST__, ABSOLUTE (.))
 *(.ctors)
 *(SORT(.ctors.*))
                0x00018b48                PROVIDE (__CTOR_END__, ABSOLUTE (.))
                0x00018b48                PROVIDE (__DTOR_LIST__, ABSOLUTE (.))
 *(.dtors)
 *(SORT(.dtors.*))
                0x00018b48                PROVIDE (__DTOR_END__, ABSOLUTE (.))
 *(.jcr)
                0x00018b48                . = ALIGN (0x4)

.rodata         0x00018b48      0x768
                0x00018b48                PROVIDE (__ram_rodata_start, ABSOLUTE (.))
                0x00018b48                . = ALIGN (0x4)
 *(.rodata .rodata.* .gnu.linkonce.r.*)
 .rodata        0x00018b48      0x114 obj/default/hello_world.o
 .rodata        0x00018c5c       0x2c obj/default/log.o
 .rodata        0x00018c88       0x48 obj/default/message.o
 .rodata        0x00018cd0      0x188 c:/altera/13.1/nios2eds/bin/gnu/h-i686-mingw32/bin/../lib/gcc/nios2-elf/4.7.3/../../../../../H-i686-mingw32/nios2-elf/lib\libm.a(lib_a-e_rem_pio2.o)
 .rodata        0x00018e58       0x50 c:/altera/13.1/nios2eds/bin/gnu/h-i686-mingw32/bin/../lib/gcc/nios2-elf/4.7.3/../../../../../H-i686-mingw32/nios2-elf/lib\libm.a(lib_a-k_rem_pio2.o)
 .rodata        0x00018ea8       0x10 c:/altera/13.1/nios2eds/bin/gnu/h-i686-mingw32/bin/../lib/gcc/nios2-elf/4.7.3\libgcc.a(_thenan_sf.o)
                0x00018ea8                __thenan_sf
 .rodata        0x00018eb8       0x14 c:/altera/13.1/nios2eds/bin/gnu/h-i686-mingw32/bin/../lib/gcc/nios2-elf/4.7.3\libgcc.a(_thenan_df.o)
                0x00018eb8                __thenan_df
 .rodata        0x00018ecc      0x100 c:/altera/13.1/nios2eds/bin/gnu/h-i686-mingw32/bin/../lib/gcc/nios2-elf/4.7.3\libgcc.a(_clz.o)
                0x00018ecc                __clz_tab
 .rodata.str1.4
                0x00018fcc        0x4 c:/altera/13.1/nios2eds/bin/gnu/h-i686-mingw32/bin/../lib/gcc/nios2-elf/4.7.3/../../../../../H-i686-mingw32/nios2-elf/lib\libsmallc.a(lib_a-puts.o)
 .rodata        0x00018fd0      0x281 c:/altera/13.1/nios2eds/bin/gnu/h-i686-mingw32/bin/../lib/gcc/nios2-elf/4.7.3/../../../../../H-i686-mingw32/nios2-elf/lib\libsmallc.a(lib_a-ctype_.o)
                0x00018fd0                _ctype_
 *fill*         0x00019251        0x3 
 .rodata        0x00019254       0x10 ../demo_bsp/\libhal_bsp.a(alt_main.o)
 .rodata        0x00019264       0x40 ../demo_bsp/\libhal_bsp.a(alt_sys_init.o)
 .rodata        0x000192a4        0xc ../demo_bsp/\libhal_bsp.a(alt_dev.o)
 *(.rodata1)
                0x000192b0                . = ALIGN (0x4)
                0x000192b0                PROVIDE (__ram_rodata_end, ABSOLUTE (.))
                0x00018b48                PROVIDE (__flash_rodata_start, LOADADDR (.rodata))

.rwdata         0x000192b0      0x608 load address 0x000198b8
                0x000192b0                PROVIDE (__ram_rwdata_start, ABSOLUTE (.))
                0x000192b0                . = ALIGN (0x4)
 *(.got.plt)
 *(.got)
 *(.data1)
 *(.data .data.* .gnu.linkonce.d.*)
 .data          0x000192b0        0x0 ../demo_bsp//obj/HAL/src/crt0.o
 .data          0x000192b0        0x0 obj/default/ad.o
 .data          0x000192b0        0x0 obj/default/ad9833.o
 .data          0x000192b0        0x0 obj/default/fft.o
 .data          0x000192b0        0x0 obj/default/hello_world.o
 .data          0x000192b0        0x0 obj/default/log.o
 .data          0x000192b0        0x0 obj/default/message.o
 .data          0x000192b0      0x2a0 obj/default/uart.o
                0x000192b0                uart
                0x00019390                uart_input
                0x00019470                uart_output
 .data          0x00019550        0x0 c:/altera/13.1/nios2eds/bin/gnu/h-i686-mingw32/bin/../lib/gcc/nios2-elf/4.7.3/../../../../../H-i686-mingw32/nios2-elf/lib\libm.a(lib_a-s_cos.o)
 .data          0x00019550        0x0 c:/altera/13.1/nios2eds/bin/gnu/h-i686-mingw32/bin/../lib/gcc/nios2-elf/4.7.3/../../../../../H-i686-mingw32/nios2-elf/lib\libm.a(lib_a-s_sin.o)
 .data          0x00019550        0x0 c:/altera/13.1/nios2eds/bin/gnu/h-i686-mingw32/bin/../lib/gcc/nios2-elf/4.7.3/../../../../../H-i686-mingw32/nios2-elf/lib\libm.a(lib_a-e_rem_pio2.o)
 .data          0x00019550        0x0 c:/altera/13.1/nios2eds/bin/gnu/h-i686-mingw32/bin/../lib/gcc/nios2-elf/4.7.3/../../../../../H-i686-mingw32/nios2-elf/lib\libm.a(lib_a-k_cos.o)
 .data          0x00019550        0x0 c:/altera/13.1/nios2eds/bin/gnu/h-i686-mingw32/bin/../lib/gcc/nios2-elf/4.7.3/../../../../../H-i686-mingw32/nios2-elf/lib\libm.a(lib_a-k_rem_pio2.o)
 .data          0x00019550        0x0 c:/altera/13.1/nios2eds/bin/gnu/h-i686-mingw32/bin/../lib/gcc/nios2-elf/4.7.3/../../../../../H-i686-mingw32/nios2-elf/lib\libm.a(lib_a-k_sin.o)
 .data          0x00019550        0x0 c:/altera/13.1/nios2eds/bin/gnu/h-i686-mingw32/bin/../lib/gcc/nios2-elf/4.7.3/../../../../../H-i686-mingw32/nios2-elf/lib\libm.a(lib_a-s_fabs.o)
 .data          0x00019550        0x0 c:/altera/13.1/nios2eds/bin/gnu/h-i686-mingw32/bin/../lib/gcc/nios2-elf/4.7.3/../../../../../H-i686-mingw32/nios2-elf/lib\libm.a(lib_a-s_floor.o)
 .data          0x00019550        0x0 c:/altera/13.1/nios2eds/bin/gnu/h-i686-mingw32/bin/../lib/gcc/nios2-elf/4.7.3/../../../../../H-i686-mingw32/nios2-elf/lib\libm.a(lib_a-s_scalbn.o)
 .data          0x00019550        0x0 c:/altera/13.1/nios2eds/bin/gnu/h-i686-mingw32/bin/../lib/gcc/nios2-elf/4.7.3/../../../../../H-i686-mingw32/nios2-elf/lib\libm.a(lib_a-s_copysign.o)
 .data          0x00019550        0x0 c:/altera/13.1/nios2eds/bin/gnu/h-i686-mingw32/bin/../lib/gcc/nios2-elf/4.7.3\libgcc.a(_fixunsdfsi.o)
 .data          0x00019550        0x0 c:/altera/13.1/nios2eds/bin/gnu/h-i686-mingw32/bin/../lib/gcc/nios2-elf/4.7.3\libgcc.a(_addsub_sf.o)
 .data          0x00019550        0x0 c:/altera/13.1/nios2eds/bin/gnu/h-i686-mingw32/bin/../lib/gcc/nios2-elf/4.7.3\libgcc.a(_mul_sf.o)
 .data          0x00019550        0x0 c:/altera/13.1/nios2eds/bin/gnu/h-i686-mingw32/bin/../lib/gcc/nios2-elf/4.7.3\libgcc.a(_div_sf.o)
 .data          0x00019550        0x0 c:/altera/13.1/nios2eds/bin/gnu/h-i686-mingw32/bin/../lib/gcc/nios2-elf/4.7.3\libgcc.a(_si_to_sf.o)
 .data          0x00019550        0x0 c:/altera/13.1/nios2eds/bin/gnu/h-i686-mingw32/bin/../lib/gcc/nios2-elf/4.7.3\libgcc.a(_sf_to_si.o)
 .data          0x00019550        0x0 c:/altera/13.1/nios2eds/bin/gnu/h-i686-mingw32/bin/../lib/gcc/nios2-elf/4.7.3\libgcc.a(_sf_to_df.o)
 .data          0x00019550        0x0 c:/altera/13.1/nios2eds/bin/gnu/h-i686-mingw32/bin/../lib/gcc/nios2-elf/4.7.3\libgcc.a(_thenan_sf.o)
 .data          0x00019550        0x0 c:/altera/13.1/nios2eds/bin/gnu/h-i686-mingw32/bin/../lib/gcc/nios2-elf/4.7.3\libgcc.a(_addsub_df.o)
 .data          0x00019550        0x0 c:/altera/13.1/nios2eds/bin/gnu/h-i686-mingw32/bin/../lib/gcc/nios2-elf/4.7.3\libgcc.a(_mul_df.o)
 .data          0x00019550        0x0 c:/altera/13.1/nios2eds/bin/gnu/h-i686-mingw32/bin/../lib/gcc/nios2-elf/4.7.3\libgcc.a(_div_df.o)
 .data          0x00019550        0x0 c:/altera/13.1/nios2eds/bin/gnu/h-i686-mingw32/bin/../lib/gcc/nios2-elf/4.7.3\libgcc.a(_eq_df.o)
 .data          0x00019550        0x0 c:/altera/13.1/nios2eds/bin/gnu/h-i686-mingw32/bin/../lib/gcc/nios2-elf/4.7.3\libgcc.a(_gt_df.o)
 .data          0x00019550        0x0 c:/altera/13.1/nios2eds/bin/gnu/h-i686-mingw32/bin/../lib/gcc/nios2-elf/4.7.3\libgcc.a(_ge_df.o)
 .data          0x00019550        0x0 c:/altera/13.1/nios2eds/bin/gnu/h-i686-mingw32/bin/../lib/gcc/nios2-elf/4.7.3\libgcc.a(_si_to_df.o)
 .data          0x00019550        0x0 c:/altera/13.1/nios2eds/bin/gnu/h-i686-mingw32/bin/../lib/gcc/nios2-elf/4.7.3\libgcc.a(_df_to_si.o)
 .data          0x00019550        0x0 c:/altera/13.1/nios2eds/bin/gnu/h-i686-mingw32/bin/../lib/gcc/nios2-elf/4.7.3\libgcc.a(_make_df.o)
 .data          0x00019550        0x0 c:/altera/13.1/nios2eds/bin/gnu/h-i686-mingw32/bin/../lib/gcc/nios2-elf/4.7.3\libgcc.a(_df_to_sf.o)
 .data          0x00019550        0x0 c:/altera/13.1/nios2eds/bin/gnu/h-i686-mingw32/bin/../lib/gcc/nios2-elf/4.7.3\libgcc.a(_thenan_df.o)
 .data          0x00019550        0x0 c:/altera/13.1/nios2eds/bin/gnu/h-i686-mingw32/bin/../lib/gcc/nios2-elf/4.7.3\libgcc.a(_usi_to_df.o)
 .data          0x00019550        0x0 c:/altera/13.1/nios2eds/bin/gnu/h-i686-mingw32/bin/../lib/gcc/nios2-elf/4.7.3\libgcc.a(lib2-divmod.o)
 .data          0x00019550        0x0 c:/altera/13.1/nios2eds/bin/gnu/h-i686-mingw32/bin/../lib/gcc/nios2-elf/4.7.3\libgcc.a(_muldi3.o)
 .data          0x00019550        0x0 c:/altera/13.1/nios2eds/bin/gnu/h-i686-mingw32/bin/../lib/gcc/nios2-elf/4.7.3\libgcc.a(_clzsi2.o)
 .data          0x00019550        0x0 c:/altera/13.1/nios2eds/bin/gnu/h-i686-mingw32/bin/../lib/gcc/nios2-elf/4.7.3\libgcc.a(_pack_sf.o)
 .data          0x00019550        0x0 c:/altera/13.1/nios2eds/bin/gnu/h-i686-mingw32/bin/../lib/gcc/nios2-elf/4.7.3\libgcc.a(_unpack_sf.o)
 .data          0x00019550        0x0 c:/altera/13.1/nios2eds/bin/gnu/h-i686-mingw32/bin/../lib/gcc/nios2-elf/4.7.3\libgcc.a(_make_sf.o)
 .data          0x00019550        0x0 c:/altera/13.1/nios2eds/bin/gnu/h-i686-mingw32/bin/../lib/gcc/nios2-elf/4.7.3\libgcc.a(_pack_df.o)
 .data          0x00019550        0x0 c:/altera/13.1/nios2eds/bin/gnu/h-i686-mingw32/bin/../lib/gcc/nios2-elf/4.7.3\libgcc.a(_unpack_df.o)
 .data          0x00019550        0x0 c:/altera/13.1/nios2eds/bin/gnu/h-i686-mingw32/bin/../lib/gcc/nios2-elf/4.7.3\libgcc.a(_fpcmp_parts_df.o)
 .data          0x00019550        0x0 c:/altera/13.1/nios2eds/bin/gnu/h-i686-mingw32/bin/../lib/gcc/nios2-elf/4.7.3\libgcc.a(_lshrdi3.o)
 .data          0x00019550        0x0 c:/altera/13.1/nios2eds/bin/gnu/h-i686-mingw32/bin/../lib/gcc/nios2-elf/4.7.3\libgcc.a(_ashldi3.o)
 .data          0x00019550        0x0 c:/altera/13.1/nios2eds/bin/gnu/h-i686-mingw32/bin/../lib/gcc/nios2-elf/4.7.3\libgcc.a(_clz.o)
 .data          0x00019550        0x0 c:/altera/13.1/nios2eds/bin/gnu/h-i686-mingw32/bin/../lib/gcc/nios2-elf/4.7.3/../../../../../H-i686-mingw32/nios2-elf/lib\libsmallc.a(lib_a-atoi.o)
 .data          0x00019550        0x0 c:/altera/13.1/nios2eds/bin/gnu/h-i686-mingw32/bin/../lib/gcc/nios2-elf/4.7.3/../../../../../H-i686-mingw32/nios2-elf/lib\libsmallc.a(lib_a-memcpy.o)
 .data          0x00019550        0x0 c:/altera/13.1/nios2eds/bin/gnu/h-i686-mingw32/bin/../lib/gcc/nios2-elf/4.7.3/../../../../../H-i686-mingw32/nios2-elf/lib\libsmallc.a(lib_a-memset.o)
 .data          0x00019550        0x0 c:/altera/13.1/nios2eds/bin/gnu/h-i686-mingw32/bin/../lib/gcc/nios2-elf/4.7.3/../../../../../H-i686-mingw32/nios2-elf/lib\libsmallc.a(lib_a-printf.o)
 .data          0x00019550        0x0 c:/altera/13.1/nios2eds/bin/gnu/h-i686-mingw32/bin/../lib/gcc/nios2-elf/4.7.3/../../../../../H-i686-mingw32/nios2-elf/lib\libsmallc.a(lib_a-putchar.o)
 .data          0x00019550        0x0 c:/altera/13.1/nios2eds/bin/gnu/h-i686-mingw32/bin/../lib/gcc/nios2-elf/4.7.3/../../../../../H-i686-mingw32/nios2-elf/lib\libsmallc.a(lib_a-puts.o)
 .data          0x00019550        0x0 c:/altera/13.1/nios2eds/bin/gnu/h-i686-mingw32/bin/../lib/gcc/nios2-elf/4.7.3/../../../../../H-i686-mingw32/nios2-elf/lib\libsmallc.a(lib_a-sprintf.o)
 .data          0x00019550        0x0 c:/altera/13.1/nios2eds/bin/gnu/h-i686-mingw32/bin/../lib/gcc/nios2-elf/4.7.3/../../../../../H-i686-mingw32/nios2-elf/lib\libsmallc.a(lib_a-strchr.o)
 .data          0x00019550        0x0 c:/altera/13.1/nios2eds/bin/gnu/h-i686-mingw32/bin/../lib/gcc/nios2-elf/4.7.3/../../../../../H-i686-mingw32/nios2-elf/lib\libsmallc.a(lib_a-strlen.o)
 .data          0x00019550        0x0 c:/altera/13.1/nios2eds/bin/gnu/h-i686-mingw32/bin/../lib/gcc/nios2-elf/4.7.3/../../../../../H-i686-mingw32/nios2-elf/lib\libsmallc.a(lib_a-strstr.o)
 .data          0x00019550        0x0 c:/altera/13.1/nios2eds/bin/gnu/h-i686-mingw32/bin/../lib/gcc/nios2-elf/4.7.3/../../../../../H-i686-mingw32/nios2-elf/lib\libsmallc.a(lib_a-strtol.o)
 .data          0x00019550        0x0 c:/altera/13.1/nios2eds/bin/gnu/h-i686-mingw32/bin/../lib/gcc/nios2-elf/4.7.3/../../../../../H-i686-mingw32/nios2-elf/lib\libsmallc.a(lib_a-vfprintf.o)
 .data          0x00019550        0x0 c:/altera/13.1/nios2eds/bin/gnu/h-i686-mingw32/bin/../lib/gcc/nios2-elf/4.7.3/../../../../../H-i686-mingw32/nios2-elf/lib\libsmallc.a(lib_a-ctype_.o)
 .data          0x00019550        0x0 c:/altera/13.1/nios2eds/bin/gnu/h-i686-mingw32/bin/../lib/gcc/nios2-elf/4.7.3/../../../../../H-i686-mingw32/nios2-elf/lib\libsmallc.a(lib_a-fvwrite_small_dev.o)
 .data          0x00019550        0x0 c:/altera/13.1/nios2eds/bin/gnu/h-i686-mingw32/bin/../lib/gcc/nios2-elf/4.7.3/../../../../../H-i686-mingw32/nios2-elf/lib\libsmallc.a(lib_a-fvwrite_small_str.o)
 .data          0x00019550       0xe0 c:/altera/13.1/nios2eds/bin/gnu/h-i686-mingw32/bin/../lib/gcc/nios2-elf/4.7.3/../../../../../H-i686-mingw32/nios2-elf/lib\libsmallc.a(lib_a-impure.o)
 .data          0x00019630        0x0 c:/altera/13.1/nios2eds/bin/gnu/h-i686-mingw32/bin/../lib/gcc/nios2-elf/4.7.3/../../../../../H-i686-mingw32/nios2-elf/lib\libsmallc.a(lib_a-memmove.o)
 .data          0x00019630        0x0 c:/altera/13.1/nios2eds/bin/gnu/h-i686-mingw32/bin/../lib/gcc/nios2-elf/4.7.3/../../../../../H-i686-mingw32/nios2-elf/lib\libsmallc.a(lib_a-putc.o)
 .data          0x00019630        0x0 c:/altera/13.1/nios2eds/bin/gnu/h-i686-mingw32/bin/../lib/gcc/nios2-elf/4.7.3/../../../../../H-i686-mingw32/nios2-elf/lib\libsmallc.a(lib_a-writer.o)
 .data          0x00019630        0x0 c:/altera/13.1/nios2eds/bin/gnu/h-i686-mingw32/bin/../lib/gcc/nios2-elf/4.7.3/../../../../../H-i686-mingw32/nios2-elf/lib\libsmallc.a(lib_a-int_errno.o)
 .data          0x00019630        0x0 ../demo_bsp/\libhal_bsp.a(alt_exit.o)
 .data          0x00019630        0x0 ../demo_bsp/\libhal_bsp.a(alt_iic.o)
 .data          0x00019630        0x0 ../demo_bsp/\libhal_bsp.a(alt_iic_isr_register.o)
 .data          0x00019630        0x0 ../demo_bsp/\libhal_bsp.a(alt_irq_entry.o)
 .data          0x00019630        0x0 ../demo_bsp/\libhal_bsp.a(alt_irq_handler.o)
 .data          0x00019630        0x0 ../demo_bsp/\libhal_bsp.a(alt_irq_vars.o)
 .data          0x00019630        0x0 ../demo_bsp/\libhal_bsp.a(alt_load.o)
 .data          0x00019630        0x0 ../demo_bsp/\libhal_bsp.a(alt_main.o)
 .data          0x00019630        0x0 ../demo_bsp/\libhal_bsp.a(alt_write.o)
 .data          0x00019630       0xb0 ../demo_bsp/\libhal_bsp.a(alt_sys_init.o)
 .data          0x000196e0        0x0 ../demo_bsp/\libhal_bsp.a(altera_avalon_jtag_uart_fd.o)
 .data          0x000196e0        0x0 ../demo_bsp/\libhal_bsp.a(altera_avalon_jtag_uart_read.o)
 .data          0x000196e0        0x0 ../demo_bsp/\libhal_bsp.a(altera_avalon_jtag_uart_write.o)
 .data          0x000196e0        0x0 ../demo_bsp/\libhal_bsp.a(altera_avalon_uart_fd.o)
 .data          0x000196e0        0x0 ../demo_bsp/\libhal_bsp.a(altera_avalon_uart_read.o)
 .data          0x000196e0        0x0 ../demo_bsp/\libhal_bsp.a(altera_avalon_uart_write.o)
 .data          0x000196e0        0x0 ../demo_bsp/\libhal_bsp.a(alt_close.o)
 .data          0x000196e0        0x0 ../demo_bsp/\libhal_bsp.a(alt_dcache_flush_all.o)
 .data          0x000196e0      0x1a8 ../demo_bsp/\libhal_bsp.a(alt_dev.o)
                0x000196e0                alt_dev_null
                0x00019708                alt_fd_list
 .data          0x00019888        0x0 ../demo_bsp/\libhal_bsp.a(alt_dev_llist_insert.o)
 .data          0x00019888        0x0 ../demo_bsp/\libhal_bsp.a(alt_errno.o)
 .data          0x00019888        0x0 ../demo_bsp/\libhal_bsp.a(alt_exception_entry.o)
 .data          0x00019888        0x0 ../demo_bsp/\libhal_bsp.a(alt_icache_flush_all.o)
 .data          0x00019888        0x0 ../demo_bsp/\libhal_bsp.a(alt_io_redirect.o)
 .data          0x00019888        0x0 ../demo_bsp/\libhal_bsp.a(alt_open.o)
 .data          0x00019888        0x0 ../demo_bsp/\libhal_bsp.a(alt_release_fd.o)
 .data          0x00019888        0x0 ../demo_bsp/\libhal_bsp.a(altera_nios2_qsys_irq.o)
 .data          0x00019888        0x0 ../demo_bsp/\libhal_bsp.a(alt_find_dev.o)
 .data          0x00019888        0x0 ../demo_bsp/\libhal_bsp.a(alt_find_file.o)
 .data          0x00019888        0x0 ../demo_bsp/\libhal_bsp.a(alt_get_fd.o)
 .data          0x00019888        0x0 ../demo_bsp/\libhal_bsp.a(alt_icache_flush.o)
 .data          0x00019888        0x0 c:/altera/13.1/nios2eds/bin/gnu/h-i686-mingw32/bin/../lib/gcc/nios2-elf/4.7.3/../../../../../H-i686-mingw32/nios2-elf/lib\libsmallc.a(lib_a-memcmp.o)
                0x00021888                _gp = ABSOLUTE ((. + 0x8000))
                0x00021888                PROVIDE (gp, _gp)
 *(.rwdata .rwdata.*)
 *(.sdata .sdata.* .gnu.linkonce.s.*)
 .sdata         0x00019888        0x8 obj/default/hello_world.o
 .sdata         0x00019890        0x4 c:/altera/13.1/nios2eds/bin/gnu/h-i686-mingw32/bin/../lib/gcc/nios2-elf/4.7.3/../../../../../H-i686-mingw32/nios2-elf/lib\libsmallc.a(lib_a-ctype_.o)
                0x00019890                __ctype_ptr
 .sdata         0x00019894        0x8 c:/altera/13.1/nios2eds/bin/gnu/h-i686-mingw32/bin/../lib/gcc/nios2-elf/4.7.3/../../../../../H-i686-mingw32/nios2-elf/lib\libsmallc.a(lib_a-impure.o)
                0x00019894                _global_impure_ptr
                0x00019898                _impure_ptr
 .sdata         0x0001989c        0x4 ../demo_bsp/\libhal_bsp.a(alt_irq_vars.o)
                0x0001989c                alt_priority_mask
 .sdata         0x000198a0       0x14 ../demo_bsp/\libhal_bsp.a(alt_dev.o)
                0x000198a0                alt_fs_list
                0x000198a8                alt_dev_list
                0x000198b0                alt_max_fd
 .sdata         0x000198b4        0x4 ../demo_bsp/\libhal_bsp.a(alt_errno.o)
                0x000198b4                alt_errno
 *(.sdata2 .sdata2.* .gnu.linkonce.s2.*)
                0x000198b8                . = ALIGN (0x4)
                0x000198b8                _edata = ABSOLUTE (.)
                0x000198b8                PROVIDE (edata, ABSOLUTE (.))
                0x000198b8                PROVIDE (__ram_rwdata_end, ABSOLUTE (.))
                0x000198b8                PROVIDE (__flash_rwdata_start, LOADADDR (.rwdata))

.bss            0x00019ec0      0x2e0
                0x00019ec0                __bss_start = ABSOLUTE (.)
                0x00019ec0                PROVIDE (__sbss_start, ABSOLUTE (.))
                0x00019ec0                PROVIDE (___sbss_start, ABSOLUTE (.))
 *(.dynsbss)
 *(.sbss .sbss.* .gnu.linkonce.sb.*)
 .sbss          0x00019ec0        0x4 obj/default/ad9833.o
                0x00019ec0                value
 .sbss          0x00019ec4        0x4 c:/altera/13.1/nios2eds/bin/gnu/h-i686-mingw32/bin/../lib/gcc/nios2-elf/4.7.3/../../../../../H-i686-mingw32/nios2-elf/lib\libsmallc.a(lib_a-int_errno.o)
                0x00019ec4                errno
 .sbss          0x00019ec8        0x4 ../demo_bsp/\libhal_bsp.a(alt_irq_vars.o)
                0x00019ec8                alt_irq_active
 .sbss          0x00019ecc        0xc ../demo_bsp/\libhal_bsp.a(alt_main.o)
                0x00019ecc                alt_argc
                0x00019ed0                alt_argv
                0x00019ed4                alt_envp
 *(.sbss2 .sbss2.* .gnu.linkonce.sb2.*)
 *(.scommon)
                0x00019ed8                PROVIDE (__sbss_end, ABSOLUTE (.))
                0x00019ed8                PROVIDE (___sbss_end, ABSOLUTE (.))
 *(.dynbss)
 *(.bss .bss.* .gnu.linkonce.b.*)
 .bss           0x00019ed8        0x0 ../demo_bsp//obj/HAL/src/crt0.o
 .bss           0x00019ed8        0x0 obj/default/ad.o
 .bss           0x00019ed8        0x0 obj/default/ad9833.o
 .bss           0x00019ed8        0x0 obj/default/fft.o
 .bss           0x00019ed8      0x144 obj/default/hello_world.o
                0x00019ed8                input
                0x00019f58                output
                0x00019fd8                FInfo
                0x00019ff0                ReceiveMessage
                0x0001a004                Result
 .bss           0x0001a01c        0x0 obj/default/log.o
 .bss           0x0001a01c        0x0 obj/default/message.o
 .bss           0x0001a01c        0x0 obj/default/uart.o
 .bss           0x0001a01c        0x0 c:/altera/13.1/nios2eds/bin/gnu/h-i686-mingw32/bin/../lib/gcc/nios2-elf/4.7.3/../../../../../H-i686-mingw32/nios2-elf/lib\libm.a(lib_a-s_cos.o)
 .bss           0x0001a01c        0x0 c:/altera/13.1/nios2eds/bin/gnu/h-i686-mingw32/bin/../lib/gcc/nios2-elf/4.7.3/../../../../../H-i686-mingw32/nios2-elf/lib\libm.a(lib_a-s_sin.o)
 .bss           0x0001a01c        0x0 c:/altera/13.1/nios2eds/bin/gnu/h-i686-mingw32/bin/../lib/gcc/nios2-elf/4.7.3/../../../../../H-i686-mingw32/nios2-elf/lib\libm.a(lib_a-e_rem_pio2.o)
 .bss           0x0001a01c        0x0 c:/altera/13.1/nios2eds/bin/gnu/h-i686-mingw32/bin/../lib/gcc/nios2-elf/4.7.3/../../../../../H-i686-mingw32/nios2-elf/lib\libm.a(lib_a-k_cos.o)
 .bss           0x0001a01c        0x0 c:/altera/13.1/nios2eds/bin/gnu/h-i686-mingw32/bin/../lib/gcc/nios2-elf/4.7.3/../../../../../H-i686-mingw32/nios2-elf/lib\libm.a(lib_a-k_rem_pio2.o)
 .bss           0x0001a01c        0x0 c:/altera/13.1/nios2eds/bin/gnu/h-i686-mingw32/bin/../lib/gcc/nios2-elf/4.7.3/../../../../../H-i686-mingw32/nios2-elf/lib\libm.a(lib_a-k_sin.o)
 .bss           0x0001a01c        0x0 c:/altera/13.1/nios2eds/bin/gnu/h-i686-mingw32/bin/../lib/gcc/nios2-elf/4.7.3/../../../../../H-i686-mingw32/nios2-elf/lib\libm.a(lib_a-s_fabs.o)
 .bss           0x0001a01c        0x0 c:/altera/13.1/nios2eds/bin/gnu/h-i686-mingw32/bin/../lib/gcc/nios2-elf/4.7.3/../../../../../H-i686-mingw32/nios2-elf/lib\libm.a(lib_a-s_floor.o)
 .bss           0x0001a01c        0x0 c:/altera/13.1/nios2eds/bin/gnu/h-i686-mingw32/bin/../lib/gcc/nios2-elf/4.7.3/../../../../../H-i686-mingw32/nios2-elf/lib\libm.a(lib_a-s_scalbn.o)
 .bss           0x0001a01c        0x0 c:/altera/13.1/nios2eds/bin/gnu/h-i686-mingw32/bin/../lib/gcc/nios2-elf/4.7.3/../../../../../H-i686-mingw32/nios2-elf/lib\libm.a(lib_a-s_copysign.o)
 .bss           0x0001a01c        0x0 c:/altera/13.1/nios2eds/bin/gnu/h-i686-mingw32/bin/../lib/gcc/nios2-elf/4.7.3\libgcc.a(_fixunsdfsi.o)
 .bss           0x0001a01c        0x0 c:/altera/13.1/nios2eds/bin/gnu/h-i686-mingw32/bin/../lib/gcc/nios2-elf/4.7.3\libgcc.a(_addsub_sf.o)
 .bss           0x0001a01c        0x0 c:/altera/13.1/nios2eds/bin/gnu/h-i686-mingw32/bin/../lib/gcc/nios2-elf/4.7.3\libgcc.a(_mul_sf.o)
 .bss           0x0001a01c        0x0 c:/altera/13.1/nios2eds/bin/gnu/h-i686-mingw32/bin/../lib/gcc/nios2-elf/4.7.3\libgcc.a(_div_sf.o)
 .bss           0x0001a01c        0x0 c:/altera/13.1/nios2eds/bin/gnu/h-i686-mingw32/bin/../lib/gcc/nios2-elf/4.7.3\libgcc.a(_si_to_sf.o)
 .bss           0x0001a01c        0x0 c:/altera/13.1/nios2eds/bin/gnu/h-i686-mingw32/bin/../lib/gcc/nios2-elf/4.7.3\libgcc.a(_sf_to_si.o)
 .bss           0x0001a01c        0x0 c:/altera/13.1/nios2eds/bin/gnu/h-i686-mingw32/bin/../lib/gcc/nios2-elf/4.7.3\libgcc.a(_sf_to_df.o)
 .bss           0x0001a01c        0x0 c:/altera/13.1/nios2eds/bin/gnu/h-i686-mingw32/bin/../lib/gcc/nios2-elf/4.7.3\libgcc.a(_thenan_sf.o)
 .bss           0x0001a01c        0x0 c:/altera/13.1/nios2eds/bin/gnu/h-i686-mingw32/bin/../lib/gcc/nios2-elf/4.7.3\libgcc.a(_addsub_df.o)
 .bss           0x0001a01c        0x0 c:/altera/13.1/nios2eds/bin/gnu/h-i686-mingw32/bin/../lib/gcc/nios2-elf/4.7.3\libgcc.a(_mul_df.o)
 .bss           0x0001a01c        0x0 c:/altera/13.1/nios2eds/bin/gnu/h-i686-mingw32/bin/../lib/gcc/nios2-elf/4.7.3\libgcc.a(_div_df.o)
 .bss           0x0001a01c        0x0 c:/altera/13.1/nios2eds/bin/gnu/h-i686-mingw32/bin/../lib/gcc/nios2-elf/4.7.3\libgcc.a(_eq_df.o)
 .bss           0x0001a01c        0x0 c:/altera/13.1/nios2eds/bin/gnu/h-i686-mingw32/bin/../lib/gcc/nios2-elf/4.7.3\libgcc.a(_gt_df.o)
 .bss           0x0001a01c        0x0 c:/altera/13.1/nios2eds/bin/gnu/h-i686-mingw32/bin/../lib/gcc/nios2-elf/4.7.3\libgcc.a(_ge_df.o)
 .bss           0x0001a01c        0x0 c:/altera/13.1/nios2eds/bin/gnu/h-i686-mingw32/bin/../lib/gcc/nios2-elf/4.7.3\libgcc.a(_si_to_df.o)
 .bss           0x0001a01c        0x0 c:/altera/13.1/nios2eds/bin/gnu/h-i686-mingw32/bin/../lib/gcc/nios2-elf/4.7.3\libgcc.a(_df_to_si.o)
 .bss           0x0001a01c        0x0 c:/altera/13.1/nios2eds/bin/gnu/h-i686-mingw32/bin/../lib/gcc/nios2-elf/4.7.3\libgcc.a(_make_df.o)
 .bss           0x0001a01c        0x0 c:/altera/13.1/nios2eds/bin/gnu/h-i686-mingw32/bin/../lib/gcc/nios2-elf/4.7.3\libgcc.a(_df_to_sf.o)
 .bss           0x0001a01c        0x0 c:/altera/13.1/nios2eds/bin/gnu/h-i686-mingw32/bin/../lib/gcc/nios2-elf/4.7.3\libgcc.a(_thenan_df.o)
 .bss           0x0001a01c        0x0 c:/altera/13.1/nios2eds/bin/gnu/h-i686-mingw32/bin/../lib/gcc/nios2-elf/4.7.3\libgcc.a(_usi_to_df.o)
 .bss           0x0001a01c        0x0 c:/altera/13.1/nios2eds/bin/gnu/h-i686-mingw32/bin/../lib/gcc/nios2-elf/4.7.3\libgcc.a(lib2-divmod.o)
 .bss           0x0001a01c        0x0 c:/altera/13.1/nios2eds/bin/gnu/h-i686-mingw32/bin/../lib/gcc/nios2-elf/4.7.3\libgcc.a(_muldi3.o)
 .bss           0x0001a01c        0x0 c:/altera/13.1/nios2eds/bin/gnu/h-i686-mingw32/bin/../lib/gcc/nios2-elf/4.7.3\libgcc.a(_clzsi2.o)
 .bss           0x0001a01c        0x0 c:/altera/13.1/nios2eds/bin/gnu/h-i686-mingw32/bin/../lib/gcc/nios2-elf/4.7.3\libgcc.a(_pack_sf.o)
 .bss           0x0001a01c        0x0 c:/altera/13.1/nios2eds/bin/gnu/h-i686-mingw32/bin/../lib/gcc/nios2-elf/4.7.3\libgcc.a(_unpack_sf.o)
 .bss           0x0001a01c        0x0 c:/altera/13.1/nios2eds/bin/gnu/h-i686-mingw32/bin/../lib/gcc/nios2-elf/4.7.3\libgcc.a(_make_sf.o)
 .bss           0x0001a01c        0x0 c:/altera/13.1/nios2eds/bin/gnu/h-i686-mingw32/bin/../lib/gcc/nios2-elf/4.7.3\libgcc.a(_pack_df.o)
 .bss           0x0001a01c        0x0 c:/altera/13.1/nios2eds/bin/gnu/h-i686-mingw32/bin/../lib/gcc/nios2-elf/4.7.3\libgcc.a(_unpack_df.o)
 .bss           0x0001a01c        0x0 c:/altera/13.1/nios2eds/bin/gnu/h-i686-mingw32/bin/../lib/gcc/nios2-elf/4.7.3\libgcc.a(_fpcmp_parts_df.o)
 .bss           0x0001a01c        0x0 c:/altera/13.1/nios2eds/bin/gnu/h-i686-mingw32/bin/../lib/gcc/nios2-elf/4.7.3\libgcc.a(_lshrdi3.o)
 .bss           0x0001a01c        0x0 c:/altera/13.1/nios2eds/bin/gnu/h-i686-mingw32/bin/../lib/gcc/nios2-elf/4.7.3\libgcc.a(_ashldi3.o)
 .bss           0x0001a01c        0x0 c:/altera/13.1/nios2eds/bin/gnu/h-i686-mingw32/bin/../lib/gcc/nios2-elf/4.7.3\libgcc.a(_clz.o)
 .bss           0x0001a01c        0x0 c:/altera/13.1/nios2eds/bin/gnu/h-i686-mingw32/bin/../lib/gcc/nios2-elf/4.7.3/../../../../../H-i686-mingw32/nios2-elf/lib\libsmallc.a(lib_a-atoi.o)
 .bss           0x0001a01c        0x0 c:/altera/13.1/nios2eds/bin/gnu/h-i686-mingw32/bin/../lib/gcc/nios2-elf/4.7.3/../../../../../H-i686-mingw32/nios2-elf/lib\libsmallc.a(lib_a-memcpy.o)
 .bss           0x0001a01c        0x0 c:/altera/13.1/nios2eds/bin/gnu/h-i686-mingw32/bin/../lib/gcc/nios2-elf/4.7.3/../../../../../H-i686-mingw32/nios2-elf/lib\libsmallc.a(lib_a-memset.o)
 .bss           0x0001a01c        0x0 c:/altera/13.1/nios2eds/bin/gnu/h-i686-mingw32/bin/../lib/gcc/nios2-elf/4.7.3/../../../../../H-i686-mingw32/nios2-elf/lib\libsmallc.a(lib_a-printf.o)
 .bss           0x0001a01c        0x0 c:/altera/13.1/nios2eds/bin/gnu/h-i686-mingw32/bin/../lib/gcc/nios2-elf/4.7.3/../../../../../H-i686-mingw32/nios2-elf/lib\libsmallc.a(lib_a-putchar.o)
 .bss           0x0001a01c        0x0 c:/altera/13.1/nios2eds/bin/gnu/h-i686-mingw32/bin/../lib/gcc/nios2-elf/4.7.3/../../../../../H-i686-mingw32/nios2-elf/lib\libsmallc.a(lib_a-puts.o)
 .bss           0x0001a01c        0x0 c:/altera/13.1/nios2eds/bin/gnu/h-i686-mingw32/bin/../lib/gcc/nios2-elf/4.7.3/../../../../../H-i686-mingw32/nios2-elf/lib\libsmallc.a(lib_a-sprintf.o)
 .bss           0x0001a01c        0x0 c:/altera/13.1/nios2eds/bin/gnu/h-i686-mingw32/bin/../lib/gcc/nios2-elf/4.7.3/../../../../../H-i686-mingw32/nios2-elf/lib\libsmallc.a(lib_a-strchr.o)
 .bss           0x0001a01c        0x0 c:/altera/13.1/nios2eds/bin/gnu/h-i686-mingw32/bin/../lib/gcc/nios2-elf/4.7.3/../../../../../H-i686-mingw32/nios2-elf/lib\libsmallc.a(lib_a-strlen.o)
 .bss           0x0001a01c        0x0 c:/altera/13.1/nios2eds/bin/gnu/h-i686-mingw32/bin/../lib/gcc/nios2-elf/4.7.3/../../../../../H-i686-mingw32/nios2-elf/lib\libsmallc.a(lib_a-strstr.o)
 .bss           0x0001a01c        0x0 c:/altera/13.1/nios2eds/bin/gnu/h-i686-mingw32/bin/../lib/gcc/nios2-elf/4.7.3/../../../../../H-i686-mingw32/nios2-elf/lib\libsmallc.a(lib_a-strtol.o)
 .bss           0x0001a01c        0x0 c:/altera/13.1/nios2eds/bin/gnu/h-i686-mingw32/bin/../lib/gcc/nios2-elf/4.7.3/../../../../../H-i686-mingw32/nios2-elf/lib\libsmallc.a(lib_a-vfprintf.o)
 .bss           0x0001a01c        0x0 c:/altera/13.1/nios2eds/bin/gnu/h-i686-mingw32/bin/../lib/gcc/nios2-elf/4.7.3/../../../../../H-i686-mingw32/nios2-elf/lib\libsmallc.a(lib_a-ctype_.o)
 .bss           0x0001a01c        0x0 c:/altera/13.1/nios2eds/bin/gnu/h-i686-mingw32/bin/../lib/gcc/nios2-elf/4.7.3/../../../../../H-i686-mingw32/nios2-elf/lib\libsmallc.a(lib_a-fvwrite_small_dev.o)
 .bss           0x0001a01c        0x0 c:/altera/13.1/nios2eds/bin/gnu/h-i686-mingw32/bin/../lib/gcc/nios2-elf/4.7.3/../../../../../H-i686-mingw32/nios2-elf/lib\libsmallc.a(lib_a-fvwrite_small_str.o)
 .bss           0x0001a01c        0x0 c:/altera/13.1/nios2eds/bin/gnu/h-i686-mingw32/bin/../lib/gcc/nios2-elf/4.7.3/../../../../../H-i686-mingw32/nios2-elf/lib\libsmallc.a(lib_a-impure.o)
 .bss           0x0001a01c        0x0 c:/altera/13.1/nios2eds/bin/gnu/h-i686-mingw32/bin/../lib/gcc/nios2-elf/4.7.3/../../../../../H-i686-mingw32/nios2-elf/lib\libsmallc.a(lib_a-memmove.o)
 .bss           0x0001a01c        0x0 c:/altera/13.1/nios2eds/bin/gnu/h-i686-mingw32/bin/../lib/gcc/nios2-elf/4.7.3/../../../../../H-i686-mingw32/nios2-elf/lib\libsmallc.a(lib_a-putc.o)
 .bss           0x0001a01c        0x0 c:/altera/13.1/nios2eds/bin/gnu/h-i686-mingw32/bin/../lib/gcc/nios2-elf/4.7.3/../../../../../H-i686-mingw32/nios2-elf/lib\libsmallc.a(lib_a-writer.o)
 .bss           0x0001a01c        0x0 c:/altera/13.1/nios2eds/bin/gnu/h-i686-mingw32/bin/../lib/gcc/nios2-elf/4.7.3/../../../../../H-i686-mingw32/nios2-elf/lib\libsmallc.a(lib_a-int_errno.o)
 .bss           0x0001a01c        0x0 ../demo_bsp/\libhal_bsp.a(alt_exit.o)
 .bss           0x0001a01c        0x0 ../demo_bsp/\libhal_bsp.a(alt_iic.o)
 .bss           0x0001a01c        0x0 ../demo_bsp/\libhal_bsp.a(alt_iic_isr_register.o)
 .bss           0x0001a01c        0x0 ../demo_bsp/\libhal_bsp.a(alt_irq_entry.o)
 .bss           0x0001a01c        0x0 ../demo_bsp/\libhal_bsp.a(alt_irq_handler.o)
 .bss           0x0001a01c        0x0 ../demo_bsp/\libhal_bsp.a(alt_irq_vars.o)
 .bss           0x0001a01c        0x0 ../demo_bsp/\libhal_bsp.a(alt_load.o)
 .bss           0x0001a01c        0x0 ../demo_bsp/\libhal_bsp.a(alt_main.o)
 .bss           0x0001a01c        0x0 ../demo_bsp/\libhal_bsp.a(alt_write.o)
 .bss           0x0001a01c        0x0 ../demo_bsp/\libhal_bsp.a(alt_sys_init.o)
 .bss           0x0001a01c        0x0 ../demo_bsp/\libhal_bsp.a(altera_avalon_jtag_uart_fd.o)
 .bss           0x0001a01c        0x0 ../demo_bsp/\libhal_bsp.a(altera_avalon_jtag_uart_read.o)
 .bss           0x0001a01c        0x0 ../demo_bsp/\libhal_bsp.a(altera_avalon_jtag_uart_write.o)
 .bss           0x0001a01c        0x0 ../demo_bsp/\libhal_bsp.a(altera_avalon_uart_fd.o)
 .bss           0x0001a01c        0x0 ../demo_bsp/\libhal_bsp.a(altera_avalon_uart_read.o)
 .bss           0x0001a01c        0x0 ../demo_bsp/\libhal_bsp.a(altera_avalon_uart_write.o)
 .bss           0x0001a01c        0x0 ../demo_bsp/\libhal_bsp.a(alt_close.o)
 .bss           0x0001a01c        0x0 ../demo_bsp/\libhal_bsp.a(alt_dcache_flush_all.o)
 .bss           0x0001a01c        0x0 ../demo_bsp/\libhal_bsp.a(alt_dev.o)
 .bss           0x0001a01c        0x0 ../demo_bsp/\libhal_bsp.a(alt_dev_llist_insert.o)
 .bss           0x0001a01c        0x0 ../demo_bsp/\libhal_bsp.a(alt_errno.o)
 .bss           0x0001a01c        0x0 ../demo_bsp/\libhal_bsp.a(alt_exception_entry.o)
 .bss           0x0001a01c        0x0 ../demo_bsp/\libhal_bsp.a(alt_icache_flush_all.o)
 .bss           0x0001a01c        0x0 ../demo_bsp/\libhal_bsp.a(alt_io_redirect.o)
 .bss           0x0001a01c        0x0 ../demo_bsp/\libhal_bsp.a(alt_open.o)
 .bss           0x0001a01c        0x0 ../demo_bsp/\libhal_bsp.a(alt_release_fd.o)
 .bss           0x0001a01c        0x0 ../demo_bsp/\libhal_bsp.a(altera_nios2_qsys_irq.o)
 .bss           0x0001a01c        0x0 ../demo_bsp/\libhal_bsp.a(alt_find_dev.o)
 .bss           0x0001a01c        0x0 ../demo_bsp/\libhal_bsp.a(alt_find_file.o)
 .bss           0x0001a01c        0x0 ../demo_bsp/\libhal_bsp.a(alt_get_fd.o)
 .bss           0x0001a01c        0x0 ../demo_bsp/\libhal_bsp.a(alt_icache_flush.o)
 .bss           0x0001a01c        0x0 c:/altera/13.1/nios2eds/bin/gnu/h-i686-mingw32/bin/../lib/gcc/nios2-elf/4.7.3/../../../../../H-i686-mingw32/nios2-elf/lib\libsmallc.a(lib_a-memcmp.o)
 *(COMMON)
 COMMON         0x0001a01c       0x82 obj/default/uart.o
                0x0001a01c                outputData
                0x0001a05d                inputData
 *fill*         0x0001a09e        0x2 
 COMMON         0x0001a0a0      0x100 ../demo_bsp/\libhal_bsp.a(alt_irq_handler.o)
                0x0001a0a0                alt_irq
                0x0001a1a0                . = ALIGN (0x4)
                0x0001a1a0                __bss_end = ABSOLUTE (.)

.RAM            0x0001a1a0        0x0
                0x0001a1a0                PROVIDE (_alt_partition_RAM_start, ABSOLUTE (.))
 *(.RAM .RAM. RAM.*)
                0x0001a1a0                . = ALIGN (0x4)
                0x0001a1a0                PROVIDE (_alt_partition_RAM_end, ABSOLUTE (.))
                0x0001a1a0                _end = ABSOLUTE (.)
                0x0001a1a0                end = ABSOLUTE (.)
                0x0001a1a0                __alt_stack_base = ABSOLUTE (.)
                0x0001a1a0                PROVIDE (_alt_partition_RAM_load_addr, LOADADDR (.RAM))

.stab
 *(.stab)

.stabstr
 *(.stabstr)

.stab.excl
 *(.stab.excl)

.stab.exclstr
 *(.stab.exclstr)

.stab.index
 *(.stab.index)

.stab.indexstr
 *(.stab.indexstr)

.comment        0x00000000       0x23
 *(.comment)
 .comment       0x00000000       0x23 obj/default/ad.o
                                 0x24 (size before relaxing)
 .comment       0x00000000       0x24 obj/default/ad9833.o
 .comment       0x00000000       0x24 obj/default/fft.o
 .comment       0x00000000       0x24 obj/default/hello_world.o
 .comment       0x00000000       0x24 obj/default/log.o
 .comment       0x00000000       0x24 obj/default/message.o
 .comment       0x00000000       0x24 obj/default/uart.o
 .comment       0x00000000       0x24 c:/altera/13.1/nios2eds/bin/gnu/h-i686-mingw32/bin/../lib/gcc/nios2-elf/4.7.3/../../../../../H-i686-mingw32/nios2-elf/lib\libm.a(lib_a-s_cos.o)
 .comment       0x00000000       0x24 c:/altera/13.1/nios2eds/bin/gnu/h-i686-mingw32/bin/../lib/gcc/nios2-elf/4.7.3/../../../../../H-i686-mingw32/nios2-elf/lib\libm.a(lib_a-s_sin.o)
 .comment       0x00000000       0x24 c:/altera/13.1/nios2eds/bin/gnu/h-i686-mingw32/bin/../lib/gcc/nios2-elf/4.7.3/../../../../../H-i686-mingw32/nios2-elf/lib\libm.a(lib_a-e_rem_pio2.o)
 .comment       0x00000000       0x24 c:/altera/13.1/nios2eds/bin/gnu/h-i686-mingw32/bin/../lib/gcc/nios2-elf/4.7.3/../../../../../H-i686-mingw32/nios2-elf/lib\libm.a(lib_a-k_cos.o)
 .comment       0x00000000       0x24 c:/altera/13.1/nios2eds/bin/gnu/h-i686-mingw32/bin/../lib/gcc/nios2-elf/4.7.3/../../../../../H-i686-mingw32/nios2-elf/lib\libm.a(lib_a-k_rem_pio2.o)
 .comment       0x00000000       0x24 c:/altera/13.1/nios2eds/bin/gnu/h-i686-mingw32/bin/../lib/gcc/nios2-elf/4.7.3/../../../../../H-i686-mingw32/nios2-elf/lib\libm.a(lib_a-k_sin.o)
 .comment       0x00000000       0x24 c:/altera/13.1/nios2eds/bin/gnu/h-i686-mingw32/bin/../lib/gcc/nios2-elf/4.7.3/../../../../../H-i686-mingw32/nios2-elf/lib\libm.a(lib_a-s_fabs.o)
 .comment       0x00000000       0x24 c:/altera/13.1/nios2eds/bin/gnu/h-i686-mingw32/bin/../lib/gcc/nios2-elf/4.7.3/../../../../../H-i686-mingw32/nios2-elf/lib\libm.a(lib_a-s_floor.o)
 .comment       0x00000000       0x24 c:/altera/13.1/nios2eds/bin/gnu/h-i686-mingw32/bin/../lib/gcc/nios2-elf/4.7.3/../../../../../H-i686-mingw32/nios2-elf/lib\libm.a(lib_a-s_scalbn.o)
 .comment       0x00000000       0x24 c:/altera/13.1/nios2eds/bin/gnu/h-i686-mingw32/bin/../lib/gcc/nios2-elf/4.7.3/../../../../../H-i686-mingw32/nios2-elf/lib\libm.a(lib_a-s_copysign.o)
 .comment       0x00000000       0x24 c:/altera/13.1/nios2eds/bin/gnu/h-i686-mingw32/bin/../lib/gcc/nios2-elf/4.7.3\libgcc.a(_fixunsdfsi.o)
 .comment       0x00000000       0x24 c:/altera/13.1/nios2eds/bin/gnu/h-i686-mingw32/bin/../lib/gcc/nios2-elf/4.7.3\libgcc.a(_addsub_sf.o)
 .comment       0x00000000       0x24 c:/altera/13.1/nios2eds/bin/gnu/h-i686-mingw32/bin/../lib/gcc/nios2-elf/4.7.3\libgcc.a(_mul_sf.o)
 .comment       0x00000000       0x24 c:/altera/13.1/nios2eds/bin/gnu/h-i686-mingw32/bin/../lib/gcc/nios2-elf/4.7.3\libgcc.a(_div_sf.o)
 .comment       0x00000000       0x24 c:/altera/13.1/nios2eds/bin/gnu/h-i686-mingw32/bin/../lib/gcc/nios2-elf/4.7.3\libgcc.a(_si_to_sf.o)
 .comment       0x00000000       0x24 c:/altera/13.1/nios2eds/bin/gnu/h-i686-mingw32/bin/../lib/gcc/nios2-elf/4.7.3\libgcc.a(_sf_to_si.o)
 .comment       0x00000000       0x24 c:/altera/13.1/nios2eds/bin/gnu/h-i686-mingw32/bin/../lib/gcc/nios2-elf/4.7.3\libgcc.a(_sf_to_df.o)
 .comment       0x00000000       0x24 c:/altera/13.1/nios2eds/bin/gnu/h-i686-mingw32/bin/../lib/gcc/nios2-elf/4.7.3\libgcc.a(_thenan_sf.o)
 .comment       0x00000000       0x24 c:/altera/13.1/nios2eds/bin/gnu/h-i686-mingw32/bin/../lib/gcc/nios2-elf/4.7.3\libgcc.a(_addsub_df.o)
 .comment       0x00000000       0x24 c:/altera/13.1/nios2eds/bin/gnu/h-i686-mingw32/bin/../lib/gcc/nios2-elf/4.7.3\libgcc.a(_mul_df.o)
 .comment       0x00000000       0x24 c:/altera/13.1/nios2eds/bin/gnu/h-i686-mingw32/bin/../lib/gcc/nios2-elf/4.7.3\libgcc.a(_div_df.o)
 .comment       0x00000000       0x24 c:/altera/13.1/nios2eds/bin/gnu/h-i686-mingw32/bin/../lib/gcc/nios2-elf/4.7.3\libgcc.a(_eq_df.o)
 .comment       0x00000000       0x24 c:/altera/13.1/nios2eds/bin/gnu/h-i686-mingw32/bin/../lib/gcc/nios2-elf/4.7.3\libgcc.a(_gt_df.o)
 .comment       0x00000000       0x24 c:/altera/13.1/nios2eds/bin/gnu/h-i686-mingw32/bin/../lib/gcc/nios2-elf/4.7.3\libgcc.a(_ge_df.o)
 .comment       0x00000000       0x24 c:/altera/13.1/nios2eds/bin/gnu/h-i686-mingw32/bin/../lib/gcc/nios2-elf/4.7.3\libgcc.a(_si_to_df.o)
 .comment       0x00000000       0x24 c:/altera/13.1/nios2eds/bin/gnu/h-i686-mingw32/bin/../lib/gcc/nios2-elf/4.7.3\libgcc.a(_df_to_si.o)
 .comment       0x00000000       0x24 c:/altera/13.1/nios2eds/bin/gnu/h-i686-mingw32/bin/../lib/gcc/nios2-elf/4.7.3\libgcc.a(_make_df.o)
 .comment       0x00000000       0x24 c:/altera/13.1/nios2eds/bin/gnu/h-i686-mingw32/bin/../lib/gcc/nios2-elf/4.7.3\libgcc.a(_df_to_sf.o)
 .comment       0x00000000       0x24 c:/altera/13.1/nios2eds/bin/gnu/h-i686-mingw32/bin/../lib/gcc/nios2-elf/4.7.3\libgcc.a(_thenan_df.o)
 .comment       0x00000000       0x24 c:/altera/13.1/nios2eds/bin/gnu/h-i686-mingw32/bin/../lib/gcc/nios2-elf/4.7.3\libgcc.a(_usi_to_df.o)
 .comment       0x00000000       0x24 c:/altera/13.1/nios2eds/bin/gnu/h-i686-mingw32/bin/../lib/gcc/nios2-elf/4.7.3\libgcc.a(lib2-divmod.o)
 .comment       0x00000000       0x24 c:/altera/13.1/nios2eds/bin/gnu/h-i686-mingw32/bin/../lib/gcc/nios2-elf/4.7.3\libgcc.a(_muldi3.o)
 .comment       0x00000000       0x24 c:/altera/13.1/nios2eds/bin/gnu/h-i686-mingw32/bin/../lib/gcc/nios2-elf/4.7.3\libgcc.a(_clzsi2.o)
 .comment       0x00000000       0x24 c:/altera/13.1/nios2eds/bin/gnu/h-i686-mingw32/bin/../lib/gcc/nios2-elf/4.7.3\libgcc.a(_pack_sf.o)
 .comment       0x00000000       0x24 c:/altera/13.1/nios2eds/bin/gnu/h-i686-mingw32/bin/../lib/gcc/nios2-elf/4.7.3\libgcc.a(_unpack_sf.o)
 .comment       0x00000000       0x24 c:/altera/13.1/nios2eds/bin/gnu/h-i686-mingw32/bin/../lib/gcc/nios2-elf/4.7.3\libgcc.a(_make_sf.o)
 .comment       0x00000000       0x24 c:/altera/13.1/nios2eds/bin/gnu/h-i686-mingw32/bin/../lib/gcc/nios2-elf/4.7.3\libgcc.a(_pack_df.o)
 .comment       0x00000000       0x24 c:/altera/13.1/nios2eds/bin/gnu/h-i686-mingw32/bin/../lib/gcc/nios2-elf/4.7.3\libgcc.a(_unpack_df.o)
 .comment       0x00000000       0x24 c:/altera/13.1/nios2eds/bin/gnu/h-i686-mingw32/bin/../lib/gcc/nios2-elf/4.7.3\libgcc.a(_fpcmp_parts_df.o)
 .comment       0x00000000       0x24 c:/altera/13.1/nios2eds/bin/gnu/h-i686-mingw32/bin/../lib/gcc/nios2-elf/4.7.3\libgcc.a(_lshrdi3.o)
 .comment       0x00000000       0x24 c:/altera/13.1/nios2eds/bin/gnu/h-i686-mingw32/bin/../lib/gcc/nios2-elf/4.7.3\libgcc.a(_ashldi3.o)
 .comment       0x00000000       0x24 c:/altera/13.1/nios2eds/bin/gnu/h-i686-mingw32/bin/../lib/gcc/nios2-elf/4.7.3\libgcc.a(_clz.o)
 .comment       0x00000000       0x24 c:/altera/13.1/nios2eds/bin/gnu/h-i686-mingw32/bin/../lib/gcc/nios2-elf/4.7.3/../../../../../H-i686-mingw32/nios2-elf/lib\libsmallc.a(lib_a-atoi.o)
 .comment       0x00000000       0x24 c:/altera/13.1/nios2eds/bin/gnu/h-i686-mingw32/bin/../lib/gcc/nios2-elf/4.7.3/../../../../../H-i686-mingw32/nios2-elf/lib\libsmallc.a(lib_a-memcpy.o)
 .comment       0x00000000       0x24 c:/altera/13.1/nios2eds/bin/gnu/h-i686-mingw32/bin/../lib/gcc/nios2-elf/4.7.3/../../../../../H-i686-mingw32/nios2-elf/lib\libsmallc.a(lib_a-memset.o)
 .comment       0x00000000       0x24 c:/altera/13.1/nios2eds/bin/gnu/h-i686-mingw32/bin/../lib/gcc/nios2-elf/4.7.3/../../../../../H-i686-mingw32/nios2-elf/lib\libsmallc.a(lib_a-printf.o)
 .comment       0x00000000       0x24 c:/altera/13.1/nios2eds/bin/gnu/h-i686-mingw32/bin/../lib/gcc/nios2-elf/4.7.3/../../../../../H-i686-mingw32/nios2-elf/lib\libsmallc.a(lib_a-putchar.o)
 .comment       0x00000000       0x24 c:/altera/13.1/nios2eds/bin/gnu/h-i686-mingw32/bin/../lib/gcc/nios2-elf/4.7.3/../../../../../H-i686-mingw32/nios2-elf/lib\libsmallc.a(lib_a-puts.o)
 .comment       0x00000000       0x24 c:/altera/13.1/nios2eds/bin/gnu/h-i686-mingw32/bin/../lib/gcc/nios2-elf/4.7.3/../../../../../H-i686-mingw32/nios2-elf/lib\libsmallc.a(lib_a-sprintf.o)
 .comment       0x00000000       0x24 c:/altera/13.1/nios2eds/bin/gnu/h-i686-mingw32/bin/../lib/gcc/nios2-elf/4.7.3/../../../../../H-i686-mingw32/nios2-elf/lib\libsmallc.a(lib_a-strchr.o)
 .comment       0x00000000       0x24 c:/altera/13.1/nios2eds/bin/gnu/h-i686-mingw32/bin/../lib/gcc/nios2-elf/4.7.3/../../../../../H-i686-mingw32/nios2-elf/lib\libsmallc.a(lib_a-strlen.o)
 .comment       0x00000000       0x24 c:/altera/13.1/nios2eds/bin/gnu/h-i686-mingw32/bin/../lib/gcc/nios2-elf/4.7.3/../../../../../H-i686-mingw32/nios2-elf/lib\libsmallc.a(lib_a-strstr.o)
 .comment       0x00000000       0x24 c:/altera/13.1/nios2eds/bin/gnu/h-i686-mingw32/bin/../lib/gcc/nios2-elf/4.7.3/../../../../../H-i686-mingw32/nios2-elf/lib\libsmallc.a(lib_a-strtol.o)
 .comment       0x00000000       0x24 c:/altera/13.1/nios2eds/bin/gnu/h-i686-mingw32/bin/../lib/gcc/nios2-elf/4.7.3/../../../../../H-i686-mingw32/nios2-elf/lib\libsmallc.a(lib_a-vfprintf.o)
 .comment       0x00000000       0x24 c:/altera/13.1/nios2eds/bin/gnu/h-i686-mingw32/bin/../lib/gcc/nios2-elf/4.7.3/../../../../../H-i686-mingw32/nios2-elf/lib\libsmallc.a(lib_a-ctype_.o)
 .comment       0x00000000       0x24 c:/altera/13.1/nios2eds/bin/gnu/h-i686-mingw32/bin/../lib/gcc/nios2-elf/4.7.3/../../../../../H-i686-mingw32/nios2-elf/lib\libsmallc.a(lib_a-fvwrite_small_dev.o)
 .comment       0x00000000       0x24 c:/altera/13.1/nios2eds/bin/gnu/h-i686-mingw32/bin/../lib/gcc/nios2-elf/4.7.3/../../../../../H-i686-mingw32/nios2-elf/lib\libsmallc.a(lib_a-fvwrite_small_str.o)
 .comment       0x00000000       0x24 c:/altera/13.1/nios2eds/bin/gnu/h-i686-mingw32/bin/../lib/gcc/nios2-elf/4.7.3/../../../../../H-i686-mingw32/nios2-elf/lib\libsmallc.a(lib_a-impure.o)
 .comment       0x00000000       0x24 c:/altera/13.1/nios2eds/bin/gnu/h-i686-mingw32/bin/../lib/gcc/nios2-elf/4.7.3/../../../../../H-i686-mingw32/nios2-elf/lib\libsmallc.a(lib_a-memmove.o)
 .comment       0x00000000       0x24 c:/altera/13.1/nios2eds/bin/gnu/h-i686-mingw32/bin/../lib/gcc/nios2-elf/4.7.3/../../../../../H-i686-mingw32/nios2-elf/lib\libsmallc.a(lib_a-putc.o)
 .comment       0x00000000       0x24 c:/altera/13.1/nios2eds/bin/gnu/h-i686-mingw32/bin/../lib/gcc/nios2-elf/4.7.3/../../../../../H-i686-mingw32/nios2-elf/lib\libsmallc.a(lib_a-writer.o)
 .comment       0x00000000       0x24 c:/altera/13.1/nios2eds/bin/gnu/h-i686-mingw32/bin/../lib/gcc/nios2-elf/4.7.3/../../../../../H-i686-mingw32/nios2-elf/lib\libsmallc.a(lib_a-int_errno.o)
 .comment       0x00000000       0x24 ../demo_bsp/\libhal_bsp.a(alt_exit.o)
 .comment       0x00000000       0x24 ../demo_bsp/\libhal_bsp.a(alt_iic.o)
 .comment       0x00000000       0x24 ../demo_bsp/\libhal_bsp.a(alt_iic_isr_register.o)
 .comment       0x00000000       0x24 ../demo_bsp/\libhal_bsp.a(alt_irq_handler.o)
 .comment       0x00000000       0x24 ../demo_bsp/\libhal_bsp.a(alt_irq_vars.o)
 .comment       0x00000000       0x24 ../demo_bsp/\libhal_bsp.a(alt_load.o)
 .comment       0x00000000       0x24 ../demo_bsp/\libhal_bsp.a(alt_main.o)
 .comment       0x00000000       0x24 ../demo_bsp/\libhal_bsp.a(alt_write.o)
 .comment       0x00000000       0x24 ../demo_bsp/\libhal_bsp.a(alt_sys_init.o)
 .comment       0x00000000       0x24 ../demo_bsp/\libhal_bsp.a(altera_avalon_jtag_uart_fd.o)
 .comment       0x00000000       0x24 ../demo_bsp/\libhal_bsp.a(altera_avalon_jtag_uart_read.o)
 .comment       0x00000000       0x24 ../demo_bsp/\libhal_bsp.a(altera_avalon_jtag_uart_write.o)
 .comment       0x00000000       0x24 ../demo_bsp/\libhal_bsp.a(altera_avalon_uart_fd.o)
 .comment       0x00000000       0x24 ../demo_bsp/\libhal_bsp.a(altera_avalon_uart_read.o)
 .comment       0x00000000       0x24 ../demo_bsp/\libhal_bsp.a(altera_avalon_uart_write.o)
 .comment       0x00000000       0x24 ../demo_bsp/\libhal_bsp.a(alt_close.o)
 .comment       0x00000000       0x24 ../demo_bsp/\libhal_bsp.a(alt_dcache_flush_all.o)
 .comment       0x00000000       0x24 ../demo_bsp/\libhal_bsp.a(alt_dev.o)
 .comment       0x00000000       0x24 ../demo_bsp/\libhal_bsp.a(alt_dev_llist_insert.o)
 .comment       0x00000000       0x24 ../demo_bsp/\libhal_bsp.a(alt_errno.o)
 .comment       0x00000000       0x24 ../demo_bsp/\libhal_bsp.a(alt_icache_flush_all.o)
 .comment       0x00000000       0x24 ../demo_bsp/\libhal_bsp.a(alt_io_redirect.o)
 .comment       0x00000000       0x24 ../demo_bsp/\libhal_bsp.a(alt_open.o)
 .comment       0x00000000       0x24 ../demo_bsp/\libhal_bsp.a(alt_release_fd.o)
 .comment       0x00000000       0x24 ../demo_bsp/\libhal_bsp.a(altera_nios2_qsys_irq.o)
 .comment       0x00000000       0x24 ../demo_bsp/\libhal_bsp.a(alt_find_dev.o)
 .comment       0x00000000       0x24 ../demo_bsp/\libhal_bsp.a(alt_find_file.o)
 .comment       0x00000000       0x24 ../demo_bsp/\libhal_bsp.a(alt_get_fd.o)
 .comment       0x00000000       0x24 ../demo_bsp/\libhal_bsp.a(alt_icache_flush.o)
 .comment       0x00000000       0x24 c:/altera/13.1/nios2eds/bin/gnu/h-i686-mingw32/bin/../lib/gcc/nios2-elf/4.7.3/../../../../../H-i686-mingw32/nios2-elf/lib\libsmallc.a(lib_a-memcmp.o)

.debug
 *(.debug)

.line
 *(.line)

.debug_srcinfo
 *(.debug_srcinfo)

.debug_sfnames
 *(.debug_sfnames)

.debug_aranges  0x00000000      0xcb0
 *(.debug_aranges)
 .debug_aranges
                0x00000000       0x28 ../demo_bsp//obj/HAL/src/crt0.o
 .debug_aranges
                0x00000028       0x20 obj/default/ad.o
 .debug_aranges
                0x00000048       0x20 obj/default/ad9833.o
 .debug_aranges
                0x00000068       0x20 obj/default/fft.o
 .debug_aranges
                0x00000088       0x20 obj/default/hello_world.o
 .debug_aranges
                0x000000a8       0x20 obj/default/log.o
 .debug_aranges
                0x000000c8       0x20 obj/default/message.o
 .debug_aranges
                0x000000e8       0x20 obj/default/uart.o
 .debug_aranges
                0x00000108       0x20 c:/altera/13.1/nios2eds/bin/gnu/h-i686-mingw32/bin/../lib/gcc/nios2-elf/4.7.3/../../../../../H-i686-mingw32/nios2-elf/lib\libm.a(lib_a-s_cos.o)
 .debug_aranges
                0x00000128       0x20 c:/altera/13.1/nios2eds/bin/gnu/h-i686-mingw32/bin/../lib/gcc/nios2-elf/4.7.3/../../../../../H-i686-mingw32/nios2-elf/lib\libm.a(lib_a-s_sin.o)
 .debug_aranges
                0x00000148       0x20 c:/altera/13.1/nios2eds/bin/gnu/h-i686-mingw32/bin/../lib/gcc/nios2-elf/4.7.3/../../../../../H-i686-mingw32/nios2-elf/lib\libm.a(lib_a-e_rem_pio2.o)
 .debug_aranges
                0x00000168       0x20 c:/altera/13.1/nios2eds/bin/gnu/h-i686-mingw32/bin/../lib/gcc/nios2-elf/4.7.3/../../../../../H-i686-mingw32/nios2-elf/lib\libm.a(lib_a-k_cos.o)
 .debug_aranges
                0x00000188       0x20 c:/altera/13.1/nios2eds/bin/gnu/h-i686-mingw32/bin/../lib/gcc/nios2-elf/4.7.3/../../../../../H-i686-mingw32/nios2-elf/lib\libm.a(lib_a-k_rem_pio2.o)
 .debug_aranges
                0x000001a8       0x20 c:/altera/13.1/nios2eds/bin/gnu/h-i686-mingw32/bin/../lib/gcc/nios2-elf/4.7.3/../../../../../H-i686-mingw32/nios2-elf/lib\libm.a(lib_a-k_sin.o)
 .debug_aranges
                0x000001c8       0x20 c:/altera/13.1/nios2eds/bin/gnu/h-i686-mingw32/bin/../lib/gcc/nios2-elf/4.7.3/../../../../../H-i686-mingw32/nios2-elf/lib\libm.a(lib_a-s_fabs.o)
 .debug_aranges
                0x000001e8       0x20 c:/altera/13.1/nios2eds/bin/gnu/h-i686-mingw32/bin/../lib/gcc/nios2-elf/4.7.3/../../../../../H-i686-mingw32/nios2-elf/lib\libm.a(lib_a-s_floor.o)
 .debug_aranges
                0x00000208       0x20 c:/altera/13.1/nios2eds/bin/gnu/h-i686-mingw32/bin/../lib/gcc/nios2-elf/4.7.3/../../../../../H-i686-mingw32/nios2-elf/lib\libm.a(lib_a-s_scalbn.o)
 .debug_aranges
                0x00000228       0x20 c:/altera/13.1/nios2eds/bin/gnu/h-i686-mingw32/bin/../lib/gcc/nios2-elf/4.7.3/../../../../../H-i686-mingw32/nios2-elf/lib\libm.a(lib_a-s_copysign.o)
 .debug_aranges
                0x00000248       0x20 c:/altera/13.1/nios2eds/bin/gnu/h-i686-mingw32/bin/../lib/gcc/nios2-elf/4.7.3\libgcc.a(_fixunsdfsi.o)
 .debug_aranges
                0x00000268       0x20 c:/altera/13.1/nios2eds/bin/gnu/h-i686-mingw32/bin/../lib/gcc/nios2-elf/4.7.3\libgcc.a(_addsub_sf.o)
 .debug_aranges
                0x00000288       0x20 c:/altera/13.1/nios2eds/bin/gnu/h-i686-mingw32/bin/../lib/gcc/nios2-elf/4.7.3\libgcc.a(_mul_sf.o)
 .debug_aranges
                0x000002a8       0x20 c:/altera/13.1/nios2eds/bin/gnu/h-i686-mingw32/bin/../lib/gcc/nios2-elf/4.7.3\libgcc.a(_div_sf.o)
 .debug_aranges
                0x000002c8       0x20 c:/altera/13.1/nios2eds/bin/gnu/h-i686-mingw32/bin/../lib/gcc/nios2-elf/4.7.3\libgcc.a(_si_to_sf.o)
 .debug_aranges
                0x000002e8       0x20 c:/altera/13.1/nios2eds/bin/gnu/h-i686-mingw32/bin/../lib/gcc/nios2-elf/4.7.3\libgcc.a(_sf_to_si.o)
 .debug_aranges
                0x00000308       0x20 c:/altera/13.1/nios2eds/bin/gnu/h-i686-mingw32/bin/../lib/gcc/nios2-elf/4.7.3\libgcc.a(_sf_to_df.o)
 .debug_aranges
                0x00000328       0x18 c:/altera/13.1/nios2eds/bin/gnu/h-i686-mingw32/bin/../lib/gcc/nios2-elf/4.7.3\libgcc.a(_thenan_sf.o)
 .debug_aranges
                0x00000340       0x20 c:/altera/13.1/nios2eds/bin/gnu/h-i686-mingw32/bin/../lib/gcc/nios2-elf/4.7.3\libgcc.a(_addsub_df.o)
 .debug_aranges
                0x00000360       0x20 c:/altera/13.1/nios2eds/bin/gnu/h-i686-mingw32/bin/../lib/gcc/nios2-elf/4.7.3\libgcc.a(_mul_df.o)
 .debug_aranges
                0x00000380       0x20 c:/altera/13.1/nios2eds/bin/gnu/h-i686-mingw32/bin/../lib/gcc/nios2-elf/4.7.3\libgcc.a(_div_df.o)
 .debug_aranges
                0x000003a0       0x20 c:/altera/13.1/nios2eds/bin/gnu/h-i686-mingw32/bin/../lib/gcc/nios2-elf/4.7.3\libgcc.a(_eq_df.o)
 .debug_aranges
                0x000003c0       0x20 c:/altera/13.1/nios2eds/bin/gnu/h-i686-mingw32/bin/../lib/gcc/nios2-elf/4.7.3\libgcc.a(_gt_df.o)
 .debug_aranges
                0x000003e0       0x20 c:/altera/13.1/nios2eds/bin/gnu/h-i686-mingw32/bin/../lib/gcc/nios2-elf/4.7.3\libgcc.a(_ge_df.o)
 .debug_aranges
                0x00000400       0x20 c:/altera/13.1/nios2eds/bin/gnu/h-i686-mingw32/bin/../lib/gcc/nios2-elf/4.7.3\libgcc.a(_si_to_df.o)
 .debug_aranges
                0x00000420       0x20 c:/altera/13.1/nios2eds/bin/gnu/h-i686-mingw32/bin/../lib/gcc/nios2-elf/4.7.3\libgcc.a(_df_to_si.o)
 .debug_aranges
                0x00000440       0x20 c:/altera/13.1/nios2eds/bin/gnu/h-i686-mingw32/bin/../lib/gcc/nios2-elf/4.7.3\libgcc.a(_make_df.o)
 .debug_aranges
                0x00000460       0x20 c:/altera/13.1/nios2eds/bin/gnu/h-i686-mingw32/bin/../lib/gcc/nios2-elf/4.7.3\libgcc.a(_df_to_sf.o)
 .debug_aranges
                0x00000480       0x18 c:/altera/13.1/nios2eds/bin/gnu/h-i686-mingw32/bin/../lib/gcc/nios2-elf/4.7.3\libgcc.a(_thenan_df.o)
 .debug_aranges
                0x00000498       0x20 c:/altera/13.1/nios2eds/bin/gnu/h-i686-mingw32/bin/../lib/gcc/nios2-elf/4.7.3\libgcc.a(_usi_to_df.o)
 .debug_aranges
                0x000004b8       0x20 c:/altera/13.1/nios2eds/bin/gnu/h-i686-mingw32/bin/../lib/gcc/nios2-elf/4.7.3\libgcc.a(lib2-divmod.o)
 .debug_aranges
                0x000004d8       0x20 c:/altera/13.1/nios2eds/bin/gnu/h-i686-mingw32/bin/../lib/gcc/nios2-elf/4.7.3\libgcc.a(_muldi3.o)
 .debug_aranges
                0x000004f8       0x20 c:/altera/13.1/nios2eds/bin/gnu/h-i686-mingw32/bin/../lib/gcc/nios2-elf/4.7.3\libgcc.a(_clzsi2.o)
 .debug_aranges
                0x00000518       0x20 c:/altera/13.1/nios2eds/bin/gnu/h-i686-mingw32/bin/../lib/gcc/nios2-elf/4.7.3\libgcc.a(_pack_sf.o)
 .debug_aranges
                0x00000538       0x20 c:/altera/13.1/nios2eds/bin/gnu/h-i686-mingw32/bin/../lib/gcc/nios2-elf/4.7.3\libgcc.a(_unpack_sf.o)
 .debug_aranges
                0x00000558       0x20 c:/altera/13.1/nios2eds/bin/gnu/h-i686-mingw32/bin/../lib/gcc/nios2-elf/4.7.3\libgcc.a(_make_sf.o)
 .debug_aranges
                0x00000578       0x20 c:/altera/13.1/nios2eds/bin/gnu/h-i686-mingw32/bin/../lib/gcc/nios2-elf/4.7.3\libgcc.a(_pack_df.o)
 .debug_aranges
                0x00000598       0x20 c:/altera/13.1/nios2eds/bin/gnu/h-i686-mingw32/bin/../lib/gcc/nios2-elf/4.7.3\libgcc.a(_unpack_df.o)
 .debug_aranges
                0x000005b8       0x20 c:/altera/13.1/nios2eds/bin/gnu/h-i686-mingw32/bin/../lib/gcc/nios2-elf/4.7.3\libgcc.a(_fpcmp_parts_df.o)
 .debug_aranges
                0x000005d8       0x20 c:/altera/13.1/nios2eds/bin/gnu/h-i686-mingw32/bin/../lib/gcc/nios2-elf/4.7.3\libgcc.a(_lshrdi3.o)
 .debug_aranges
                0x000005f8       0x20 c:/altera/13.1/nios2eds/bin/gnu/h-i686-mingw32/bin/../lib/gcc/nios2-elf/4.7.3\libgcc.a(_ashldi3.o)
 .debug_aranges
                0x00000618       0x18 c:/altera/13.1/nios2eds/bin/gnu/h-i686-mingw32/bin/../lib/gcc/nios2-elf/4.7.3\libgcc.a(_clz.o)
 .debug_aranges
                0x00000630       0x20 c:/altera/13.1/nios2eds/bin/gnu/h-i686-mingw32/bin/../lib/gcc/nios2-elf/4.7.3/../../../../../H-i686-mingw32/nios2-elf/lib\libsmallc.a(lib_a-atoi.o)
 .debug_aranges
                0x00000650       0x20 c:/altera/13.1/nios2eds/bin/gnu/h-i686-mingw32/bin/../lib/gcc/nios2-elf/4.7.3/../../../../../H-i686-mingw32/nios2-elf/lib\libsmallc.a(lib_a-memcpy.o)
 .debug_aranges
                0x00000670       0x20 c:/altera/13.1/nios2eds/bin/gnu/h-i686-mingw32/bin/../lib/gcc/nios2-elf/4.7.3/../../../../../H-i686-mingw32/nios2-elf/lib\libsmallc.a(lib_a-memset.o)
 .debug_aranges
                0x00000690       0x20 c:/altera/13.1/nios2eds/bin/gnu/h-i686-mingw32/bin/../lib/gcc/nios2-elf/4.7.3/../../../../../H-i686-mingw32/nios2-elf/lib\libsmallc.a(lib_a-printf.o)
 .debug_aranges
                0x000006b0       0x20 c:/altera/13.1/nios2eds/bin/gnu/h-i686-mingw32/bin/../lib/gcc/nios2-elf/4.7.3/../../../../../H-i686-mingw32/nios2-elf/lib\libsmallc.a(lib_a-putchar.o)
 .debug_aranges
                0x000006d0       0x20 c:/altera/13.1/nios2eds/bin/gnu/h-i686-mingw32/bin/../lib/gcc/nios2-elf/4.7.3/../../../../../H-i686-mingw32/nios2-elf/lib\libsmallc.a(lib_a-puts.o)
 .debug_aranges
                0x000006f0       0x20 c:/altera/13.1/nios2eds/bin/gnu/h-i686-mingw32/bin/../lib/gcc/nios2-elf/4.7.3/../../../../../H-i686-mingw32/nios2-elf/lib\libsmallc.a(lib_a-sprintf.o)
 .debug_aranges
                0x00000710       0x20 c:/altera/13.1/nios2eds/bin/gnu/h-i686-mingw32/bin/../lib/gcc/nios2-elf/4.7.3/../../../../../H-i686-mingw32/nios2-elf/lib\libsmallc.a(lib_a-strchr.o)
 .debug_aranges
                0x00000730       0x20 c:/altera/13.1/nios2eds/bin/gnu/h-i686-mingw32/bin/../lib/gcc/nios2-elf/4.7.3/../../../../../H-i686-mingw32/nios2-elf/lib\libsmallc.a(lib_a-strlen.o)
 .debug_aranges
                0x00000750       0x20 c:/altera/13.1/nios2eds/bin/gnu/h-i686-mingw32/bin/../lib/gcc/nios2-elf/4.7.3/../../../../../H-i686-mingw32/nios2-elf/lib\libsmallc.a(lib_a-strstr.o)
 .debug_aranges
                0x00000770       0x20 c:/altera/13.1/nios2eds/bin/gnu/h-i686-mingw32/bin/../lib/gcc/nios2-elf/4.7.3/../../../../../H-i686-mingw32/nios2-elf/lib\libsmallc.a(lib_a-strtol.o)
 .debug_aranges
                0x00000790       0x20 c:/altera/13.1/nios2eds/bin/gnu/h-i686-mingw32/bin/../lib/gcc/nios2-elf/4.7.3/../../../../../H-i686-mingw32/nios2-elf/lib\libsmallc.a(lib_a-vfprintf.o)
 .debug_aranges
                0x000007b0       0x18 c:/altera/13.1/nios2eds/bin/gnu/h-i686-mingw32/bin/../lib/gcc/nios2-elf/4.7.3/../../../../../H-i686-mingw32/nios2-elf/lib\libsmallc.a(lib_a-ctype_.o)
 .debug_aranges
                0x000007c8       0x20 c:/altera/13.1/nios2eds/bin/gnu/h-i686-mingw32/bin/../lib/gcc/nios2-elf/4.7.3/../../../../../H-i686-mingw32/nios2-elf/lib\libsmallc.a(lib_a-fvwrite_small_dev.o)
 .debug_aranges
                0x000007e8       0x20 c:/altera/13.1/nios2eds/bin/gnu/h-i686-mingw32/bin/../lib/gcc/nios2-elf/4.7.3/../../../../../H-i686-mingw32/nios2-elf/lib\libsmallc.a(lib_a-fvwrite_small_str.o)
 .debug_aranges
                0x00000808       0x18 c:/altera/13.1/nios2eds/bin/gnu/h-i686-mingw32/bin/../lib/gcc/nios2-elf/4.7.3/../../../../../H-i686-mingw32/nios2-elf/lib\libsmallc.a(lib_a-impure.o)
 .debug_aranges
                0x00000820       0x20 c:/altera/13.1/nios2eds/bin/gnu/h-i686-mingw32/bin/../lib/gcc/nios2-elf/4.7.3/../../../../../H-i686-mingw32/nios2-elf/lib\libsmallc.a(lib_a-memmove.o)
 .debug_aranges
                0x00000840       0x20 c:/altera/13.1/nios2eds/bin/gnu/h-i686-mingw32/bin/../lib/gcc/nios2-elf/4.7.3/../../../../../H-i686-mingw32/nios2-elf/lib\libsmallc.a(lib_a-putc.o)
 .debug_aranges
                0x00000860       0x20 c:/altera/13.1/nios2eds/bin/gnu/h-i686-mingw32/bin/../lib/gcc/nios2-elf/4.7.3/../../../../../H-i686-mingw32/nios2-elf/lib\libsmallc.a(lib_a-writer.o)
 .debug_aranges
                0x00000880       0x18 c:/altera/13.1/nios2eds/bin/gnu/h-i686-mingw32/bin/../lib/gcc/nios2-elf/4.7.3/../../../../../H-i686-mingw32/nios2-elf/lib\libsmallc.a(lib_a-int_errno.o)
 .debug_aranges
                0x00000898       0x20 ../demo_bsp/\libhal_bsp.a(alt_exit.o)
 .debug_aranges
                0x000008b8       0x20 ../demo_bsp/\libhal_bsp.a(alt_iic.o)
 .debug_aranges
                0x000008d8       0x20 ../demo_bsp/\libhal_bsp.a(alt_iic_isr_register.o)
 .debug_aranges
                0x000008f8       0x30 ../demo_bsp/\libhal_bsp.a(alt_irq_entry.o)
 .debug_aranges
                0x00000928       0x20 ../demo_bsp/\libhal_bsp.a(alt_irq_handler.o)
 .debug_aranges
                0x00000948       0x18 ../demo_bsp/\libhal_bsp.a(alt_irq_vars.o)
 .debug_aranges
                0x00000960       0x20 ../demo_bsp/\libhal_bsp.a(alt_load.o)
 .debug_aranges
                0x00000980       0x20 ../demo_bsp/\libhal_bsp.a(alt_main.o)
 .debug_aranges
                0x000009a0       0x20 ../demo_bsp/\libhal_bsp.a(alt_write.o)
 .debug_aranges
                0x000009c0       0x20 ../demo_bsp/\libhal_bsp.a(alt_sys_init.o)
 .debug_aranges
                0x000009e0       0x20 ../demo_bsp/\libhal_bsp.a(altera_avalon_jtag_uart_fd.o)
 .debug_aranges
                0x00000a00       0x20 ../demo_bsp/\libhal_bsp.a(altera_avalon_jtag_uart_read.o)
 .debug_aranges
                0x00000a20       0x20 ../demo_bsp/\libhal_bsp.a(altera_avalon_jtag_uart_write.o)
 .debug_aranges
                0x00000a40       0x20 ../demo_bsp/\libhal_bsp.a(altera_avalon_uart_fd.o)
 .debug_aranges
                0x00000a60       0x20 ../demo_bsp/\libhal_bsp.a(altera_avalon_uart_read.o)
 .debug_aranges
                0x00000a80       0x20 ../demo_bsp/\libhal_bsp.a(altera_avalon_uart_write.o)
 .debug_aranges
                0x00000aa0       0x20 ../demo_bsp/\libhal_bsp.a(alt_close.o)
 .debug_aranges
                0x00000ac0       0x20 ../demo_bsp/\libhal_bsp.a(alt_dcache_flush_all.o)
 .debug_aranges
                0x00000ae0       0x20 ../demo_bsp/\libhal_bsp.a(alt_dev.o)
 .debug_aranges
                0x00000b00       0x20 ../demo_bsp/\libhal_bsp.a(alt_dev_llist_insert.o)
 .debug_aranges
                0x00000b20       0x18 ../demo_bsp/\libhal_bsp.a(alt_errno.o)
 .debug_aranges
                0x00000b38       0x38 ../demo_bsp/\libhal_bsp.a(alt_exception_entry.o)
 .debug_aranges
                0x00000b70       0x20 ../demo_bsp/\libhal_bsp.a(alt_icache_flush_all.o)
 .debug_aranges
                0x00000b90       0x20 ../demo_bsp/\libhal_bsp.a(alt_io_redirect.o)
 .debug_aranges
                0x00000bb0       0x20 ../demo_bsp/\libhal_bsp.a(alt_open.o)
 .debug_aranges
                0x00000bd0       0x20 ../demo_bsp/\libhal_bsp.a(alt_release_fd.o)
 .debug_aranges
                0x00000bf0       0x20 ../demo_bsp/\libhal_bsp.a(altera_nios2_qsys_irq.o)
 .debug_aranges
                0x00000c10       0x20 ../demo_bsp/\libhal_bsp.a(alt_find_dev.o)
 .debug_aranges
                0x00000c30       0x20 ../demo_bsp/\libhal_bsp.a(alt_find_file.o)
 .debug_aranges
                0x00000c50       0x20 ../demo_bsp/\libhal_bsp.a(alt_get_fd.o)
 .debug_aranges
                0x00000c70       0x20 ../demo_bsp/\libhal_bsp.a(alt_icache_flush.o)
 .debug_aranges
                0x00000c90       0x20 c:/altera/13.1/nios2eds/bin/gnu/h-i686-mingw32/bin/../lib/gcc/nios2-elf/4.7.3/../../../../../H-i686-mingw32/nios2-elf/lib\libsmallc.a(lib_a-memcmp.o)

.debug_pubnames
 *(.debug_pubnames)

.debug_info     0x00000000    0x128d4
 *(.debug_info .gnu.linkonce.wi.*)
 .debug_info    0x00000000       0x5c ../demo_bsp//obj/HAL/src/crt0.o
 .debug_info    0x0000005c      0x1b7 obj/default/ad.o
 .debug_info    0x00000213      0x1b6 obj/default/ad9833.o
 .debug_info    0x000003c9      0x350 obj/default/fft.o
 .debug_info    0x00000719      0x559 obj/default/hello_world.o
 .debug_info    0x00000c72       0xd0 obj/default/log.o
 .debug_info    0x00000d42      0x18c obj/default/message.o
 .debug_info    0x00000ece      0x6e0 obj/default/uart.o
 .debug_info    0x000015ae      0x1b5 c:/altera/13.1/nios2eds/bin/gnu/h-i686-mingw32/bin/../lib/gcc/nios2-elf/4.7.3/../../../../../H-i686-mingw32/nios2-elf/lib\libm.a(lib_a-s_cos.o)
 .debug_info    0x00001763      0x1cf c:/altera/13.1/nios2eds/bin/gnu/h-i686-mingw32/bin/../lib/gcc/nios2-elf/4.7.3/../../../../../H-i686-mingw32/nios2-elf/lib\libm.a(lib_a-s_sin.o)
 .debug_info    0x00001932      0x3e3 c:/altera/13.1/nios2eds/bin/gnu/h-i686-mingw32/bin/../lib/gcc/nios2-elf/4.7.3/../../../../../H-i686-mingw32/nios2-elf/lib\libm.a(lib_a-e_rem_pio2.o)
 .debug_info    0x00001d15      0x21d c:/altera/13.1/nios2eds/bin/gnu/h-i686-mingw32/bin/../lib/gcc/nios2-elf/4.7.3/../../../../../H-i686-mingw32/nios2-elf/lib\libm.a(lib_a-k_cos.o)
 .debug_info    0x00001f32      0x37a c:/altera/13.1/nios2eds/bin/gnu/h-i686-mingw32/bin/../lib/gcc/nios2-elf/4.7.3/../../../../../H-i686-mingw32/nios2-elf/lib\libm.a(lib_a-k_rem_pio2.o)
 .debug_info    0x000022ac      0x1a0 c:/altera/13.1/nios2eds/bin/gnu/h-i686-mingw32/bin/../lib/gcc/nios2-elf/4.7.3/../../../../../H-i686-mingw32/nios2-elf/lib\libm.a(lib_a-k_sin.o)
 .debug_info    0x0000244c       0xce c:/altera/13.1/nios2eds/bin/gnu/h-i686-mingw32/bin/../lib/gcc/nios2-elf/4.7.3/../../../../../H-i686-mingw32/nios2-elf/lib\libm.a(lib_a-s_fabs.o)
 .debug_info    0x0000251a      0x1ae c:/altera/13.1/nios2eds/bin/gnu/h-i686-mingw32/bin/../lib/gcc/nios2-elf/4.7.3/../../../../../H-i686-mingw32/nios2-elf/lib\libm.a(lib_a-s_floor.o)
 .debug_info    0x000026c8      0x241 c:/altera/13.1/nios2eds/bin/gnu/h-i686-mingw32/bin/../lib/gcc/nios2-elf/4.7.3/../../../../../H-i686-mingw32/nios2-elf/lib\libm.a(lib_a-s_scalbn.o)
 .debug_info    0x00002909      0x156 c:/altera/13.1/nios2eds/bin/gnu/h-i686-mingw32/bin/../lib/gcc/nios2-elf/4.7.3/../../../../../H-i686-mingw32/nios2-elf/lib\libm.a(lib_a-s_copysign.o)
 .debug_info    0x00002a5f       0xc5 c:/altera/13.1/nios2eds/bin/gnu/h-i686-mingw32/bin/../lib/gcc/nios2-elf/4.7.3\libgcc.a(_fixunsdfsi.o)
 .debug_info    0x00002b24      0x57a c:/altera/13.1/nios2eds/bin/gnu/h-i686-mingw32/bin/../lib/gcc/nios2-elf/4.7.3\libgcc.a(_addsub_sf.o)
 .debug_info    0x0000309e      0x45d c:/altera/13.1/nios2eds/bin/gnu/h-i686-mingw32/bin/../lib/gcc/nios2-elf/4.7.3\libgcc.a(_mul_sf.o)
 .debug_info    0x000034fb      0x437 c:/altera/13.1/nios2eds/bin/gnu/h-i686-mingw32/bin/../lib/gcc/nios2-elf/4.7.3\libgcc.a(_div_sf.o)
 .debug_info    0x00003932      0x261 c:/altera/13.1/nios2eds/bin/gnu/h-i686-mingw32/bin/../lib/gcc/nios2-elf/4.7.3\libgcc.a(_si_to_sf.o)
 .debug_info    0x00003b93      0x2ff c:/altera/13.1/nios2eds/bin/gnu/h-i686-mingw32/bin/../lib/gcc/nios2-elf/4.7.3\libgcc.a(_sf_to_si.o)
 .debug_info    0x00003e92      0x2b7 c:/altera/13.1/nios2eds/bin/gnu/h-i686-mingw32/bin/../lib/gcc/nios2-elf/4.7.3\libgcc.a(_sf_to_df.o)
 .debug_info    0x00004149      0x155 c:/altera/13.1/nios2eds/bin/gnu/h-i686-mingw32/bin/../lib/gcc/nios2-elf/4.7.3\libgcc.a(_thenan_sf.o)
 .debug_info    0x0000429e      0x588 c:/altera/13.1/nios2eds/bin/gnu/h-i686-mingw32/bin/../lib/gcc/nios2-elf/4.7.3\libgcc.a(_addsub_df.o)
 .debug_info    0x00004826      0x519 c:/altera/13.1/nios2eds/bin/gnu/h-i686-mingw32/bin/../lib/gcc/nios2-elf/4.7.3\libgcc.a(_mul_df.o)
 .debug_info    0x00004d3f      0x443 c:/altera/13.1/nios2eds/bin/gnu/h-i686-mingw32/bin/../lib/gcc/nios2-elf/4.7.3\libgcc.a(_div_df.o)
 .debug_info    0x00005182      0x320 c:/altera/13.1/nios2eds/bin/gnu/h-i686-mingw32/bin/../lib/gcc/nios2-elf/4.7.3\libgcc.a(_eq_df.o)
 .debug_info    0x000054a2      0x320 c:/altera/13.1/nios2eds/bin/gnu/h-i686-mingw32/bin/../lib/gcc/nios2-elf/4.7.3\libgcc.a(_gt_df.o)
 .debug_info    0x000057c2      0x320 c:/altera/13.1/nios2eds/bin/gnu/h-i686-mingw32/bin/../lib/gcc/nios2-elf/4.7.3\libgcc.a(_ge_df.o)
 .debug_info    0x00005ae2      0x261 c:/altera/13.1/nios2eds/bin/gnu/h-i686-mingw32/bin/../lib/gcc/nios2-elf/4.7.3\libgcc.a(_si_to_df.o)
 .debug_info    0x00005d43      0x30b c:/altera/13.1/nios2eds/bin/gnu/h-i686-mingw32/bin/../lib/gcc/nios2-elf/4.7.3\libgcc.a(_df_to_si.o)
 .debug_info    0x0000604e      0x209 c:/altera/13.1/nios2eds/bin/gnu/h-i686-mingw32/bin/../lib/gcc/nios2-elf/4.7.3\libgcc.a(_make_df.o)
 .debug_info    0x00006257      0x2c8 c:/altera/13.1/nios2eds/bin/gnu/h-i686-mingw32/bin/../lib/gcc/nios2-elf/4.7.3\libgcc.a(_df_to_sf.o)
 .debug_info    0x0000651f      0x155 c:/altera/13.1/nios2eds/bin/gnu/h-i686-mingw32/bin/../lib/gcc/nios2-elf/4.7.3\libgcc.a(_thenan_df.o)
 .debug_info    0x00006674      0x284 c:/altera/13.1/nios2eds/bin/gnu/h-i686-mingw32/bin/../lib/gcc/nios2-elf/4.7.3\libgcc.a(_usi_to_df.o)
 .debug_info    0x000068f8      0x289 c:/altera/13.1/nios2eds/bin/gnu/h-i686-mingw32/bin/../lib/gcc/nios2-elf/4.7.3\libgcc.a(lib2-divmod.o)
 .debug_info    0x00006b81      0x1ea c:/altera/13.1/nios2eds/bin/gnu/h-i686-mingw32/bin/../lib/gcc/nios2-elf/4.7.3\libgcc.a(_muldi3.o)
 .debug_info    0x00006d6b      0x123 c:/altera/13.1/nios2eds/bin/gnu/h-i686-mingw32/bin/../lib/gcc/nios2-elf/4.7.3\libgcc.a(_clzsi2.o)
 .debug_info    0x00006e8e      0x2f2 c:/altera/13.1/nios2eds/bin/gnu/h-i686-mingw32/bin/../lib/gcc/nios2-elf/4.7.3\libgcc.a(_pack_sf.o)
 .debug_info    0x00007180      0x26a c:/altera/13.1/nios2eds/bin/gnu/h-i686-mingw32/bin/../lib/gcc/nios2-elf/4.7.3\libgcc.a(_unpack_sf.o)