Archive member included to satisfy reference by file (symbol)

c:/intelfpga/16.1/nios2eds/bin/gnu/h-x86_64-mingw32/bin/../lib/gcc/nios2-elf/5.3.0\libgcc.a(_fixunsdfsi.o)
                              obj/default/hello_world.o (__fixunsdfsi)
c:/intelfpga/16.1/nios2eds/bin/gnu/h-x86_64-mingw32/bin/../lib/gcc/nios2-elf/5.3.0\libgcc.a(divsf3.o)
                              obj/default/hello_world.o (__divsf3)
c:/intelfpga/16.1/nios2eds/bin/gnu/h-x86_64-mingw32/bin/../lib/gcc/nios2-elf/5.3.0\libgcc.a(mulsf3.o)
                              obj/default/hello_world.o (__mulsf3)
c:/intelfpga/16.1/nios2eds/bin/gnu/h-x86_64-mingw32/bin/../lib/gcc/nios2-elf/5.3.0\libgcc.a(fixsfsi.o)
                              obj/default/hello_world.o (__fixsfsi)
c:/intelfpga/16.1/nios2eds/bin/gnu/h-x86_64-mingw32/bin/../lib/gcc/nios2-elf/5.3.0\libgcc.a(floatsisf.o)
                              obj/default/hello_world.o (__floatsisf)
c:/intelfpga/16.1/nios2eds/bin/gnu/h-x86_64-mingw32/bin/../lib/gcc/nios2-elf/5.3.0\libgcc.a(gedf2.o)
                              c:/intelfpga/16.1/nios2eds/bin/gnu/h-x86_64-mingw32/bin/../lib/gcc/nios2-elf/5.3.0\libgcc.a(_fixunsdfsi.o) (__gedf2)
c:/intelfpga/16.1/nios2eds/bin/gnu/h-x86_64-mingw32/bin/../lib/gcc/nios2-elf/5.3.0\libgcc.a(muldf3.o)
                              obj/default/hello_world.o (__muldf3)
c:/intelfpga/16.1/nios2eds/bin/gnu/h-x86_64-mingw32/bin/../lib/gcc/nios2-elf/5.3.0\libgcc.a(subdf3.o)
                              c:/intelfpga/16.1/nios2eds/bin/gnu/h-x86_64-mingw32/bin/../lib/gcc/nios2-elf/5.3.0\libgcc.a(_fixunsdfsi.o) (__subdf3)
c:/intelfpga/16.1/nios2eds/bin/gnu/h-x86_64-mingw32/bin/../lib/gcc/nios2-elf/5.3.0\libgcc.a(fixdfsi.o)
                              c:/intelfpga/16.1/nios2eds/bin/gnu/h-x86_64-mingw32/bin/../lib/gcc/nios2-elf/5.3.0\libgcc.a(_fixunsdfsi.o) (__fixdfsi)
c:/intelfpga/16.1/nios2eds/bin/gnu/h-x86_64-mingw32/bin/../lib/gcc/nios2-elf/5.3.0\libgcc.a(extendsfdf2.o)
                              obj/default/hello_world.o (__extendsfdf2)
c:/intelfpga/16.1/nios2eds/bin/gnu/h-x86_64-mingw32/bin/../lib/gcc/nios2-elf/5.3.0\libgcc.a(_clzsi2.o)
                              c:/intelfpga/16.1/nios2eds/bin/gnu/h-x86_64-mingw32/bin/../lib/gcc/nios2-elf/5.3.0\libgcc.a(divsf3.o) (__clzsi2)
c:/intelfpga/16.1/nios2eds/bin/gnu/h-x86_64-mingw32/bin/../lib/gcc/nios2-elf/5.3.0\libgcc.a(_clz.o)
                              c:/intelfpga/16.1/nios2eds/bin/gnu/h-x86_64-mingw32/bin/../lib/gcc/nios2-elf/5.3.0\libgcc.a(_clzsi2.o) (__clz_tab)
c:/intelfpga/16.1/nios2eds/bin/gnu/h-x86_64-mingw32/bin/../lib/gcc/nios2-elf/5.3.0/../../../../../H-x86_64-mingw32/nios2-elf/lib\libsmallc.a(lib_a-memset.o)
                              obj/default/hello_world.o (memset)
c:/intelfpga/16.1/nios2eds/bin/gnu/h-x86_64-mingw32/bin/../lib/gcc/nios2-elf/5.3.0/../../../../../H-x86_64-mingw32/nios2-elf/lib\libsmallc.a(lib_a-printf.o)
                              obj/default/hello_world.o (printf)
c:/intelfpga/16.1/nios2eds/bin/gnu/h-x86_64-mingw32/bin/../lib/gcc/nios2-elf/5.3.0/../../../../../H-x86_64-mingw32/nios2-elf/lib\libsmallc.a(lib_a-puts.o)
                              obj/default/hello_world.o (puts)
c:/intelfpga/16.1/nios2eds/bin/gnu/h-x86_64-mingw32/bin/../lib/gcc/nios2-elf/5.3.0/../../../../../H-x86_64-mingw32/nios2-elf/lib\libsmallc.a(lib_a-sprintf.o)
                              obj/default/hello_world.o (sprintf)
c:/intelfpga/16.1/nios2eds/bin/gnu/h-x86_64-mingw32/bin/../lib/gcc/nios2-elf/5.3.0/../../../../../H-x86_64-mingw32/nios2-elf/lib\libsmallc.a(lib_a-strlen.o)
                              obj/default/hello_world.o (strlen)
c:/intelfpga/16.1/nios2eds/bin/gnu/h-x86_64-mingw32/bin/../lib/gcc/nios2-elf/5.3.0/../../../../../H-x86_64-mingw32/nios2-elf/lib\libsmallc.a(lib_a-strstr.o)
                              obj/default/hello_world.o (strstr)
c:/intelfpga/16.1/nios2eds/bin/gnu/h-x86_64-mingw32/bin/../lib/gcc/nios2-elf/5.3.0/../../../../../H-x86_64-mingw32/nios2-elf/lib\libsmallc.a(lib_a-svfprintf.o)
                              c:/intelfpga/16.1/nios2eds/bin/gnu/h-x86_64-mingw32/bin/../lib/gcc/nios2-elf/5.3.0/../../../../../H-x86_64-mingw32/nios2-elf/lib\libsmallc.a(lib_a-sprintf.o) (___svfprintf_internal_r)
c:/intelfpga/16.1/nios2eds/bin/gnu/h-x86_64-mingw32/bin/../lib/gcc/nios2-elf/5.3.0/../../../../../H-x86_64-mingw32/nios2-elf/lib\libsmallc.a(lib_a-vfprintf.o)
                              c:/intelfpga/16.1/nios2eds/bin/gnu/h-x86_64-mingw32/bin/../lib/gcc/nios2-elf/5.3.0/../../../../../H-x86_64-mingw32/nios2-elf/lib\libsmallc.a(lib_a-printf.o) (___vfprintf_internal_r)
c:/intelfpga/16.1/nios2eds/bin/gnu/h-x86_64-mingw32/bin/../lib/gcc/nios2-elf/5.3.0/../../../../../H-x86_64-mingw32/nios2-elf/lib\libsmallc.a(lib_a-fvwrite_small_dev.o)
                              c:/intelfpga/16.1/nios2eds/bin/gnu/h-x86_64-mingw32/bin/../lib/gcc/nios2-elf/5.3.0/../../../../../H-x86_64-mingw32/nios2-elf/lib\libsmallc.a(lib_a-printf.o) (__sfvwrite_small_dev)
[...]
Memory Configuration

Name             Origin             Length             Attributes
RAM_BEFORE_EXCEPTION 0x0000000000010000 0x0000000000000020
RAM              0x0000000000010020 0x000000000000cee8
reset            0x0000000000021000 0x0000000000000020
EPCS             0x0000000000021020 0x00000000000007e0
*default*        0x0000000000000000 0xffffffffffffffff

Linker script and memory map

LOAD ../unite_bsp//obj/HAL/src/crt0.o
LOAD obj/default/hello_world.o
LOAD c:/intelfpga/16.1/nios2eds/bin/gnu/h-x86_64-mingw32/bin/../lib/gcc/nios2-elf/5.3.0/../../../../../H-x86_64-mingw32/nios2-elf/lib\libstdc++.a
LOAD c:/intelfpga/16.1/nios2eds/bin/gnu/h-x86_64-mingw32/bin/../lib/gcc/nios2-elf/5.3.0/../../../../../H-x86_64-mingw32/nios2-elf/lib\libm.a
LOAD c:/intelfpga/16.1/nios2eds/bin/gnu/h-x86_64-mingw32/bin/../lib/gcc/nios2-elf/5.3.0\libgcc.a
START GROUP
LOAD c:/intelfpga/16.1/nios2eds/bin/gnu/h-x86_64-mingw32/bin/../lib/gcc/nios2-elf/5.3.0/../../../../../H-x86_64-mingw32/nios2-elf/lib\libsmallc.a
LOAD c:/intelfpga/16.1/nios2eds/bin/gnu/h-x86_64-mingw32/bin/../lib/gcc/nios2-elf/5.3.0\libgcc.a
LOAD ../unite_bsp/\libhal_bsp.a
LOAD c:/intelfpga/16.1/nios2eds/bin/gnu/h-x86_64-mingw32/bin/../lib/gcc/nios2-elf/5.3.0/../../../../../H-x86_64-mingw32/nios2-elf/lib\libm.a
END GROUP
LOAD c:/intelfpga/16.1/nios2eds/bin/gnu/h-x86_64-mingw32/bin/../lib/gcc/nios2-elf/5.3.0\libgcc.a
                0x0000000000010000                __alt_mem_RAM = 0x10000
                0x0000000000021000                __alt_mem_EPCS = 0x21000

.entry          0x0000000000021000       0x20
 *(.entry)
 .entry         0x0000000000021000       0x20 ../unite_bsp//obj/HAL/src/crt0.o
                0x0000000000021000                __reset

.exceptions     0x0000000000010020        0x0
                0x0000000000010020                PROVIDE (__ram_exceptions_start, ABSOLUTE (.))
                0x0000000000010020                . = ALIGN (0x20)
 *(.irq)
 *(.exceptions.entry.label)
 *(.exceptions.entry.user)
 *(.exceptions.entry.ecc_fatal)
 *(.exceptions.entry)
 *(.exceptions.irqtest.user)
 *(.exceptions.irqtest)
 *(.exceptions.irqhandler.user)
 *(.exceptions.irqhandler)
 *(.exceptions.irqreturn.user)
 *(.exceptions.irqreturn)
 *(.exceptions.notirq.label)
 *(.exceptions.notirq.user)
 *(.exceptions.notirq)
 *(.exceptions.soft.user)
 *(.exceptions.soft)
 *(.exceptions.unknown.user)
 *(.exceptions.unknown)
 *(.exceptions.exit.label)
 *(.exceptions.exit.user)
 *(.exceptions.exit)
 *(.exceptions)
                0x0000000000010020                PROVIDE (__ram_exceptions_end, ABSOLUTE (.))
                0x0000000000010020                PROVIDE (__flash_exceptions_start, LOADADDR (.exceptions))

.text           0x0000000000010020     0x4ee8
                [!provide]                        PROVIDE (stext, ABSOLUTE (.))
 *(.interp)
 *(.hash)
 *(.dynsym)
 *(.dynstr)
 *(.gnu.version)
 *(.gnu.version_d)
 *(.gnu.version_r)
 *(.rel.init)
 *(.rela.init)
 *(.rel.text .rel.text.* .rel.gnu.linkonce.t.*)
 *(.rela.text .rela.text.* .rela.gnu.linkonce.t.*)
 *(.rel.fini)
 *(.rela.fini)
 *(.rel.rodata .rel.rodata.* .rel.gnu.linkonce.r.*)
 *(.rela.rodata .rela.rodata.* .rela.gnu.linkonce.r.*)
 *(.rel.data .rel.data.* .rel.gnu.linkonce.d.*)
 *(.rela.data .rela.data.* .rela.gnu.linkonce.d.*)
 *(.rel.tdata .rel.tdata.* .rel.gnu.linkonce.td.*)
 *(.rela.tdata .rela.tdata.* .rela.gnu.linkonce.td.*)
 *(.rel.tbss .rel.tbss.* .rel.gnu.linkonce.tb.*)
 *(.rela.tbss .rela.tbss.* .rela.gnu.linkonce.tb.*)
 *(.rel.ctors)
 *(.rela.ctors)
 *(.rel.dtors)
 *(.rela.dtors)
 *(.rel.got)
 *(.rela.got)
 *(.rel.sdata .rel.sdata.* .rel.gnu.linkonce.s.*)
 *(.rela.sdata .rela.sdata.* .rela.gnu.linkonce.s.*)
 *(.rel.sbss .rel.sbss.* .rel.gnu.linkonce.sb.*)
 *(.rela.sbss .rela.sbss.* .rela.gnu.linkonce.sb.*)
 *(.rel.sdata2 .rel.sdata2.* .rel.gnu.linkonce.s2.*)
 *(.rela.sdata2 .rela.sdata2.* .rela.gnu.linkonce.s2.*)
 *(.rel.sbss2 .rel.sbss2.* .rel.gnu.linkonce.sb2.*)
 *(.rela.sbss2 .rela.sbss2.* .rela.gnu.linkonce.sb2.*)
 *(.rel.bss .rel.bss.* .rel.gnu.linkonce.b.*)
 *(.rela.bss .rela.bss.* .rela.gnu.linkonce.b.*)
 *(.rel.plt)
 *(.rela.plt)
 *(.rel.dyn)
 *(.init)
 *(.plt)
 *(.text .stub .text.* .gnu.linkonce.t.*)
 .text          0x0000000000010020       0x3c ../unite_bsp//obj/HAL/src/crt0.o
                0x0000000000010020                _start
 .text          0x000000000001005c      0x9b4 obj/default/hello_world.o
                0x000000000001005c                getBeginMessge
                0x0000000000010084                setDDSFre
                0x0000000000010358                testIsOver
                0x0000000000010380                beginFFT
                0x0000000000010430                sendMessage
                0x00000000000105dc                sampleIsReady
                0x0000000000010624                init
                0x0000000000010688                show
                0x00000000000106b8                msg_proc
                0x0000000000010768                main
                0x00000000000109d0                delay
 .text          0x0000000000010a10       0x74 c:/intelfpga/16.1/nios2eds/bin/gnu/h-x86_64-mingw32/bin/../lib/gcc/nios2-elf/5.3.0\libgcc.a(_fixunsdfsi.o)
                0x0000000000010a10                __fixunsdfsi
 .text          0x0000000000010a84      0x440 c:/intelfpga/16.1/nios2eds/bin/gnu/h-x86_64-mingw32/bin/../lib/gcc/nios2-elf/5.3.0\libgcc.a(divsf3.o)
                0x0000000000010a84                __divsf3
 .text          0x0000000000010ec4      0x3fc c:/intelfpga/16.1/nios2eds/bin/gnu/h-x86_64-mingw32/bin/../lib/gcc/nios2-elf/5.3.0\libgcc.a(mulsf3.o)
                0x0000000000010ec4                __mulsf3
 .text          0x00000000000112c0       0x70 c:/intelfpga/16.1/nios2eds/bin/gnu/h-x86_64-mingw32/bin/../lib/gcc/nios2-elf/5.3.0\libgcc.a(fixsfsi.o)
                0x00000000000112c0                __fixsfsi
 .text          0x0000000000011330      0x124 c:/intelfpga/16.1/nios2eds/bin/gnu/h-x86_64-mingw32/bin/../lib/gcc/nios2-elf/5.3.0\libgcc.a(floatsisf.o)
                0x0000000000011330                __floatsisf
 .text          0x0000000000011454       0xdc c:/intelfpga/16.1/nios2eds/bin/gnu/h-x86_64-mingw32/bin/../lib/gcc/nios2-elf/5.3.0\libgcc.a(gedf2.o)
                0x0000000000011454                __gedf2
                0x0000000000011454                __gtdf2
 .text          0x0000000000011530      0x718 c:/intelfpga/16.1/nios2eds/bin/gnu/h-x86_64-mingw32/bin/../lib/gcc/nios2-elf/5.3.0\libgcc.a(muldf3.o)
                0x0000000000011530                __muldf3
 .text          0x0000000000011c48      0x8fc c:/intelfpga/16.1/nios2eds/bin/gnu/h-x86_64-mingw32/bin/../lib/gcc/nios2-elf/5.3.0\libgcc.a(subdf3.o)
                0x0000000000011c48                __subdf3
 .text          0x0000000000012544       0x80 c:/intelfpga/16.1/nios2eds/bin/gnu/h-x86_64-mingw32/bin/../lib/gcc/nios2-elf/5.3.0\libgcc.a(fixdfsi.o)
                0x0000000000012544                __fixdfsi
 .text          0x00000000000125c4      0x110 c:/intelfpga/16.1/nios2eds/bin/gnu/h-x86_64-mingw32/bin/../lib/gcc/nios2-elf/5.3.0\libgcc.a(extendsfdf2.o)
                0x00000000000125c4                __extendsfdf2
 .text          0x00000000000126d4       0x64 c:/intelfpga/16.1/nios2eds/bin/gnu/h-x86_64-mingw32/bin/../lib/gcc/nios2-elf/5.3.0\libgcc.a(_clzsi2.o)
                0x00000000000126d4                __clzsi2
 .text          0x0000000000012738        0x0 c:/intelfpga/16.1/nios2eds/bin/gnu/h-x86_64-mingw32/bin/../lib/gcc/nios2-elf/5.3.0\libgcc.a(_clz.o)
 .text          0x0000000000012738        0x0 c:/intelfpga/16.1/nios2eds/bin/gnu/h-x86_64-mingw32/bin/../lib/gcc/nios2-elf/5.3.0/../../../../../H-x86_64-mingw32/nios2-elf/lib\libsmallc.a(lib_a-memset.o)
 .text.memset   0x0000000000012738       0x20 c:/intelfpga/16.1/nios2eds/bin/gnu/h-x86_64-mingw32/bin/../lib/gcc/nios2-elf/5.3.0/../../../../../H-x86_64-mingw32/nios2-elf/lib\libsmallc.a(lib_a-memset.o)
                0x0000000000012738                memset
 .text          0x0000000000012758        0x0 c:/intelfpga/16.1/nios2eds/bin/gnu/h-x86_64-mingw32/bin/../lib/gcc/nios2-elf/5.3.0/../../../../../H-x86_64-mingw32/nios2-elf/lib\libsmallc.a(lib_a-printf.o)
 .text._printf_r
                0x0000000000012758       0x3c c:/intelfpga/16.1/nios2eds/bin/gnu/h-x86_64-mingw32/bin/../lib/gcc/nios2-elf/5.3.0/../../../../../H-x86_64-mingw32/nios2-elf/lib\libsmallc.a(lib_a-printf.o)
                0x0000000000012758                _printf_r
 .text.printf   0x0000000000012794       0x4c c:/intelfpga/16.1/nios2eds/bin/gnu/h-x86_64-mingw32/bin/../lib/gcc/nios2-elf/5.3.0/../../../../../H-x86_64-mingw32/nios2-elf/lib\libsmallc.a(lib_a-printf.o)
                0x0000000000012794                printf
 .text          0x00000000000127e0        0x0 c:/intelfpga/16.1/nios2eds/bin/gnu/h-x86_64-mingw32/bin/../lib/gcc/nios2-elf/5.3.0/../../../../../H-x86_64-mingw32/nios2-elf/lib\libsmallc.a(lib_a-puts.o)
 .text._puts_r  0x00000000000127e0       0x80 c:/intelfpga/16.1/nios2eds/bin/gnu/h-x86_64-mingw32/bin/../lib/gcc/nios2-elf/5.3.0/../../../../../H-x86_64-mingw32/nios2-elf/lib\libsmallc.a(lib_a-puts.o)
                0x00000000000127e0                _puts_r
 .text.puts     0x0000000000012860       0x14 c:/intelfpga/16.1/nios2eds/bin/gnu/h-x86_64-mingw32/bin/../lib/gcc/nios2-elf/5.3.0/../../../../../H-x86_64-mingw32/nios2-elf/lib\libsmallc.a(lib_a-puts.o)
                0x0000000000012860                puts
 .text          0x0000000000012874        0x0 c:/intelfpga/16.1/nios2eds/bin/gnu/h-x86_64-mingw32/bin/../lib/gcc/nios2-elf/5.3.0/../../../../../H-x86_64-mingw32/nios2-elf/lib\libsmallc.a(lib_a-sprintf.o)
 .text._sprintf_r
                0x0000000000012874       0x64 c:/intelfpga/16.1/nios2eds/bin/gnu/h-x86_64-mingw32/bin/../lib/gcc/nios2-elf/5.3.0/../../../../../H-x86_64-mingw32/nios2-elf/lib\libsmallc.a(lib_a-sprintf.o)
                0x0000000000012874                _sprintf_r
 .text.sprintf  0x00000000000128d8       0x78 c:/intelfpga/16.1/nios2eds/bin/gnu/h-x86_64-mingw32/bin/../lib/gcc/nios2-elf/5.3.0/../../../../../H-x86_64-mingw32/nios2-elf/lib\libsmallc.a(lib_a-sprintf.o)
                0x00000000000128d8                sprintf
 .text          0x0000000000012950        0x0 c:/intelfpga/16.1/nios2eds/bin/gnu/h-x86_64-mingw32/bin/../lib/gcc/nios2-elf/5.3.0/../../../../../H-x86_64-mingw32/nios2-elf/lib\libsmallc.a(lib_a-strlen.o)
 .text.strlen   0x0000000000012950       0x1c c:/intelfpga/16.1/nios2eds/bin/gnu/h-x86_64-mingw32/bin/../lib/gcc/nios2-elf/5.3.0/../../../../../H-x86_64-mingw32/nios2-elf/lib\libsmallc.a(lib_a-strlen.o)
                0x0000000000012950                strlen
 .text          0x000000000001296c        0x0 c:/intelfpga/16.1/nios2eds/bin/gnu/h-x86_64-mingw32/bin/../lib/gcc/nios2-elf/5.3.0/../../../../../H-x86_64-mingw32/nios2-elf/lib\libsmallc.a(lib_a-strstr.o)
 .text.strstr   0x000000000001296c       0x60 c:/intelfpga/16.1/nios2eds/bin/gnu/h-x86_64-mingw32/bin/../lib/gcc/nios2-elf/5.3.0/../../../../../H-x86_64-mingw32/nios2-elf/lib\libsmallc.a(lib_a-strstr.o)
                0x000000000001296c                strstr
 .text          0x00000000000129cc        0x0 c:/intelfpga/16.1/nios2eds/bin/gnu/h-x86_64-mingw32/bin/../lib/gcc/nios2-elf/5.3.0/../../../../../H-x86_64-mingw32/nios2-elf/lib\libsmallc.a(lib_a-svfprintf.o)
 .text.print_repeat
                0x00000000000129cc       0x6c c:/intelfpga/16.1/nios2eds/bin/gnu/h-x86_64-mingw32/bin/../lib/gcc/nios2-elf/5.3.0/../../../../../H-x86_64-mingw32/nios2-elf/lib\libsmallc.a(lib_a-svfprintf.o)
 .text.___svfprintf_internal_r
                0x0000000000012a38      0x524 c:/intelfpga/16.1/nios2eds/bin/gnu/h-x86_64-mingw32/bin/../lib/gcc/nios2-elf/5.3.0/../../../../../H-x86_64-mingw32/nios2-elf/lib\libsmallc.a(lib_a-svfprintf.o)
                0x0000000000012a38                ___svfprintf_internal_r
 .text.__vfprintf_internal_unused
                0x0000000000012f5c       0x1c c:/intelfpga/16.1/nios2eds/bin/gnu/h-x86_64-mingw32/bin/../lib/gcc/nios2-elf/5.3.0/../../../../../H-x86_64-mingw32/nios2-elf/lib\libsmallc.a(lib_a-svfprintf.o)
                0x0000000000012f5c                __vfprintf_internal_unused
 .text          0x0000000000012f78        0x0 c:/intelfpga/16.1/nios2eds/bin/gnu/h-x86_64-mingw32/bin/../lib/gcc/nios2-elf/5.3.0/../../../../../H-x86_64-mingw32/nios2-elf/lib\libsmallc.a(lib_a-vfprintf.o)
 .text.print_repeat
                0x0000000000012f78       0x6c c:/intelfpga/16.1/nios2eds/bin/gnu/h-x86_64-mingw32/bin/../lib/gcc/nios2-elf/5.3.0/../../../../../H-x86_64-mingw32/nios2-elf/lib\libsmallc.a(lib_a-vfprintf.o)
 .text.___vfprintf_internal_r
                0x0000000000012fe4      0x524 c:/intelfpga/16.1/nios2eds/bin/gnu/h-x86_64-mingw32/bin/../lib/gcc/nios2-elf/5.3.0/../../../../../H-x86_64-mingw32/nios2-elf/lib\libsmallc.a(lib_a-vfprintf.o)
                0x0000000000012fe4                ___vfprintf_internal_r
 .text.__vfprintf_internal
                0x0000000000013508       0x1c c:/intelfpga/16.1/nios2eds/bin/gnu/h-x86_64-mingw32/bin/../lib/gcc/nios2-elf/5.3.0/../../../../../H-x86_64-mingw32/nios2-elf/lib\libsmallc.a(lib_a-vfprintf.o)
                0x0000000000013508                __vfprintf_internal
 .text          0x0000000000013524        0x0 c:/intelfpga/16.1/nios2eds/bin/gnu/h-x86_64-mingw32/bin/../lib/gcc/nios2-elf/5.3.0/../../../../../H-x86_64-mingw32/nios2-elf/lib\libsmallc.a(lib_a-fvwrite_small_dev.o)
 .text.__sfvwrite_small_dev
                0x0000000000013524       0xb8 c:/intelfpga/16.1/nios2eds/bin/gnu/h-x86_64-mingw32/bin/../lib/gcc/nios2-elf/5.3.0/../../../../../H-x86_64-mingw32/nios2-elf/lib\libsmallc.a(lib_a-fvwrite_small_dev.o)
                0x0000000000013524                __sfvwrite_small_dev
 .text          0x00000000000135dc        0x0 c:/intelfpga/16.1/nios2eds/bin/gnu/h-x86_64-mingw32/bin/../lib/gcc/nios2-elf/5.3.0/../../../../../H-x86_64-mingw32/nios2-elf/lib\libsmallc.a(lib_a-fvwrite_small_str.o)
 .text.__sfvwrite_small_str
                0x00000000000135dc       0xa8 c:/intelfpga/16.1/nios2eds/bin/gnu/h-x86_64-mingw32/bin/../lib/gcc/nios2-elf/5.3.0/../../../../../H-x86_64-mingw32/nios2-elf/lib\libsmallc.a(lib_a-fvwrite_small_str.o)
                0x00000000000135dc                __sfvwrite_small_str
 .text          0x0000000000013684        0x0 c:/intelfpga/16.1/nios2eds/bin/gnu/h-x86_64-mingw32/bin/../lib/gcc/nios2-elf/5.3.0/../../../../../H-x86_64-mingw32/nios2-elf/lib\libsmallc.a(lib_a-impure.o)
 .text          0x0000000000013684        0x0 c:/intelfpga/16.1/nios2eds/bin/gnu/h-x86_64-mingw32/bin/../lib/gcc/nios2-elf/5.3.0/../../../../../H-x86_64-mingw32/nios2-elf/lib\libsmallc.a(lib_a-memmove.o)
 .text.memmove  0x0000000000013684       0x60 c:/intelfpga/16.1/nios2eds/bin/gnu/h-x86_64-mingw32/bin/../lib/gcc/nios2-elf/5.3.0/../../../../../H-x86_64-mingw32/nios2-elf/lib\libsmallc.a(lib_a-memmove.o)
                0x0000000000013684                memmove
 .text          0x00000000000136e4        0x0 c:/intelfpga/16.1/nios2eds/bin/gnu/h-x86_64-mingw32/bin/../lib/gcc/nios2-elf/5.3.0/../../../../../H-x86_64-mingw32/nios2-elf/lib\libsmallc.a(lib_a-writer.o)
 .text._write_r
                0x00000000000136e4       0x58 c:/intelfpga/16.1/nios2eds/bin/gnu/h-x86_64-mingw32/bin/../lib/gcc/nios2-elf/5.3.0/../../../../../H-x86_64-mingw32/nios2-elf/lib\libsmallc.a(lib_a-writer.o)
                0x00000000000136e4                _write_r
 .text          0x000000000001373c        0x0 c:/intelfpga/16.1/nios2eds/bin/gnu/h-x86_64-mingw32/bin/../lib/gcc/nios2-elf/5.3.0/../../../../../H-x86_64-mingw32/nios2-elf/lib\libsmallc.a(lib_a-int_errno.o)
 .text          0x000000000001373c      0x1b4 c:/intelfpga/16.1/nios2eds/bin/gnu/h-x86_64-mingw32/bin/../lib/gcc/nios2-elf/5.3.0\libgcc.a(lib2-divmod.o)
                0x000000000001373c                __divsi3
                0x00000000000137c0                __modsi3
                0x0000000000013834                __udivsi3
                0x0000000000013898                __umodsi3
 .text          0x00000000000138f0       0xec ../unite_bsp/\libhal_bsp.a(alt_load.o)
                0x0000000000013958                alt_load
 .text          0x00000000000139dc       0x7c ../unite_bsp/\libhal_bsp.a(alt_main.o)
                0x00000000000139dc                alt_main
 .text          0x0000000000013a58      0x134 ../unite_bsp/\libhal_bsp.a(alt_write.o)
                0x0000000000013a94                write
 .text          0x0000000000013b8c       0xcc ../unite_bsp/\libhal_bsp.a(alt_sys_init.o)
                0x0000000000013bc0                alt_irq_init
                0x0000000000013bf8                alt_sys_init
 .text          0x0000000000013c58       0xc0 ../unite_bsp/\libhal_bsp.a(altera_avalon_jtag_uart_fd.o)
                0x0000000000013c58                altera_avalon_jtag_uart_read_fd
                0x0000000000013cb8                altera_avalon_jtag_uart_write_fd
 .text          0x0000000000013d18       0xec ../unite_bsp/\libhal_bsp.a(altera_avalon_jtag_uart_read.o)
                0x0000000000013d18                altera_avalon_jtag_uart_read
 .text          0x0000000000013e04       0x94 ../unite_bsp/\libhal_bsp.a(altera_avalon_jtag_uart_write.o)
                0x0000000000013e04                altera_avalon_jtag_uart_write
 .text          0x0000000000013e98       0xc0 ../unite_bsp/\libhal_bsp.a(altera_avalon_uart_fd.o)
                0x0000000000013e98                altera_avalon_uart_read_fd
                0x0000000000013ef8                altera_avalon_uart_write_fd
 .text          0x0000000000013f58      0x100 ../unite_bsp/\libhal_bsp.a(altera_avalon_uart_read.o)
                0x0000000000013f94                altera_avalon_uart_read
 .text          0x0000000000014058      0x11c ../unite_bsp/\libhal_bsp.a(altera_avalon_uart_write.o)
                0x0000000000014094                altera_avalon_uart_write
 .text          0x0000000000014174      0x10c ../unite_bsp/\libhal_bsp.a(alt_close.o)
                0x00000000000141b0                close
 .text          0x0000000000014280       0x20 ../unite_bsp/\libhal_bsp.a(alt_dcache_flush_all.o)
                0x0000000000014280                alt_dcache_flush_all
 .text          0x00000000000142a0       0x2c ../unite_bsp/\libhal_bsp.a(alt_dev.o)
 .text          0x00000000000142cc       0xe0 ../unite_bsp/\libhal_bsp.a(alt_dev_llist_insert.o)
                0x0000000000014308                alt_dev_llist_insert
 .text          0x00000000000143ac       0x60 ../unite_bsp/\libhal_bsp.a(alt_do_ctors.o)
                0x00000000000143ac                _do_ctors
 .text          0x000000000001440c       0x60 ../unite_bsp/\libhal_bsp.a(alt_do_dtors.o)
                0x000000000001440c                _do_dtors
 .text          0x000000000001446c        0x0 ../unite_bsp/\libhal_bsp.a(alt_errno.o)
 .text          0x000000000001446c       0x34 ../unite_bsp/\libhal_bsp.a(alt_icache_flush_all.o)
                0x000000000001446c                alt_icache_flush_all
 .text          0x00000000000144a0      0x140 ../unite_bsp/\libhal_bsp.a(alt_io_redirect.o)
                0x0000000000014564                alt_io_redirect
 .text          0x00000000000145e0      0x254 ../unite_bsp/\libhal_bsp.a(alt_open.o)
                0x00000000000146e0                open
 .text          0x0000000000014834       0x64 ../unite_bsp/\libhal_bsp.a(alt_release_fd.o)
                0x0000000000014834                alt_release_fd
 .text          0x0000000000014898       0x24 ../unite_bsp/\libhal_bsp.a(altera_nios2_qsys_irq.o)
                0x0000000000014898                altera_nios2_qsys_irq_init
 .text          0x00000000000148bc       0x90 ../unite_bsp/\libhal_bsp.a(alt_find_dev.o)
                0x00000000000148bc                alt_find_dev
 .text          0x000000000001494c      0x108 ../unite_bsp/\libhal_bsp.a(alt_find_file.o)
                0x000000000001494c                alt_find_file
 .text          0x0000000000014a54       0xa4 ../unite_bsp/\libhal_bsp.a(alt_get_fd.o)
                0x0000000000014a54                alt_get_fd
 .text          0x0000000000014af8       0x90 ../unite_bsp/\libhal_bsp.a(alt_icache_flush.o)
                0x0000000000014af8                alt_icache_flush
 .text          0x0000000000014b88        0x0 c:/intelfpga/16.1/nios2eds/bin/gnu/h-x86_64-mingw32/bin/../lib/gcc/nios2-elf/5.3.0/../../../../../H-x86_64-mingw32/nios2-elf/lib\libsmallc.a(lib_a-atexit.o)
 .text.atexit   0x0000000000014b88       0x14 c:/intelfpga/16.1/nios2eds/bin/gnu/h-x86_64-mingw32/bin/../lib/gcc/nios2-elf/5.3.0/../../../../../H-x86_64-mingw32/nios2-elf/lib\libsmallc.a(lib_a-atexit.o)
                0x0000000000014b88                atexit
 .text          0x0000000000014b9c        0x0 c:/intelfpga/16.1/nios2eds/bin/gnu/h-x86_64-mingw32/bin/../lib/gcc/nios2-elf/5.3.0/../../../../../H-x86_64-mingw32/nios2-elf/lib\libsmallc.a(lib_a-exit.o)
 .text.exit     0x0000000000014b9c       0x20 c:/intelfpga/16.1/nios2eds/bin/gnu/h-x86_64-mingw32/bin/../lib/gcc/nios2-elf/5.3.0/../../../../../H-x86_64-mingw32/nios2-elf/lib\libsmallc.a(lib_a-exit.o)
                0x0000000000014b9c                exit
 .text          0x0000000000014bbc        0x0 c:/intelfpga/16.1/nios2eds/bin/gnu/h-x86_64-mingw32/bin/../lib/gcc/nios2-elf/5.3.0/../../../../../H-x86_64-mingw32/nios2-elf/lib\libsmallc.a(lib_a-memcmp.o)
 .text.memcmp   0x0000000000014bbc       0x30 c:/intelfpga/16.1/nios2eds/bin/gnu/h-x86_64-mingw32/bin/../lib/gcc/nios2-elf/5.3.0/../../../../../H-x86_64-mingw32/nios2-elf/lib\libsmallc.a(lib_a-memcmp.o)
                0x0000000000014bbc                memcmp
 .text          0x0000000000014bec        0x0 c:/intelfpga/16.1/nios2eds/bin/gnu/h-x86_64-mingw32/bin/../lib/gcc/nios2-elf/5.3.0/../../../../../H-x86_64-mingw32/nios2-elf/lib\libsmallc.a(lib_a-__atexit.o)
 .text.__register_exitproc
                0x0000000000014bec      0x158 c:/intelfpga/16.1/nios2eds/bin/gnu/h-x86_64-mingw32/bin/../lib/gcc/nios2-elf/5.3.0/../../../../../H-x86_64-mingw32/nios2-elf/lib\libsmallc.a(lib_a-__atexit.o)
                0x0000000000014bec                __register_exitproc
 .text          0x0000000000014d44        0x0 c:/intelfpga/16.1/nios2eds/bin/gnu/h-x86_64-mingw32/bin/../lib/gcc/nios2-elf/5.3.0/../../../../../H-x86_64-mingw32/nios2-elf/lib\libsmallc.a(lib_a-__call_atexit.o)
 .text.__call_exitprocs
                0x0000000000014d44      0x190 c:/intelfpga/16.1/nios2eds/bin/gnu/h-x86_64-mingw32/bin/../lib/gcc/nios2-elf/5.3.0/../../../../../H-x86_64-mingw32/nios2-elf/lib\libsmallc.a(lib_a-__call_atexit.o)
                0x0000000000014d44                __call_exitprocs
 .text          0x0000000000014ed4       0x34 ../unite_bsp/\libhal_bsp.a(alt_exit.o)
                0x0000000000014ed4                _exit
 *(.gnu.warning.*)
 *(.fini)
                [!provide]                        PROVIDE (__etext, ABSOLUTE (.))
                [!provide]                        PROVIDE (_etext, ABSOLUTE (.))
                [!provide]                        PROVIDE (etext, ABSOLUTE (.))
 *(.eh_frame_hdr)
                0x0000000000014f08                . = ALIGN (0x4)
                [!provide]                        PROVIDE (__preinit_array_start, ABSOLUTE (.))
 *(.preinit_array)
                [!provide]                        PROVIDE (__preinit_array_end, ABSOLUTE (.))
                [!provide]                        PROVIDE (__init_array_start, ABSOLUTE (.))
 *(.init_array)
                [!provide]                        PROVIDE (__init_array_end, ABSOLUTE (.))
                [!provide]                        PROVIDE (__fini_array_start, ABSOLUTE (.))
 *(.fini_array)
                [!provide]                        PROVIDE (__fini_array_end, ABSOLUTE (.))
 *(.eh_frame)
 *(.gcc_except_table .gcc_except_table.*)
 *(.dynamic)
                0x0000000000014f08                PROVIDE (__CTOR_LIST__, ABSOLUTE (.))
 *(.ctors)
 *(SORT(.ctors.*))
                0x0000000000014f08                PROVIDE (__CTOR_END__, ABSOLUTE (.))
                0x0000000000014f08                PROVIDE (__DTOR_LIST__, ABSOLUTE (.))
 *(.dtors)
 *(SORT(.dtors.*))
                0x0000000000014f08                PROVIDE (__DTOR_END__, ABSOLUTE (.))
 *(.jcr)
                0x0000000000014f08                . = ALIGN (0x4)

.rodata         0x0000000000014f08      0x264
                0x0000000000014f08                PROVIDE (__ram_rodata_start, ABSOLUTE (.))
                0x0000000000014f08                . = ALIGN (0x4)
 *(.rodata .rodata.* .gnu.linkonce.r.*)
 .rodata        0x0000000000014f08      0x102 obj/default/hello_world.o
 .rodata        0x000000000001500a      0x100 c:/intelfpga/16.1/nios2eds/bin/gnu/h-x86_64-mingw32/bin/../lib/gcc/nios2-elf/5.3.0\libgcc.a(_clz.o)
                0x000000000001500a                __clz_tab
 *fill*         0x000000000001510a        0x2 
 .rodata.str1.4
                0x000000000001510c        0x4 c:/intelfpga/16.1/nios2eds/bin/gnu/h-x86_64-mingw32/bin/../lib/gcc/nios2-elf/5.3.0/../../../../../H-x86_64-mingw32/nios2-elf/lib\libsmallc.a(lib_a-puts.o)
                                          0x2 (size before relaxing)
 .rodata        0x0000000000015110        0xf ../unite_bsp/\libhal_bsp.a(alt_main.o)
 *fill*         0x000000000001511f        0x1 
 .rodata        0x0000000000015120       0x3d ../unite_bsp/\libhal_bsp.a(alt_sys_init.o)
 *fill*         0x000000000001515d        0x3 
 .rodata        0x0000000000015160        0xa ../unite_bsp/\libhal_bsp.a(alt_dev.o)
 *(.rodata1)
                0x000000000001516c                . = ALIGN (0x4)
 *fill*         0x000000000001516a        0x2 
                0x000000000001516c                PROVIDE (__ram_rodata_end, ABSOLUTE (.))
                0x0000000000014f08                PROVIDE (__flash_rodata_start, LOADADDR (.rodata))

.rwdata         0x000000000001516c      0x360 load address 0x00000000000154cc
                0x000000000001516c                PROVIDE (__ram_rwdata_start, ABSOLUTE (.))
                0x000000000001516c                . = ALIGN (0x4)
 *(.got.plt)
 *(.got)
 *(.data1)
 *(.data .data.* .gnu.linkonce.d.*)
 .data          0x000000000001516c        0x0 ../unite_bsp//obj/HAL/src/crt0.o
 .data          0x000000000001516c        0x0 obj/default/hello_world.o
 .data          0x000000000001516c        0x0 c:/intelfpga/16.1/nios2eds/bin/gnu/h-x86_64-mingw32/bin/../lib/gcc/nios2-elf/5.3.0\libgcc.a(_fixunsdfsi.o)
 .data          0x000000000001516c        0x0 c:/intelfpga/16.1/nios2eds/bin/gnu/h-x86_64-mingw32/bin/../lib/gcc/nios2-elf/5.3.0\libgcc.a(divsf3.o)
 .data          0x000000000001516c        0x0 c:/intelfpga/16.1/nios2eds/bin/gnu/h-x86_64-mingw32/bin/../lib/gcc/nios2-elf/5.3.0\libgcc.a(mulsf3.o)
 .data          0x000000000001516c        0x0 c:/intelfpga/16.1/nios2eds/bin/gnu/h-x86_64-mingw32/bin/../lib/gcc/nios2-elf/5.3.0\libgcc.a(fixsfsi.o)
 .data          0x000000000001516c        0x0 c:/intelfpga/16.1/nios2eds/bin/gnu/h-x86_64-mingw32/bin/../lib/gcc/nios2-elf/5.3.0\libgcc.a(floatsisf.o)
 .data          0x000000000001516c        0x0 c:/intelfpga/16.1/nios2eds/bin/gnu/h-x86_64-mingw32/bin/../lib/gcc/nios2-elf/5.3.0\libgcc.a(gedf2.o)
 .data          0x000000000001516c        0x0 c:/intelfpga/16.1/nios2eds/bin/gnu/h-x86_64-mingw32/bin/../lib/gcc/nios2-elf/5.3.0\libgcc.a(muldf3.o)
 .data          0x000000000001516c        0x0 c:/intelfpga/16.1/nios2eds/bin/gnu/h-x86_64-mingw32/bin/../lib/gcc/nios2-elf/5.3.0\libgcc.a(subdf3.o)
 .data          0x000000000001516c        0x0 c:/intelfpga/16.1/nios2eds/bin/gnu/h-x86_64-mingw32/bin/../lib/gcc/nios2-elf/5.3.0\libgcc.a(fixdfsi.o)
 .data          0x000000000001516c        0x0 c:/intelfpga/16.1/nios2eds/bin/gnu/h-x86_64-mingw32/bin/../lib/gcc/nios2-elf/5.3.0\libgcc.a(extendsfdf2.o)
 .data          0x000000000001516c        0x0 c:/intelfpga/16.1/nios2eds/bin/gnu/h-x86_64-mingw32/bin/../lib/gcc/nios2-elf/5.3.0\libgcc.a(_clzsi2.o)
 .data          0x000000000001516c        0x0 c:/intelfpga/16.1/nios2eds/bin/gnu/h-x86_64-mingw32/bin/../lib/gcc/nios2-elf/5.3.0\libgcc.a(_clz.o)
 .data          0x000000000001516c        0x0 c:/intelfpga/16.1/nios2eds/bin/gnu/h-x86_64-mingw32/bin/../lib/gcc/nios2-elf/5.3.0/../../../../../H-x86_64-mingw32/nios2-elf/lib\libsmallc.a(lib_a-memset.o)
 .data          0x000000000001516c        0x0 c:/intelfpga/16.1/nios2eds/bin/gnu/h-x86_64-mingw32/bin/../lib/gcc/nios2-elf/5.3.0/../../../../../H-x86_64-mingw32/nios2-elf/lib\libsmallc.a(lib_a-printf.o)
 .data          0x000000000001516c        0x0 c:/intelfpga/16.1/nios2eds/bin/gnu/h-x86_64-mingw32/bin/../lib/gcc/nios2-elf/5.3.0/../../../../../H-x86_64-mingw32/nios2-elf/lib\libsmallc.a(lib_a-puts.o)
 .data          0x000000000001516c        0x0 c:/intelfpga/16.1/nios2eds/bin/gnu/h-x86_64-mingw32/bin/../lib/gcc/nios2-elf/5.3.0/../../../../../H-x86_64-mingw32/nios2-elf/lib\libsmallc.a(lib_a-sprintf.o)
 .data          0x000000000001516c        0x0 c:/intelfpga/16.1/nios2eds/bin/gnu/h-x86_64-mingw32/bin/../lib/gcc/nios2-elf/5.3.0/../../../../../H-x86_64-mingw32/nios2-elf/lib\libsmallc.a(lib_a-strlen.o)
 .data          0x000000000001516c        0x0 c:/intelfpga/16.1/nios2eds/bin/gnu/h-x86_64-mingw32/bin/../lib/gcc/nios2-elf/5.3.0/../../../../../H-x86_64-mingw32/nios2-elf/lib\libsmallc.a(lib_a-strstr.o)
 .data          0x000000000001516c        0x0 c:/intelfpga/16.1/nios2eds/bin/gnu/h-x86_64-mingw32/bin/../lib/gcc/nios2-elf/5.3.0/../../../../../H-x86_64-mingw32/nios2-elf/lib\libsmallc.a(lib_a-svfprintf.o)
 .data          0x000000000001516c        0x0 c:/intelfpga/16.1/nios2eds/bin/gnu/h-x86_64-mingw32/bin/../lib/gcc/nios2-elf/5.3.0/../../../../../H-x86_64-mingw32/nios2-elf/lib\libsmallc.a(lib_a-vfprintf.o)
 .data          0x000000000001516c        0x0 c:/intelfpga/16.1/nios2eds/bin/gnu/h-x86_64-mingw32/bin/../lib/gcc/nios2-elf/5.3.0/../../../../../H-x86_64-mingw32/nios2-elf/lib\libsmallc.a(lib_a-fvwrite_small_dev.o)
 .data          0x000000000001516c        0x0 c:/intelfpga/16.1/nios2eds/bin/gnu/h-x86_64-mingw32/bin/../lib/gcc/nios2-elf/5.3.0/../../../../../H-x86_64-mingw32/nios2-elf/lib\libsmallc.a(lib_a-fvwrite_small_str.o)
 .data          0x000000000001516c        0x0 c:/intelfpga/16.1/nios2eds/bin/gnu/h-x86_64-mingw32/bin/../lib/gcc/nios2-elf/5.3.0/../../../../../H-x86_64-mingw32/nios2-elf/lib\libsmallc.a(lib_a-impure.o)
 .data.impure_data
                0x000000000001516c       0xe0 c:/intelfpga/16.1/nios2eds/bin/gnu/h-x86_64-mingw32/bin/../lib/gcc/nios2-elf/5.3.0/../../../../../H-x86_64-mingw32/nios2-elf/lib\libsmallc.a(lib_a-impure.o)
 .data          0x000000000001524c        0x0 c:/intelfpga/16.1/nios2eds/bin/gnu/h-x86_64-mingw32/bin/../lib/gcc/nios2-elf/5.3.0/../../../../../H-x86_64-mingw32/nios2-elf/lib\libsmallc.a(lib_a-memmove.o)
 .data          0x000000000001524c        0x0 c:/intelfpga/16.1/nios2eds/bin/gnu/h-x86_64-mingw32/bin/../lib/gcc/nios2-elf/5.3.0/../../../../../H-x86_64-mingw32/nios2-elf/lib\libsmallc.a(lib_a-writer.o)
 .data          0x000000000001524c        0x0 c:/intelfpga/16.1/nios2eds/bin/gnu/h-x86_64-mingw32/bin/../lib/gcc/nios2-elf/5.3.0/../../../../../H-x86_64-mingw32/nios2-elf/lib\libsmallc.a(lib_a-int_errno.o)
 .data          0x000000000001524c        0x0 c:/intelfpga/16.1/nios2eds/bin/gnu/h-x86_64-mingw32/bin/../lib/gcc/nios2-elf/5.3.0\libgcc.a(lib2-divmod.o)
 .data          0x000000000001524c        0x0 ../unite_bsp/\libhal_bsp.a(alt_load.o)
 .data          0x000000000001524c        0x0 ../unite_bsp/\libhal_bsp.a(alt_main.o)
 .data          0x000000000001524c        0x0 ../unite_bsp/\libhal_bsp.a(alt_write.o)
 .data          0x000000000001524c       0xb0 ../unite_bsp/\libhal_bsp.a(alt_sys_init.o)
 .data          0x00000000000152fc        0x0 ../unite_bsp/\libhal_bsp.a(altera_avalon_jtag_uart_fd.o)
 .data          0x00000000000152fc        0x0 ../unite_bsp/\libhal_bsp.a(altera_avalon_jtag_uart_read.o)
 .data          0x00000000000152fc        0x0 ../unite_bsp/\libhal_bsp.a(altera_avalon_jtag_uart_write.o)
 .data          0x00000000000152fc        0x0 ../unite_bsp/\libhal_bsp.a(altera_avalon_uart_fd.o)
 .data          0x00000000000152fc        0x0 ../unite_bsp/\libhal_bsp.a(altera_avalon_uart_read.o)
 .data          0x00000000000152fc        0x0 ../unite_bsp/\libhal_bsp.a(altera_avalon_uart_write.o)
 .data          0x00000000000152fc        0x0 ../unite_bsp/\libhal_bsp.a(alt_close.o)
 .data          0x00000000000152fc        0x0 ../unite_bsp/\libhal_bsp.a(alt_dcache_flush_all.o)
 .data          0x00000000000152fc      0x1a8 ../unite_bsp/\libhal_bsp.a(alt_dev.o)
                0x00000000000152fc                alt_dev_null
                0x0000000000015324                alt_fd_list
 .data          0x00000000000154a4        0x0 ../unite_bsp/\libhal_bsp.a(alt_dev_llist_insert.o)
 .data          0x00000000000154a4        0x0 ../unite_bsp/\libhal_bsp.a(alt_do_ctors.o)
 .data          0x00000000000154a4        0x0 ../unite_bsp/\libhal_bsp.a(alt_do_dtors.o)
 .data          0x00000000000154a4        0x0 ../unite_bsp/\libhal_bsp.a(alt_errno.o)
 .data          0x00000000000154a4        0x0 ../unite_bsp/\libhal_bsp.a(alt_icache_flush_all.o)
 .data          0x00000000000154a4        0x0 ../unite_bsp/\libhal_bsp.a(alt_io_redirect.o)
 .data          0x00000000000154a4        0x0 ../unite_bsp/\libhal_bsp.a(alt_open.o)
 .data          0x00000000000154a4        0x0 ../unite_bsp/\libhal_bsp.a(alt_release_fd.o)
 .data          0x00000000000154a4        0x0 ../unite_bsp/\libhal_bsp.a(altera_nios2_qsys_irq.o)
 .data          0x00000000000154a4        0x0 ../unite_bsp/\libhal_bsp.a(alt_find_dev.o)
 .data          0x00000000000154a4        0x0 ../unite_bsp/\libhal_bsp.a(alt_find_file.o)
 .data          0x00000000000154a4        0x0 ../unite_bsp/\libhal_bsp.a(alt_get_fd.o)
 .data          0x00000000000154a4        0x0 ../unite_bsp/\libhal_bsp.a(alt_icache_flush.o)
 .data          0x00000000000154a4        0x0 c:/intelfpga/16.1/nios2eds/bin/gnu/h-x86_64-mingw32/bin/../lib/gcc/nios2-elf/5.3.0/../../../../../H-x86_64-mingw32/nios2-elf/lib\libsmallc.a(lib_a-atexit.o)
 .data          0x00000000000154a4        0x0 c:/intelfpga/16.1/nios2eds/bin/gnu/h-x86_64-mingw32/bin/../lib/gcc/nios2-elf/5.3.0/../../../../../H-x86_64-mingw32/nios2-elf/lib\libsmallc.a(lib_a-exit.o)
 .data          0x00000000000154a4        0x0 c:/intelfpga/16.1/nios2eds/bin/gnu/h-x86_64-mingw32/bin/../lib/gcc/nios2-elf/5.3.0/../../../../../H-x86_64-mingw32/nios2-elf/lib\libsmallc.a(lib_a-memcmp.o)
 .data          0x00000000000154a4        0x0 c:/intelfpga/16.1/nios2eds/bin/gnu/h-x86_64-mingw32/bin/../lib/gcc/nios2-elf/5.3.0/../../../../../H-x86_64-mingw32/nios2-elf/lib\libsmallc.a(lib_a-__atexit.o)
 .data          0x00000000000154a4        0x0 c:/intelfpga/16.1/nios2eds/bin/gnu/h-x86_64-mingw32/bin/../lib/gcc/nios2-elf/5.3.0/../../../../../H-x86_64-mingw32/nios2-elf/lib\libsmallc.a(lib_a-__call_atexit.o)
 .data          0x00000000000154a4        0x0 ../unite_bsp/\libhal_bsp.a(alt_exit.o)
                0x000000000001d4a4                _gp = ABSOLUTE ((. + 0x8000))
                [!provide]                        PROVIDE (gp, _gp)
 *(.rwdata .rwdata.*)
 *(.sdata .sdata.* .gnu.linkonce.s.*)
 .sdata         0x00000000000154a4        0x5 obj/default/hello_world.o
 *fill*         0x00000000000154a9        0x3 
 .sdata._global_impure_ptr
                0x00000000000154ac        0x4 c:/intelfpga/16.1/nios2eds/bin/gnu/h-x86_64-mingw32/bin/../lib/gcc/nios2-elf/5.3.0/../../../../../H-x86_64-mingw32/nios2-elf/lib\libsmallc.a(lib_a-impure.o)
                0x00000000000154ac                _global_impure_ptr
 .sdata._impure_ptr
                0x00000000000154b0        0x4 c:/intelfpga/16.1/nios2eds/bin/gnu/h-x86_64-mingw32/bin/../lib/gcc/nios2-elf/5.3.0/../../../../../H-x86_64-mingw32/nios2-elf/lib\libsmallc.a(lib_a-impure.o)
                0x00000000000154b0                _impure_ptr
 .sdata         0x00000000000154b4       0x14 ../unite_bsp/\libhal_bsp.a(alt_dev.o)
                0x00000000000154b4                alt_fs_list
                0x00000000000154bc                alt_dev_list
                0x00000000000154c4                alt_max_fd
 .sdata         0x00000000000154c8        0x4 ../unite_bsp/\libhal_bsp.a(alt_errno.o)
                0x00000000000154c8                alt_errno
 *(.sdata2 .sdata2.* .gnu.linkonce.s2.*)
                0x00000000000154cc                . = ALIGN (0x4)
                0x00000000000154cc                _edata = ABSOLUTE (.)
                [!provide]                        PROVIDE (edata, ABSOLUTE (.))
                0x00000000000154cc                PROVIDE (__ram_rwdata_end, ABSOLUTE (.))
                0x00000000000154cc                PROVIDE (__flash_rwdata_start, LOADADDR (.rwdata))

.bss            0x000000000001582c      0x154
                0x000000000001582c                __bss_start = ABSOLUTE (.)
                [!provide]                        PROVIDE (__sbss_start, ABSOLUTE (.))
                [!provide]                        PROVIDE (___sbss_start, ABSOLUTE (.))
 *(.dynsbss)
 *(.sbss .sbss.* .gnu.linkonce.sb.*)
 .sbss          0x000000000001582c        0x4 c:/intelfpga/16.1/nios2eds/bin/gnu/h-x86_64-mingw32/bin/../lib/gcc/nios2-elf/5.3.0/../../../../../H-x86_64-mingw32/nios2-elf/lib\libsmallc.a(lib_a-int_errno.o)
                0x000000000001582c                errno
 .sbss          0x0000000000015830        0xc ../unite_bsp/\libhal_bsp.a(alt_main.o)
                0x0000000000015830                alt_argc
                0x0000000000015834                alt_argv
                0x0000000000015838                alt_envp
 *(.sbss2 .sbss2.* .gnu.linkonce.sb2.*)
 *(.scommon)
                [!provide]                        PROVIDE (__sbss_end, ABSOLUTE (.))
                [!provide]                        PROVIDE (___sbss_end, ABSOLUTE (.))
 *(.dynbss)
 *(.bss .bss.* .gnu.linkonce.b.*)
 .bss           0x000000000001583c        0x0 ../unite_bsp//obj/HAL/src/crt0.o
 .bss           0x000000000001583c      0x144 obj/default/hello_world.o
                0x000000000001583c                input
                0x00000000000158bc                output
                0x000000000001593c                FInfo
                0x0000000000015954                ReceiveMessage
                0x0000000000015968                Result
 .bss           0x0000000000015980        0x0 c:/intelfpga/16.1/nios2eds/bin/gnu/h-x86_64-mingw32/bin/../lib/gcc/nios2-elf/5.3.0\libgcc.a(_fixunsdfsi.o)
 .bss           0x0000000000015980        0x0 c:/intelfpga/16.1/nios2eds/bin/gnu/h-x86_64-mingw32/bin/../lib/gcc/nios2-elf/5.3.0\libgcc.a(divsf3.o)
 .bss           0x0000000000015980        0x0 c:/intelfpga/16.1/nios2eds/bin/gnu/h-x86_64-mingw32/bin/../lib/gcc/nios2-elf/5.3.0\libgcc.a(mulsf3.o)
 .bss           0x0000000000015980        0x0 c:/intelfpga/16.1/nios2eds/bin/gnu/h-x86_64-mingw32/bin/../lib/gcc/nios2-elf/5.3.0\libgcc.a(fixsfsi.o)
 .bss           0x0000000000015980        0x0 c:/intelfpga/16.1/nios2eds/bin/gnu/h-x86_64-mingw32/bin/../lib/gcc/nios2-elf/5.3.0\libgcc.a(floatsisf.o)
 .bss           0x0000000000015980        0x0 c:/intelfpga/16.1/nios2eds/bin/gnu/h-x86_64-mingw32/bin/../lib/gcc/nios2-elf/5.3.0\libgcc.a(gedf2.o)
 .bss           0x0000000000015980        0x0 c:/intelfpga/16.1/nios2eds/bin/gnu/h-x86_64-mingw32/bin/../lib/gcc/nios2-elf/5.3.0\libgcc.a(muldf3.o)
 .bss           0x0000000000015980        0x0 c:/intelfpga/16.1/nios2eds/bin/gnu/h-x86_64-mingw32/bin/../lib/gcc/nios2-elf/5.3.0\libgcc.a(subdf3.o)
 .bss           0x0000000000015980        0x0 c:/intelfpga/16.1/nios2eds/bin/gnu/h-x86_64-mingw32/bin/../lib/gcc/nios2-elf/5.3.0\libgcc.a(fixdfsi.o)
 .bss           0x0000000000015980        0x0 c:/intelfpga/16.1/nios2eds/bin/gnu/h-x86_64-mingw32/bin/../lib/gcc/nios2-elf/5.3.0\libgcc.a(extendsfdf2.o)
 .bss           0x0000000000015980        0x0 c:/intelfpga/16.1/nios2eds/bin/gnu/h-x86_64-mingw32/bin/../lib/gcc/nios2-elf/5.3.0\libgcc.a(_clzsi2.o)
 .bss           0x0000000000015980        0x0 c:/intelfpga/16.1/nios2eds/bin/gnu/h-x86_64-mingw32/bin/../lib/gcc/nios2-elf/5.3.0\libgcc.a(_clz.o)
 .bss           0x0000000000015980        0x0 c:/intelfpga/16.1/nios2eds/bin/gnu/h-x86_64-mingw32/bin/../lib/gcc/nios2-elf/5.3.0/../../../../../H-x86_64-mingw32/nios2-elf/lib\libsmallc.a(lib_a-memset.o)
 .bss           0x0000000000015980        0x0 c:/intelfpga/16.1/nios2eds/bin/gnu/h-x86_64-mingw32/bin/../lib/gcc/nios2-elf/5.3.0/../../../../../H-x86_64-mingw32/nios2-elf/lib\libsmallc.a(lib_a-printf.o)
 .bss           0x0000000000015980        0x0 c:/intelfpga/16.1/nios2eds/bin/gnu/h-x86_64-mingw32/bin/../lib/gcc/nios2-elf/5.3.0/../../../../../H-x86_64-mingw32/nios2-elf/lib\libsmallc.a(lib_a-puts.o)
 .bss           0x0000000000015980        0x0 c:/intelfpga/16.1/nios2eds/bin/gnu/h-x86_64-mingw32/bin/../lib/gcc/nios2-elf/5.3.0/../../../../../H-x86_64-mingw32/nios2-elf/lib\libsmallc.a(lib_a-sprintf.o)
 .bss           0x0000000000015980        0x0 c:/intelfpga/16.1/nios2eds/bin/gnu/h-x86_64-mingw32/bin/../lib/gcc/nios2-elf/5.3.0/../../../../../H-x86_64-mingw32/nios2-elf/lib\libsmallc.a(lib_a-strlen.o)
 .bss           0x0000000000015980        0x0 c:/intelfpga/16.1/nios2eds/bin/gnu/h-x86_64-mingw32/bin/../lib/gcc/nios2-elf/5.3.0/../../../../../H-x86_64-mingw32/nios2-elf/lib\libsmallc.a(lib_a-strstr.o)
 .bss           0x0000000000015980        0x0 c:/intelfpga/16.1/nios2eds/bin/gnu/h-x86_64-mingw32/bin/../lib/gcc/nios2-elf/5.3.0/../../../../../H-x86_64-mingw32/nios2-elf/lib\libsmallc.a(lib_a-svfprintf.o)
 .bss           0x0000000000015980        0x0 c:/intelfpga/16.1/nios2eds/bin/gnu/h-x86_64-mingw32/bin/../lib/gcc/nios2-elf/5.3.0/../../../../../H-x86_64-mingw32/nios2-elf/lib\libsmallc.a(lib_a-vfprintf.o)
 .bss           0x0000000000015980        0x0 c:/intelfpga/16.1/nios2eds/bin/gnu/h-x86_64-mingw32/bin/../lib/gcc/nios2-elf/5.3.0/../../../../../H-x86_64-mingw32/nios2-elf/lib\libsmallc.a(lib_a-fvwrite_small_dev.o)
 .bss           0x0000000000015980        0x0 c:/intelfpga/16.1/nios2eds/bin/gnu/h-x86_64-mingw32/bin/../lib/gcc/nios2-elf/5.3.0/../../../../../H-x86_64-mingw32/nios2-elf/lib\libsmallc.a(lib_a-fvwrite_small_str.o)
 .bss           0x0000000000015980        0x0 c:/intelfpga/16.1/nios2eds/bin/gnu/h-x86_64-mingw32/bin/../lib/gcc/nios2-elf/5.3.0/../../../../../H-x86_64-mingw32/nios2-elf/lib\libsmallc.a(lib_a-impure.o)
 .bss           0x0000000000015980        0x0 c:/intelfpga/16.1/nios2eds/bin/gnu/h-x86_64-mingw32/bin/../lib/gcc/nios2-elf/5.3.0/../../../../../H-x86_64-mingw32/nios2-elf/lib\libsmallc.a(lib_a-memmove.o)
 .bss           0x0000000000015980        0x0 c:/intelfpga/16.1/nios2eds/bin/gnu/h-x86_64-mingw32/bin/../lib/gcc/nios2-elf/5.3.0/../../../../../H-x86_64-mingw32/nios2-elf/lib\libsmallc.a(lib_a-writer.o)
 .bss           0x0000000000015980        0x0 c:/intelfpga/16.1/nios2eds/bin/gnu/h-x86_64-mingw32/bin/../lib/gcc/nios2-elf/5.3.0/../../../../../H-x86_64-mingw32/nios2-elf/lib\libsmallc.a(lib_a-int_errno.o)
 .bss           0x0000000000015980        0x0 c:/intelfpga/16.1/nios2eds/bin/gnu/h-x86_64-mingw32/bin/../lib/gcc/nios2-elf/5.3.0\libgcc.a(lib2-divmod.o)
 .bss           0x0000000000015980        0x0 ../unite_bsp/\libhal_bsp.a(alt_load.o)
 .bss           0x0000000000015980        0x0 ../unite_bsp/\libhal_bsp.a(alt_main.o)
 .bss           0x0000000000015980        0x0 ../unite_bsp/\libhal_bsp.a(alt_write.o)
 .bss           0x0000000000015980        0x0 ../unite_bsp/\libhal_bsp.a(alt_sys_init.o)
 .bss           0x0000000000015980        0x0 ../unite_bsp/\libhal_bsp.a(altera_avalon_jtag_uart_fd.o)
 .bss           0x0000000000015980        0x0 ../unite_bsp/\libhal_bsp.a(altera_avalon_jtag_uart_read.o)
 .bss           0x0000000000015980        0x0 ../unite_bsp/\libhal_bsp.a(altera_avalon_jtag_uart_write.o)
 .bss           0x0000000000015980        0x0 ../unite_bsp/\libhal_bsp.a(altera_avalon_uart_fd.o)
 .bss           0x0000000000015980        0x0 ../unite_bsp/\libhal_bsp.a(altera_avalon_uart_read.o)
 .bss           0x0000000000015980        0x0 ../unite_bsp/\libhal_bsp.a(altera_avalon_uart_write.o)
 .bss           0x0000000000015980        0x0 ../unite_bsp/\libhal_bsp.a(alt_close.o)
 .bss           0x0000000000015980        0x0 ../unite_bsp/\libhal_bsp.a(alt_dcache_flush_all.o)
 .bss           0x0000000000015980        0x0 ../unite_bsp/\libhal_bsp.a(alt_dev.o)
 .bss           0x0000000000015980        0x0 ../unite_bsp/\libhal_bsp.a(alt_dev_llist_insert.o)
 .bss           0x0000000000015980        0x0 ../unite_bsp/\libhal_bsp.a(alt_do_ctors.o)
 .bss           0x0000000000015980        0x0 ../unite_bsp/\libhal_bsp.a(alt_do_dtors.o)
 .bss           0x0000000000015980        0x0 ../unite_bsp/\libhal_bsp.a(alt_errno.o)
 .bss           0x0000000000015980        0x0 ../unite_bsp/\libhal_bsp.a(alt_icache_flush_all.o)
 .bss           0x0000000000015980        0x0 ../unite_bsp/\libhal_bsp.a(alt_io_redirect.o)
 .bss           0x0000000000015980        0x0 ../unite_bsp/\libhal_bsp.a(alt_open.o)
 .bss           0x0000000000015980        0x0 ../unite_bsp/\libhal_bsp.a(alt_release_fd.o)
 .bss           0x0000000000015980        0x0 ../unite_bsp/\libhal_bsp.a(altera_nios2_qsys_irq.o)
 .bss           0x0000000000015980        0x0 ../unite_bsp/\libhal_bsp.a(alt_find_dev.o)
 .bss           0x0000000000015980        0x0 ../unite_bsp/\libhal_bsp.a(alt_find_file.o)
 .bss           0x0000000000015980        0x0 ../unite_bsp/\libhal_bsp.a(alt_get_fd.o)
 .bss           0x0000000000015980        0x0 ../unite_bsp/\libhal_bsp.a(alt_icache_flush.o)
 .bss           0x0000000000015980        0x0 c:/intelfpga/16.1/nios2eds/bin/gnu/h-x86_64-mingw32/bin/../lib/gcc/nios2-elf/5.3.0/../../../../../H-x86_64-mingw32/nios2-elf/lib\libsmallc.a(lib_a-atexit.o)
 .bss           0x0000000000015980        0x0 c:/intelfpga/16.1/nios2eds/bin/gnu/h-x86_64-mingw32/bin/../lib/gcc/nios2-elf/5.3.0/../../../../../H-x86_64-mingw32/nios2-elf/lib\libsmallc.a(lib_a-exit.o)
 .bss           0x0000000000015980        0x0 c:/intelfpga/16.1/nios2eds/bin/gnu/h-x86_64-mingw32/bin/../lib/gcc/nios2-elf/5.3.0/../../../../../H-x86_64-mingw32/nios2-elf/lib\libsmallc.a(lib_a-memcmp.o)
 .bss           0x0000000000015980        0x0 c:/intelfpga/16.1/nios2eds/bin/gnu/h-x86_64-mingw32/bin/../lib/gcc/nios2-elf/5.3.0/../../../../../H-x86_64-mingw32/nios2-elf/lib\libsmallc.a(lib_a-__atexit.o)
 .bss           0x0000000000015980        0x0 c:/intelfpga/16.1/nios2eds/bin/gnu/h-x86_64-mingw32/bin/../lib/gcc/nios2-elf/5.3.0/../../../../../H-x86_64-mingw32/nios2-elf/lib\libsmallc.a(lib_a-__call_atexit.o)
 .bss           0x0000000000015980        0x0 ../unite_bsp/\libhal_bsp.a(alt_exit.o)
 *(COMMON)
                0x0000000000015980                . = ALIGN (0x4)
                0x0000000000015980                __bss_end = ABSOLUTE (.)

.RAM            0x0000000000015980        0x0
                [!provide]                        PROVIDE (_alt_partition_RAM_start, ABSOLUTE (.))
 *(.RAM .RAM. RAM.*)
                0x0000000000015980                . = ALIGN (0x4)
                [!provide]                        PROVIDE (_alt_partition_RAM_end, ABSOLUTE (.))
                0x0000000000015980                _end = ABSOLUTE (.)
                0x0000000000015980                end = ABSOLUTE (.)
                0x0000000000015980                __alt_stack_base = ABSOLUTE (.)
                [!provide]                        PROVIDE (_alt_partition_RAM_load_addr, LOADADDR (.RAM))

.EPCS           0x0000000000021020        0x0 load address 0x0000000000015980
                [!provide]                        PROVIDE (_alt_partition_EPCS_start, ABSOLUTE (.))
 *(.EPCS .EPCS. EPCS.*)
                0x0000000000021020                . = ALIGN (0x4)
                [!provide]                        PROVIDE (_alt_partition_EPCS_end, ABSOLUTE (.))
                [!provide]                        PROVIDE (_alt_partition_EPCS_load_addr, LOADADDR (.EPCS))

.stab
 *(.stab)

.stabstr
 *(.stabstr)

.stab.excl
 *(.stab.excl)

.stab.exclstr
 *(.stab.exclstr)

.stab.index
 *(.stab.index)

.stab.indexstr
 *(.stab.indexstr)

.comment        0x0000000000000000       0x23
 *(.comment)
 .comment       0x0000000000000000       0x23 obj/default/hello_world.o
                                         0x24 (size before relaxing)
 .comment       0x0000000000000023       0x24 c:/intelfpga/16.1/nios2eds/bin/gnu/h-x86_64-mingw32/bin/../lib/gcc/nios2-elf/5.3.0\libgcc.a(_fixunsdfsi.o)
 .comment       0x0000000000000023       0x24 c:/intelfpga/16.1/nios2eds/bin/gnu/h-x86_64-mingw32/bin/../lib/gcc/nios2-elf/5.3.0\libgcc.a(divsf3.o)
 .comment       0x0000000000000023       0x24 c:/intelfpga/16.1/nios2eds/bin/gnu/h-x86_64-mingw32/bin/../lib/gcc/nios2-elf/5.3.0\libgcc.a(mulsf3.o)
 .comment       0x0000000000000023       0x24 c:/intelfpga/16.1/nios2eds/bin/gnu/h-x86_64-mingw32/bin/../lib/gcc/nios2-elf/5.3.0\libgcc.a(fixsfsi.o)
 .comment       0x0000000000000023       0x24 c:/intelfpga/16.1/nios2eds/bin/gnu/h-x86_64-mingw32/bin/../lib/gcc/nios2-elf/5.3.0\libgcc.a(floatsisf.o)
 .comment       0x0000000000000023       0x24 c:/intelfpga/16.1/nios2eds/bin/gnu/h-x86_64-mingw32/bin/../lib/gcc/nios2-elf/5.3.0\libgcc.a(gedf2.o)
 .comment       0x0000000000000023       0x24 c:/intelfpga/16.1/nios2eds/bin/gnu/h-x86_64-mingw32/bin/../lib/gcc/nios2-elf/5.3.0\libgcc.a(muldf3.o)
 .comment       0x0000000000000023       0x24 c:/intelfpga/16.1/nios2eds/bin/gnu/h-x86_64-mingw32/bin/../lib/gcc/nios2-elf/5.3.0\libgcc.a(subdf3.o)
 .comment       0x0000000000000023       0x24 c:/intelfpga/16.1/nios2eds/bin/gnu/h-x86_64-mingw32/bin/../lib/gcc/nios2-elf/5.3.0\libgcc.a(fixdfsi.o)
 .comment       0x0000000000000023       0x24 c:/intelfpga/16.1/nios2eds/bin/gnu/h-x86_64-mingw32/bin/../lib/gcc/nios2-elf/5.3.0\libgcc.a(extendsfdf2.o)
 .comment       0x0000000000000023       0x24 c:/intelfpga/16.1/nios2eds/bin/gnu/h-x86_64-mingw32/bin/../lib/gcc/nios2-elf/5.3.0\libgcc.a(_clzsi2.o)
 .comment       0x0000000000000023       0x24 c:/intelfpga/16.1/nios2eds/bin/gnu/h-x86_64-mingw32/bin/../lib/gcc/nios2-elf/5.3.0\libgcc.a(_clz.o)
 .comment       0x0000000000000023       0x24 c:/intelfpga/16.1/nios2eds/bin/gnu/h-x86_64-mingw32/bin/../lib/gcc/nios2-elf/5.3.0/../../../../../H-x86_64-mingw32/nios2-elf/lib\libsmallc.a(lib_a-memset.o)
 .comment       0x0000000000000023       0x24 c:/intelfpga/16.1/nios2eds/bin/gnu/h-x86_64-mingw32/bin/../lib/gcc/nios2-elf/5.3.0/../../../../../H-x86_64-mingw32/nios2-elf/lib\libsmallc.a(lib_a-printf.o)
 .comment       0x0000000000000023       0x24 c:/intelfpga/16.1/nios2eds/bin/gnu/h-x86_64-mingw32/bin/../lib/gcc/nios2-elf/5.3.0/../../../../../H-x86_64-mingw32/nios2-elf/lib\libsmallc.a(lib_a-puts.o)
 .comment       0x0000000000000023       0x24 c:/intelfpga/16.1/nios2eds/bin/gnu/h-x86_64-mingw32/bin/../lib/gcc/nios2-elf/5.3.0/../../../../../H-x86_64-mingw32/nios2-elf/lib\libsmallc.a(lib_a-sprintf.o)
 .comment       0x0000000000000023       0x24 c:/intelfpga/16.1/nios2eds/bin/gnu/h-x86_64-mingw32/bin/../lib/gcc/nios2-elf/5.3.0/../../../../../H-x86_64-mingw32/nios2-elf/lib\libsmallc.a(lib_a-strlen.o)
 .comment       0x0000000000000023       0x24 c:/intelfpga/16.1/nios2eds/bin/gnu/h-x86_64-mingw32/bin/../lib/gcc/nios2-elf/5.3.0/../../../../../H-x86_64-mingw32/nios2-elf/lib\libsmallc.a(lib_a-strstr.o)
 .comment       0x0000000000000023       0x24 c:/intelfpga/16.1/nios2eds/bin/gnu/h-x86_64-mingw32/bin/../lib/gcc/nios2-elf/5.3.0/../../../../../H-x86_64-mingw32/nios2-elf/lib\libsmallc.a(lib_a-svfprintf.o)
 .comment       0x0000000000000023       0x24 c:/intelfpga/16.1/nios2eds/bin/gnu/h-x86_64-mingw32/bin/../lib/gcc/nios2-elf/5.3.0/../../../../../H-x86_64-mingw32/nios2-elf/lib\libsmallc.a(lib_a-vfprintf.o)
 .comment       0x0000000000000023       0x24 c:/intelfpga/16.1/nios2eds/bin/gnu/h-x86_64-mingw32/bin/../lib/gcc/nios2-elf/5.3.0/../../../../../H-x86_64-mingw32/nios2-elf/lib\libsmallc.a(lib_a-fvwrite_small_dev.o)
 .comment       0x0000000000000023       0x24 c:/intelfpga/16.1/nios2eds/bin/gnu/h-x86_64-mingw32/bin/../lib/gcc/nios2-elf/5.3.0/../../../../../H-x86_64-mingw32/nios2-elf/lib\libsmallc.a(lib_a-fvwrite_small_str.o)
 .comment       0x0000000000000023       0x24 c:/intelfpga/16.1/nios2eds/bin/gnu/h-x86_64-mingw32/bin/../lib/gcc/nios2-elf/5.3.0/../../../../../H-x86_64-mingw32/nios2-elf/lib\libsmallc.a(lib_a-impure.o)
 .comment       0x0000000000000023       0x24 c:/intelfpga/16.1/nios2eds/bin/gnu/h-x86_64-mingw32/bin/../lib/gcc/nios2-elf/5.3.0/../../../../../H-x86_64-mingw32/nios2-elf/lib\libsmallc.a(lib_a-memmove.o)
 .comment       0x0000000000000023       0x24 c:/intelfpga/16.1/nios2eds/bin/gnu/h-x86_64-mingw32/bin/../lib/gcc/nios2-elf/5.3.0/../../../../../H-x86_64-mingw32/nios2-elf/lib\libsmallc.a(lib_a-writer.o)
 .comment       0x0000000000000023       0x24 c:/intelfpga/16.1/nios2eds/bin/gnu/h-x86_64-mingw32/bin/../lib/gcc/nios2-elf/5.3.0/../../../../../H-x86_64-mingw32/nios2-elf/lib\libsmallc.a(lib_a-int_errno.o)
 .comment       0x0000000000000023       0x24 c:/intelfpga/16.1/nios2eds/bin/gnu/h-x86_64-mingw32/bin/../lib/gcc/nios2-elf/5.3.0\libgcc.a(lib2-divmod.o)
 .comment       0x0000000000000023       0x24 ../unite_bsp/\libhal_bsp.a(alt_load.o)
 .comment       0x0000000000000023       0x24 ../unite_bsp/\libhal_bsp.a(alt_main.o)
 .comment       0x0000000000000023       0x24 ../unite_bsp/\libhal_bsp.a(alt_write.o)
 .comment       0x0000000000000023       0x24 ../unite_bsp/\libhal_bsp.a(alt_sys_init.o)
 .comment       0x0000000000000023       0x24 ../unite_bsp/\libhal_bsp.a(altera_avalon_jtag_uart_fd.o)
 .comment       0x0000000000000023       0x24 ../unite_bsp/\libhal_bsp.a(altera_avalon_jtag_uart_read.o)
 .comment       0x0000000000000023       0x24 ../unite_bsp/\libhal_bsp.a(altera_avalon_jtag_uart_write.o)
 .comment       0x0000000000000023       0x24 ../unite_bsp/\libhal_bsp.a(altera_avalon_uart_fd.o)
 .comment       0x0000000000000023       0x24 ../unite_bsp/\libhal_bsp.a(altera_avalon_uart_read.o)
 .comment       0x0000000000000023       0x24 ../unite_bsp/\libhal_bsp.a(altera_avalon_uart_write.o)
 .comment       0x0000000000000023       0x24 ../unite_bsp/\libhal_bsp.a(alt_close.o)
 .comment       0x0000000000000023       0x24 ../unite_bsp/\libhal_bsp.a(alt_dcache_flush_all.o)
 .comment       0x0000000000000023       0x24 ../unite_bsp/\libhal_bsp.a(alt_dev.o)
 .comment       0x0000000000000023       0x24 ../unite_bsp/\libhal_bsp.a(alt_dev_llist_insert.o)
 .comment       0x0000000000000023       0x24 ../unite_bsp/\libhal_bsp.a(alt_do_ctors.o)
 .comment       0x0000000000000023       0x24 ../unite_bsp/\libhal_bsp.a(alt_do_dtors.o)
 .comment       0x0000000000000023       0x24 ../unite_bsp/\libhal_bsp.a(alt_errno.o)
 .comment       0x0000000000000023       0x24 ../unite_bsp/\libhal_bsp.a(alt_icache_flush_all.o)
 .comment       0x0000000000000023       0x24 ../unite_bsp/\libhal_bsp.a(alt_io_redirect.o)
 .comment       0x0000000000000023       0x24 ../unite_bsp/\libhal_bsp.a(alt_open.o)
 .comment       0x0000000000000023       0x24 ../unite_bsp/\libhal_bsp.a(alt_release_fd.o)
 .comment       0x0000000000000023       0x24 ../unite_bsp/\libhal_bsp.a(altera_nios2_qsys_irq.o)
 .comment       0x0000000000000023       0x24 ../unite_bsp/\libhal_bsp.a(alt_find_dev.o)
 .comment       0x0000000000000023       0x24 ../unite_bsp/\libhal_bsp.a(alt_find_file.o)
 .comment       0x0000000000000023       0x24 ../unite_bsp/\libhal_bsp.a(alt_get_fd.o)
 .comment       0x0000000000000023       0x24 ../unite_bsp/\libhal_bsp.a(alt_icache_flush.o)
 .comment       0x0000000000000023       0x24 c:/intelfpga/16.1/nios2eds/bin/gnu/h-x86_64-mingw32/bin/../lib/gcc/nios2-elf/5.3.0/../../../../../H-x86_64-mingw32/nios2-elf/lib\libsmallc.a(lib_a-atexit.o)
 .comment       0x0000000000000023       0x24 c:/intelfpga/16.1/nios2eds/bin/gnu/h-x86_64-mingw32/bin/../lib/gcc/nios2-elf/5.3.0/../../../../../H-x86_64-mingw32/nios2-elf/lib\libsmallc.a(lib_a-exit.o)
 .comment       0x0000000000000023       0x24 c:/intelfpga/16.1/nios2eds/bin/gnu/h-x86_64-mingw32/bin/../lib/gcc/nios2-elf/5.3.0/../../../../../H-x86_64-mingw32/nios2-elf/lib\libsmallc.a(lib_a-memcmp.o)
 .comment       0x0000000000000023       0x24 c:/intelfpga/16.1/nios2eds/bin/gnu/h-x86_64-mingw32/bin/../lib/gcc/nios2-elf/5.3.0/../../../../../H-x86_64-mingw32/nios2-elf/lib\libsmallc.a(lib_a-__atexit.o)
 .comment       0x0000000000000023       0x24 c:/intelfpga/16.1/nios2eds/bin/gnu/h-x86_64-mingw32/bin/../lib/gcc/nios2-elf/5.3.0/../../../../../H-x86_64-mingw32/nios2-elf/lib\libsmallc.a(lib_a-__call_atexit.o)
 .comment       0x0000000000000023       0x24 ../unite_bsp/\libhal_bsp.a(alt_exit.o)

.debug
 *(.debug)

.line
 *(.line)

.debug_srcinfo
 *(.debug_srcinfo)

.debug_sfnames
 *(.debug_sfnames)

.debug_aranges  0x0000000000000000      0x7c0
 *(.debug_aranges)
 .debug_aranges
                0x0000000000000000       0x28 ../unite_bsp//obj/HAL/src/crt0.o
 .debug_aranges
                0x0000000000000028       0x20 obj/default/hello_world.o
 .debug_aranges
                0x0000000000000048       0x20 c:/intelfpga/16.1/nios2eds/bin/gnu/h-x86_64-mingw32/bin/../lib/gcc/nios2-elf/5.3.0\libgcc.a(_fixunsdfsi.o)
 .debug_aranges
                0x0000000000000068       0x20 c:/intelfpga/16.1/nios2eds/bin/gnu/h-x86_64-mingw32/bin/../lib/gcc/nios2-elf/5.3.0\libgcc.a(divsf3.o)
 .debug_aranges
                0x0000000000000088       0x20 c:/intelfpga/16.1/nios2eds/bin/gnu/h-x86_64-mingw32/bin/../lib/gcc/nios2-elf/5.3.0\libgcc.a(mulsf3.o)
 .debug_aranges
                0x00000000000000a8       0x20 c:/intelfpga/16.1/nios2eds/bin/gnu/h-x86_64-mingw32/bin/../lib/gcc/nios2-elf/5.3.0\libgcc.a(fixsfsi.o)
 .debug_aranges
                0x00000000000000c8       0x20 c:/intelfpga/16.1/nios2eds/bin/gnu/h-x86_64-mingw32/bin/../lib/gcc/nios2-elf/5.3.0\libgcc.a(floatsisf.o)
 .debug_aranges
                0x00000000000000e8       0x20 c:/intelfpga/16.1/nios2eds/bin/gnu/h-x86_64-mingw32/bin/../lib/gcc/nios2-elf/5.3.0\libgcc.a(gedf2.o)
 .debug_aranges
                0x0000000000000108       0x20 c:/intelfpga/16.1/nios2eds/bin/gnu/h-x86_64-mingw32/bin/../lib/gcc/nios2-elf/5.3.0\libgcc.a(muldf3.o)
 .debug_aranges
                0x0000000000000128       0x20 c:/intelfpga/16.1/nios2eds/bin/gnu/h-x86_64-mingw32/bin/../lib/gcc/nios2-elf/5.3.0\libgcc.a(subdf3.o)
 .debug_aranges
                0x0000000000000148       0x20 c:/intelfpga/16.1/nios2eds/bin/gnu/h-x86_64-mingw32/bin/../lib/gcc/nios2-elf/5.3.0\libgcc.a(fixdfsi.o)
 .debug_aranges
                0x0000000000000168       0x20 c:/intelfpga/16.1/nios2eds/bin/gnu/h-x86_64-mingw32/bin/../lib/gcc/nios2-elf/5.3.0\libgcc.a(extendsfdf2.o)
 .debug_aranges
                0x0000000000000188       0x20 c:/intelfpga/16.1/nios2eds/bin/gnu/h-x86_64-mingw32/bin/../lib/gcc/nios2-elf/5.3.0\libgcc.a(_clzsi2.o)
 .debug_aranges
                0x00000000000001a8       0x18 c:/intelfpga/16.1/nios2eds/bin/gnu/h-x86_64-mingw32/bin/../lib/gcc/nios2-elf/5.3.0\libgcc.a(_clz.o)
 .debug_aranges
                0x00000000000001c0       0x20 c:/intelfpga/16.1/nios2eds/bin/gnu/h-x86_64-mingw32/bin/../lib/gcc/nios2-elf/5.3.0/../../../../../H-x86_64-mingw32/nios2-elf/lib\libsmallc.a(lib_a-memset.o)
 .debug_aranges
                0x00000000000001e0       0x28 c:/intelfpga/16.1/nios2eds/bin/gnu/h-x86_64-mingw32/bin/../lib/gcc/nios2-elf/5.3.0/../../../../../H-x86_64-mingw32/nios2-elf/lib\libsmallc.a(lib_a-printf.o)
 .debug_aranges
                0x0000000000000208       0x28 c:/intelfpga/16.1/nios2eds/bin/gnu/h-x86_64-mingw32/bin/../lib/gcc/nios2-elf/5.3.0/../../../../../H-x86_64-mingw32/nios2-elf/lib\libsmallc.a(lib_a-puts.o)
 .debug_aranges
                0x0000000000000230       0x28 c:/intelfpga/16.1/nios2eds/bin/gnu/h-x86_64-mingw32/bin/../lib/gcc/nios2-elf/5.3.0/../../../../../H-x86_64-mingw32/nios2-elf/lib\libsmallc.a(lib_a-sprintf.o)
 .debug_aranges
                0x0000000000000258       0x20 c:/intelfpga/16.1/nios2eds/bin/gnu/h-x86_64-mingw32/bin/../lib/gcc/nios2-elf/5.3.0/../../../../../H-x86_64-mingw32/nios2-elf/lib\libsmallc.a(lib_a-strlen.o)
 .debug_aranges
                0x0000000000000278       0x20 c:/intelfpga/16.1/nios2eds/bin/gnu/h-x86_64-mingw32/bin/../lib/gcc/nios2-elf/5.3.0/../../../../../H-x86_64-mingw32/nios2-elf/lib\libsmallc.a(lib_a-strstr.o)
 .debug_aranges
                0x0000000000000298       0x30 c:/intelfpga/16.1/nios2eds/bin/gnu/h-x86_64-mingw32/bin/../lib/gcc/nios2-elf/5.3.0/../../../../../H-x86_64-mingw32/nios2-elf/lib\libsmallc.a(lib_a-svfprintf.o)
 .debug_aranges
                0x00000000000002c8       0x30 c:/intelfpga/16.1/nios2eds/bin/gnu/h-x86_64-mingw32/bin/../lib/gcc/nios2-elf/5.3.0/../../../../../H-x86_64-mingw32/nios2-elf/lib\libsmallc.a(lib_a-vfprintf.o)
 .debug_aranges
                0x00000000000002f8       0x20 c:/intelfpga/16.1/nios2eds/bin/gnu/h-x86_64-mingw32/bin/../lib/gcc/nios2-elf/5.3.0/../../../../../H-x86_64-mingw32/nios2-elf/lib\libsmallc.a(lib_a-fvwrite_small_dev.o)
 .debug_aranges
                0x0000000000000318       0x20 c:/intelfpga/16.1/nios2eds/bin/gnu/h-x86_64-mingw32/bin/../lib/gcc/nios2-elf/5.3.0/../../../../../H-x86_64-mingw32/nios2-elf/lib\libsmallc.a(lib_a-fvwrite_small_str.o)
 .debug_aranges
                0x0000000000000338       0x18 c:/intelfpga/16.1/nios2eds/bin/gnu/h-x86_64-mingw32/bin/../lib/gcc/nios2-elf/5.3.0/../../../../../H-x86_64-mingw32/nios2-elf/lib\libsmallc.a(lib_a-impure.o)
 .debug_aranges
                0x0000000000000350       0x20 c:/intelfpga/16.1/nios2eds/bin/gnu/h-x86_64-mingw32/bin/../lib/gcc/nios2-elf/5.3.0/../../../../../H-x86_64-mingw32/nios2-elf/lib\libsmallc.a(lib_a-memmove.o)
 .debug_aranges
                0x0000000000000370       0x20 c:/intelfpga/16.1/nios2eds/bin/gnu/h-x86_64-mingw32/bin/../lib/gcc/nios2-elf/5.3.0/../../../../../H-x86_64-mingw32/nios2-elf/lib\libsmallc.a(lib_a-writer.o)
 .debug_aranges
                0x0000000000000390       0x18 c:/intelfpga/16.1/nios2eds/bin/gnu/h-x86_64-mingw32/bin/../lib/gcc/nios2-elf/5.3.0/../../../../../H-x86_64-mingw32/nios2-elf/lib\libsmallc.a(lib_a-int_errno.o)
 .debug_aranges
                0x00000000000003a8       0x20 c:/intelfpga/16.1/nios2eds/bin/gnu/h-x86_64-mingw32/bin/../lib/gcc/nios2-elf/5.3.0\libgcc.a(lib2-divmod.o)
 .debug_aranges
                0x00000000000003c8       0x20 ../unite_bsp/\libhal_bsp.a(alt_load.o)
 .debug_aranges
                0x00000000000003e8       0x20 ../unite_bsp/\libhal_bsp.a(alt_main.o)
 .debug_aranges
                0x0000000000000408       0x20 ../unite_bsp/\libhal_bsp.a(alt_write.o)
 .debug_aranges
                0x0000000000000428       0x20 ../unite_bsp/\libhal_bsp.a(alt_sys_init.o)
 .debug_aranges
                0x0000000000000448       0x20 ../unite_bsp/\libhal_bsp.a(altera_avalon_jtag_uart_fd.o)
 .debug_aranges
                0x0000000000000468       0x20 ../unite_bsp/\libhal_bsp.a(altera_avalon_jtag_uart_read.o)
 .debug_aranges
                0x0000000000000488       0x20 ../unite_bsp/\libhal_bsp.a(altera_avalon_jtag_uart_write.o)
 .debug_aranges
                0x00000000000004a8       0x20 ../unite_bsp/\libhal_bsp.a(altera_avalon_uart_fd.o)
 .debug_aranges
                0x00000000000004c8       0x20 ../unite_bsp/\libhal_bsp.a(altera_avalon_uart_read.o)
 .debug_aranges
                0x00000000000004e8       0x20 ../unite_bsp/\libhal_bsp.a(altera_avalon_uart_write.o)
 .debug_aranges
                0x0000000000000508       0x20 ../unite_bsp/\libhal_bsp.a(alt_close.o)
 .debug_aranges
                0x0000000000000528       0x20 ../unite_bsp/\libhal_bsp.a(alt_dcache_flush_all.o)
 .debug_aranges
                0x0000000000000548       0x20 ../unite_bsp/\libhal_bsp.a(alt_dev.o)
 .debug_aranges
                0x0000000000000568       0x20 ../unite_bsp/\libhal_bsp.a(alt_dev_llist_insert.o)
 .debug_aranges
                0x0000000000000588       0x20 ../unite_bsp/\libhal_bsp.a(alt_do_ctors.o)
 .debug_aranges
                0x00000000000005a8       0x20 ../unite_bsp/\libhal_bsp.a(alt_do_dtors.o)
 .debug_aranges
                0x00000000000005c8       0x18 ../unite_bsp/\libhal_bsp.a(alt_errno.o)
 .debug_aranges
                0x00000000000005e0       0x20 ../unite_bsp/\libhal_bsp.a(alt_icache_flush_all.o)
 .debug_aranges
                0x0000000000000600       0x20 ../unite_bsp/\libhal_bsp.a(alt_io_redirect.o)
 .debug_aranges
                0x0000000000000620       0x20 ../unite_bsp/\libhal_bsp.a(alt_open.o)
 .debug_aranges
                0x0000000000000640       0x20 ../unite_bsp/\libhal_bsp.a(alt_release_fd.o)
 .debug_aranges
                0x0000000000000660       0x20 ../unite_bsp/\libhal_bsp.a(altera_nios2_qsys_irq.o)
 .debug_aranges
                0x0000000000000680       0x20 ../unite_bsp/\libhal_bsp.a(alt_find_dev.o)
 .debug_aranges
                0x00000000000006a0       0x20 ../unite_bsp/\libhal_bsp.a(alt_find_file.o)
 .debug_aranges
                0x00000000000006c0       0x20 ../unite_bsp/\libhal_bsp.a(alt_get_fd.o)
 .debug_aranges
                0x00000000000006e0       0x20 ../unite_bsp/\libhal_bsp.a(alt_icache_flush.o)
 .debug_aranges
                0x0000000000000700       0x20 c:/intelfpga/16.1/nios2eds/bin/gnu/h-x86_64-mingw32/bin/../lib/gcc/nios2-elf/5.3.0/../../../../../H-x86_64-mingw32/nios2-elf/lib\libsmallc.a(lib_a-atexit.o)
 .debug_aranges
                0x0000000000000720       0x20 c:/intelfpga/16.1/nios2eds/bin/gnu/h-x86_64-mingw32/bin/../lib/gcc/nios2-elf/5.3.0/../../../../../H-x86_64-mingw32/nios2-elf/lib\libsmallc.a(lib_a-exit.o)
 .debug_aranges
                0x0000000000000740       0x20 c:/intelfpga/16.1/nios2eds/bin/gnu/h-x86_64-mingw32/bin/../lib/gcc/nios2-elf/5.3.0/../../../../../H-x86_64-mingw32/nios2-elf/lib\libsmallc.a(lib_a-memcmp.o)
 .debug_aranges
                0x0000000000000760       0x20 c:/intelfpga/16.1/nios2eds/bin/gnu/h-x86_64-mingw32/bin/../lib/gcc/nios2-elf/5.3.0/../../../../../H-x86_64-mingw32/nios2-elf/lib\libsmallc.a(lib_a-__atexit.o)
 .debug_aranges
                0x0000000000000780       0x20 c:/intelfpga/16.1/nios2eds/bin/gnu/h-x86_64-mingw32/bin/../lib/gcc/nios2-elf/5.3.0/../../../../../H-x86_64-mingw32/nios2-elf/lib\libsmallc.a(lib_a-__call_atexit.o)
 .debug_aranges
                0x00000000000007a0       0x20 ../unite_bsp/\libhal_bsp.a(alt_exit.o)

.debug_pubnames
 *(.debug_pubnames)

.debug_info     0x0000000000000000     0xb813
 *(.debug_info .gnu.linkonce.wi.*)
 .debug_info    0x0000000000000000       0x5d ../unite_bsp//obj/HAL/src/crt0.o
 .debug_info    0x000000000000005d      0x4d1 obj/default/hello_world.o
 .debug_info    0x000000000000052e       0xc7 c:/intelfpga/16.1/nios2eds/bin/gnu/h-x86_64-mingw32/bin/../lib/gcc/nios2-elf/5.3.0\libgcc.a(_fixunsdfsi.o)
 .debug_info    0x00000000000005f5      0x2b7 c:/intelfpga/16.1/nios2eds/bin/gnu/h-x86_64-mingw32/bin/../lib/gcc/nios2-elf/5.3.0\libgcc.a(divsf3.o)
 .debug_info    0x00000000000008ac      0x31d c:/intelfpga/16.1/nios2eds/bin/gnu/h-x86_64-mingw32/bin/../lib/gcc/nios2-elf/5.3.0\libgcc.a(mulsf3.o)
 .debug_info    0x0000000000000bc9      0x18b c:/intelfpga/16.1/nios2eds/bin/gnu/h-x86_64-mingw32/bin/../lib/gcc/nios2-elf/5.3.0\libgcc.a(fixsfsi.o)
 .debug_info    0x0000000000000d54      0x1c7 c:/intelfpga/16.1/nios2eds/bin/gnu/h-x86_64-mingw32/bin/../lib/gcc/nios2-elf/5.3.0\libgcc.a(floatsisf.o)
 .debug_info    0x0000000000000f1b      0x202 c:/intelfpga/16.1/nios2eds/bin/gnu/h-x86_64-mingw32/bin/../lib/gcc/nios2-elf/5.3.0\libgcc.a(gedf2.o)
 .debug_info    0x000000000000111d      0x5f5 c:/intelfpga/16.1/nios2eds/bin/gnu/h-x86_64-mingw32/bin/../lib/gcc/nios2-elf/5.3.0\libgcc.a(muldf3.o)
 .debug_info    0x0000000000001712      0x4a2 c:/intelfpga/16.1/nios2eds/bin/gnu/h-x86_64-mingw32/bin/../lib/gcc/nios2-elf/5.3.0\libgcc.a(subdf3.o)
 .debug_info    0x0000000000001bb4      0x1ae c:/intelfpga/16.1/nios2eds/bin/gnu/h-x86_64-mingw32/bin/../lib/gcc/nios2-elf/5.3.0\libgcc.a(fixdfsi.o)
 .debug_info    0x0000000000001d62      0x248 c:/intelfpga/16.1/nios2eds/bin/gnu/h-x86_64-mingw32/bin/../lib/gcc/nios2-elf/5.3.0\libgcc.a(extendsfdf2.o)
 .debug_info    0x0000000000001faa      0x124 c:/intelfpga/16.1/nios2eds/bin/gnu/h-x86_64-mingw32/bin/../lib/gcc/nios2-elf/5.3.0\libgcc.a(_clzsi2.o)
 .debug_info    0x00000000000020ce       0xb2 c:/intelfpga/16.1/nios2eds/bin/gnu/h-x86_64-mingw32/bin/../lib/gcc/nios2-elf/5.3.0\libgcc.a(_clz.o)
 .debug_info    0x0000000000002180       0xdc c:/intelfpga/16.1/nios2eds/bin/gnu/h-x86_64-mingw32/bin/../lib/gcc/nios2-elf/5.3.0/../../../../../H-x86_64-mingw32/nios2-elf/lib\libsmallc.a(lib_a-memset.o)
 .debug_info    0x000000000000225c      0x699 c:/intelfpga/16.1/nios2eds/bin/gnu/h-x86_64-mingw32/bin/../lib/gcc/nios2-elf/5.3.0/../../../../../H-x86_64-mingw32/nios2-elf/lib\libsmallc.a(lib_a-printf.o)
 .debug_info    0x00000000000028f5      0x66d c:/intelfpga/16.1/nios2eds/bin/gnu/h-x86_64-mingw32/bin/../lib/gcc/nios2-elf/5.3.0/../../../../../H-x86_64-mingw32/nios2-elf/lib\libsmallc.a(lib_a-puts.o)
 .debug_info    0x0000000000002f62      0x7d9 c:/intelfpga/16.1/nios2eds/bin/gnu/h-x86_64-mingw32/bin/../lib/gcc/nios2-elf/5.3.0/../../../../../H-x86_64-mingw32/nios2-elf/lib\libsmallc.a(lib_a-sprintf.o)
 .debug_info    0x000000000000373b       0xc9 c:/intelfpga/16.1/nios2eds/bin/gnu/h-x86_64-mingw32/bin/../lib/gcc/nios2-elf/5.3.0/../../../../../H-x86_64-mingw32/nios2-elf/lib\libsmallc.a(lib_a-strlen.o)
 .debug_info    0x0000000000003804       0xe2 c:/intelfpga/16.1/nios2eds/bin/gnu/h-x86_64-mingw32/bin/../lib/gcc/nios2-elf/5.3.0/../../../../../H-x86_64-mingw32/nios2-elf/lib\libsmallc.a(lib_a-strstr.o)
 .debug_info    0x00000000000038e6      0xb2b c:/intelfpga/16.1/nios2eds/bin/gnu/h-x86_64-mingw32/bin/../lib/gcc/nios2-elf/5.3.0/../../../../../H-x86_64-mingw32/nios2-elf/lib\libsmallc.a(lib_a-svfprintf.o)
 .debug_info    0x0000000000004411      0xb2b c:/intelfpga/16.1/nios2eds/bin/gnu/h-x86_64-mingw32/bin/../lib/gcc/nios2-elf/5.3.0/../../../../../H-x86_64-mingw32/nios2-elf/lib\libsmallc.a(lib_a-vfprintf.o)
 .debug_info    0x0000000000004f3c      0x62b c:/intelfpga/16.1/nios2eds/bin/gnu/h-x86_64-mingw32/bin/../lib/gcc/nios2-elf/5.3.0/../../../../../H-x86_64-mingw32/nios2-elf/lib\libsmallc.a(lib_a-fvwrite_small_dev.o)
 .debug_info    0x0000000000005567      0x700 c:/intelfpga/16.1/nios2eds/bin/gnu/h-x86_64-mingw32/bin/../lib/gcc/nios2-elf/5.3.0/../../../../../H-x86_64-mingw32/nios2-elf/lib\libsmallc.a(lib_a-fvwrite_small_str.o)
 .debug_info    0x0000000000005c67      0x5a9 c:/intelfpga/16.1/nios2eds/bin/gnu/h-x86_64-mingw32/bin/../lib/gcc/nios2-elf/5.3.0/../../../../../H-x86_64-mingw32/nios2-elf/lib\libsmallc.a(lib_a-impure.o)
 .debug_info    0x0000000000006210      0x10b c:/intelfpga/16.1/nios2eds/bin/gnu/h-x86_64-mingw32/bin/../lib/gcc/nios2-elf/5.3.0/../../../../../H-x86_64-mingw32/nios2-elf/lib\libsmallc.a(lib_a-memmove.o)
 .debug_info    0x000000000000631b      0x630 c:/intelfpga/16.1/nios2eds/bin/gnu/h-x86_64-mingw32/bin/../lib/gcc/nios2-elf/5.3.0/../../../../../H-x86_64-mingw32/nios2-elf/lib\libsmallc.a(lib_a-writer.o)
 .debug_info    0x000000000000694b       0x8a c:/intelfpga/16.1/nios2eds/bin/gnu/h-x86_64-mingw32/bin/../lib/gcc/nios2-elf/5.3.0/../../../../../H-x86_64-mingw32/nios2-elf/lib\libsmallc.a(lib_a-int_errno.o)
 .debug_info    0x00000000000069d5      0x2c6 c:/intelfpga/16.1/nios2eds/bin/gnu/h-x86_64-mingw32/bin/../lib/gcc/nios2-elf/5.3.0\libgcc.a(lib2-divmod.o)
 .debug_info    0x0000000000006c9b      0x145 ../unite_bsp/\libhal_bsp.a(alt_load.o)
 .debug_info    0x0000000000006de0      0x131 ../unite_bsp/\libhal_bsp.a(alt_main.o)
 .debug_info    0x0000000000006f11      0x4b7 ../unite_bsp/\libhal_bsp.a(alt_write.o)
 .debug_info    0x00000000000073c8      0x45b ../unite_bsp/\libhal_bsp.a(alt_sys_init.o)
 .debug_info    0x0000000000007823      0x3a7 ../unite_bsp/\libhal_bsp.a(altera_avalon_jtag_uart_fd.o)
 .debug_info    0x0000000000007bca      0x1b2 ../unite_bsp/\libhal_bsp.a(altera_avalon_jtag_uart_read.o)
 .debug_info    0x0000000000007d7c      0x195 ../unite_bsp/\libhal_bsp.a(altera_avalon_jtag_uart_write.o)
 .debug_info    0x0000000000007f11      0x388 ../unite_bsp/\libhal_bsp.a(altera_avalon_uart_fd.o)
 .debug_info    0x0000000000008299      0x1a6 ../unite_bsp/\libhal_bsp.a(altera_avalon_uart_read.o)
 .debug_info    0x000000000000843f      0x1b9 ../unite_bsp/\libhal_bsp.a(altera_avalon_uart_write.o)
 .debug_info    0x00000000000085f8      0x321 ../unite_bsp/\libhal_bsp.a(alt_close.o)
 .debug_info    0x0000000000008919       0x92 ../unite_bsp/\libhal_bsp.a(alt_dcache_flush_all.o)
 .debug_info    0x00000000000089ab      0x49c ../unite_bsp/\libhal_bsp.a(alt_dev.o)
 .debug_info    0x0000000000008e47      0x1a9 ../unite_bsp/\libhal_bsp.a(alt_dev_llist_insert.o)
 .debug_info    0x0000000000008ff0       0x83 ../unite_bsp/\libhal_bsp.a(alt_do_ctors.o)
 .debug_info    0x0000000000009073       0x83 ../unite_bsp/\libhal_bsp.a(alt_do_dtors.o)
 .debug_info    0x00000000000090f6       0xa6 ../unite_bsp/\libhal_bsp.a(alt_errno.o)
 .debug_info    0x000000000000919c       0x92 ../unite_bsp/\libhal_bsp.a(alt_icache_flush_all.o)
 .debug_info    0x000000000000922e      0x4a5 ../unite_bsp/\libhal_bsp.a(alt_io_redirect.o)
 .debug_info    0x00000000000096d3      0x3bb ../unite_bsp/\libhal_bsp.a(alt_open.o)
 .debug_info    0x0000000000009a8e      0x2b0 ../unite_bsp/\libhal_bsp.a(alt_release_fd.o)
 .debug_info    0x0000000000009d3e       0x92 ../unite_bsp/\libhal_bsp.a(altera_nios2_qsys_irq.o)
 .debug_info    0x0000000000009dd0      0x2e9 ../unite_bsp/\libhal_bsp.a(alt_find_dev.o)
 .debug_info    0x000000000000a0b9      0x2e6 ../unite_bsp/\libhal_bsp.a(alt_find_file.o)
 .debug_info    0x000000000000a39f      0x310 ../unite_bsp/\libhal_bsp.a(alt_get_fd.o)
 .debug_info    0x000000000000a6af       0xdc ../unite_bsp/\libhal_bsp.a(alt_icache_flush.o)
 .debug_info    0x000000000000a78b       0xfe c:/intelfpga/16.1/nios2eds/bin/gnu/h-x86_64-mingw32/bin/../lib/gcc/nios2-elf/5.3.0/../../../../../H-x86_64-mingw32/nios2-elf/lib\libsmallc.a(lib_a-atexit.o)
 .debug_info    0x000000000000a889       0xe5 c:/intelfpga/16.1/nios2eds/bin/gnu/h-x86_64-mingw32/bin/../lib/gcc/nios2-elf/5.3.0/../../../../../H-x86_64-mingw32/nios2-elf/lib\libsmallc.a(lib_a-exit.o)
 .debug_info    0x000000000000a96e       0xf4 c:/intelfpga/16.1/nios2eds/bin/gnu/h-x86_64-mingw32/bin/../lib/gcc/nios2-elf/5.3.0/../../../../../H-x86_64-mingw32/nios2-elf/lib\libsmallc.a(lib_a-memcmp.o)
 .debug_info    0x000000000000aa62      0x64a c:/intelfpga/16.1/nios2eds/bin/gnu/h-x86_64-mingw32/bin/../lib/gcc/nios2-elf/5.3.0/../../../../../H-x86_64-mingw32/nios2-elf/lib\libsmallc.a(lib_a-__atexit.o)
 .debug_info    0x000000000000b0ac      0x67b c:/intelfpga/16.1/nios2eds/bin/gnu/h-x86_64-mingw32/bin/../lib/gcc/nios2-elf/5.3.0/../../../../../H-x86_64-mingw32/nios2-elf/lib\libsmallc.a(lib_a-__call_atexit.o)
 .debug_info    0x000000000000b727       0xec ../unite_bsp/\libhal_bsp.a(alt_exit.o)

.debug_abbrev   0x0000000000000000     0x3e03
 *(.debug_abbrev)
 .debug_abbrev  0x0000000000000000       0x12 ../unite_bsp//obj/HAL/src/crt0.o
 .debug_abbrev  0x0000000000000012      0x1c1 obj/default/hello_world.o
 .debug_abbrev  0x00000000000001d3       0x60 c:/intelfpga/16.1/nios2eds/bin/gnu/h-x86_64-mingw32/bin/../lib/gcc/nios2-elf/5.3.0\libgcc.a(_fixunsdfsi.o)
 .debug_abbrev  0x0000000000000233      0x120 c:/intelfpga/16.1/nios2eds/bin/gnu/h-x86_64-mingw32/bin/../lib/gcc/nios2-elf/5.3.0\libgcc.a(divsf3.o)
 .debug_abbrev  0x0000000000000353      0x12d c:/intelfpga/16.1/nios2eds/bin/gnu/h-x86_64-mingw32/bin/../lib/gcc/nios2-elf/5.3.0\libgcc.a(mulsf3.o)
 .debug_abbrev  0x0000000000000480      0x135 c:/intelfpga/16.1/nios2eds/bin/gnu/h-x86_64-mingw32/bin/../lib/gcc/nios2-elf/5.3.0\libgcc.a(fixsfsi.o)
 .debug_abbrev  0x00000000000005b5      0x147 c:/intelfpga/16.1/nios2eds/bin/gnu/h-x86_64-mingw32/bin/../lib/gcc/nios2-elf/5.3.0\libgcc.a(floatsisf.o)
 .debug_abbrev  0x00000000000006fc      0x137 c:/intelfpga/16.1/nios2eds/bin/gnu/h-x86_64-mingw32/bin/../lib/gcc/nios2-elf/5.3.0\libgcc.a(gedf2.o)
 .debug_abbrev  0x0000000000000833      0x13f c:/intelfpga/16.1/nios2eds/bin/gnu/h-x86_64-mingw32/bin/../lib/gcc/nios2-elf/5.3.0\libgcc.a(muldf3.o)
 .debug_abbrev  0x0000000000000972      0x133 c:/intelfpga/16.1/nios2eds/bin/gnu/h-x86_64-mingw32/bin/../lib/gcc/nios2-elf/5.3.0\libgcc.a(subdf3.o)
 .debug_abbrev  0x0000000000000aa5      0x135 c:/intelfpga/16.1/nios2eds/bin/gnu/h-x86_64-mingw32/bin/../lib/gcc/nios2-elf/5.3.0\libgcc.a(fixdfsi.o)
 .debug_abbrev  0x0000000000000bda      0x124 c:/intelfpga/16.1/nios2eds/bin/gnu/h-x86_64-mingw32/bin/../lib/gcc/nios2-elf/5.3.0\libgcc.a(extendsfdf2.o)
 .debug_abbrev  0x0000000000000cfe       0xbe c:/intelfpga/16.1/nios2eds/bin/gnu/h-x86_64-mingw32/bin/../lib/gcc/nios2-elf/5.3.0\libgcc.a(_clzsi2.o)
 .debug_abbrev  0x0000000000000dbc       0x5d c:/intelfpga/16.1/nios2eds/bin/gnu/h-x86_64-mingw32/bin/../lib/gcc/nios2-elf/5.3.0\libgcc.a(_clz.o)
 .debug_abbrev  0x0000000000000e19       0x8e c:/intelfpga/16.1/nios2eds/bin/gnu/h-x86_64-mingw32/bin/../lib/gcc/nios2-elf/5.3.0/../../../../../H-x86_64-mingw32/nios2-elf/lib\libsmallc.a(lib_a-memset.o)
 .debug_abbrev  0x0000000000000ea7      0x1ee c:/intelfpga/16.1/nios2eds/bin/gnu/h-x86_64-mingw32/bin/../lib/gcc/nios2-elf/5.3.0/../../../../../H-x86_64-mingw32/nios2-elf/lib\libsmallc.a(lib_a-printf.o)
 .debug_abbrev  0x0000000000001095      0x1d6 c:/intelfpga/16.1/nios2eds/bin/gnu/h-x86_64-mingw32/bin/../lib/gcc/nios2-elf/5.3.0/../../../../../H-x86_64-mingw32/nios2-elf/lib\libsmallc.a(lib_a-puts.o)
 .debug_abbrev  0x000000000000126b      0x1d8 c:/intelfpga/16.1/nios2eds/bin/gnu/h-x86_64-mingw32/bin/../lib/gcc/nios2-elf/5.3.0/../../../../../H-x86_64-mingw32/nios2-elf/lib\libsmallc.a(lib_a-sprintf.o)
 .debug_abbrev  0x0000000000001443       0x7f c:/intelfpga/16.1/nios2eds/bin/gnu/h-x86_64-mingw32/bin/../lib/gcc/nios2-elf/5.3.0/../../../../../H-x86_64-mingw32/nios2-elf/lib\libsmallc.a(lib_a-strlen.o)
 .debug_abbrev  0x00000000000014c2       0x95 c:/intelfpga/16.1/nios2eds/bin/gnu/h-x86_64-mingw32/bin/../lib/gcc/nios2-elf/5.3.0/../../../../../H-x86_64-mingw32/nios2-elf/lib\libsmallc.a(lib_a-strstr.o)
 .debug_abbrev  0x0000000000001557      0x2a1 c:/intelfpga/16.1/nios2eds/bin/gnu/h-x86_64-mingw32/bin/../lib/gcc/nios2-elf/5.3.0/../../../../../H-x86_64-mingw32/nios2-elf/lib\libsmallc.a(lib_a-svfprintf.o)
 .debug_abbrev  0x00000000000017f8      0x2a1 c:/intelfpga/16.1/nios2eds/bin/gnu/h-x86_64-mingw32/bin/../lib/gcc/nios2-elf/5.3.0/../../../../../H-x86_64-mingw32/nios2-elf/lib\libsmallc.a(lib_a-vfprintf.o)
 .debug_abbrev  0x0000000000001a99      0x1bc c:/intelfpga/16.1/nios2eds/bin/gnu/h-x86_64-mingw32/bin/../lib/gcc/nios2-elf/5.3.0/../../../../../H-x86_64-mingw32/nios2-elf/lib\libsmallc.a(lib_a-fvwrite_small_dev.o)
 .debug_abbrev  0x0000000000001c55      0x1b5 c:/intelfpga/16.1/nios2eds/bin/gnu/h-x86_64-mingw32/bin/../lib/gcc/nios2-elf/5.3.0/../../../../../H-x86_64-mingw32/nios2-elf/lib\libsmallc.a(lib_a-fvwrite_small_str.o)
 .debug_abbrev  0x0000000000001e0a      0x14a c:/intelfpga/16.1/nios2eds/bin/gnu/h-x86_64-mingw32/bin/../lib/gcc/nios2-elf/5.3.0/../../../../../H-x86_64-mingw32/nios2-elf/lib\libsmallc.a(lib_a-impure.o)
 .debug_abbrev  0x0000000000001f54       0x8d c:/intelfpga/16.1/nios2eds/bin/gnu/h-x86_64-mingw32/bin/../lib/gcc/nios2-elf/5.3.0/../../../../../H-x86_64-mingw32/nios2-elf/lib\libsmallc.a(lib_a-memmove.o)
 .debug_abbrev  0x0000000000001fe1      0x1a6 c:/intelfpga/16.1/nios2eds/bin/gnu/h-x86_64-mingw32/bin/../lib/gcc/nios2-elf/5.3.0/../../../../../H-x86_64-mingw32/nios2-elf/lib\libsmallc.a(lib_a-writer.o)
 .debug_abbrev  0x0000000000002187       0x37 c:/intelfpga/16.1/nios2eds/bin/gnu/h-x86_64-mingw32/bin/../lib/gcc/nios2-elf/5.3.0/../../../../../H-x86_64-mingw32/nios2-elf/lib\libsmallc.a(lib_a-int_errno.o)
 .debug_abbrev  0x00000000000021be      0x10e c:/intelfpga/16.1/nios2eds/bin/gnu/h-x86_64-mingw32/bin/../lib/gcc/nios2-elf/5.3.0\libgcc.a(lib2-divmod.o)
 .debug_abbrev  0x00000000000022cc       0x9f ../unite_bsp/\libhal_bsp.a(alt_load.o)
 .debug_abbrev  0x000000000000236b       0xba ../unite_bsp/\libhal_bsp.a(alt_main.o)
 .debug_abbrev  0x0000000000002425      0x133 ../unite_bsp/\libhal_bsp.a(alt_write.o)
 .debug_abbrev  0x0000000000002558      0x157 ../unite_bsp/\libhal_bsp.a(alt_sys_init.o)
 .debug_abbrev  0x00000000000026af       0xf7 ../unite_bsp/\libhal_bsp.a(altera_avalon_jtag_uart_fd.o)
 .debug_abbrev  0x00000000000027a6       0xd5 ../unite_bsp/\libhal_bsp.a(altera_avalon_jtag_uart_read.o)
 .debug_abbrev  0x000000000000287b       0xd5 ../unite_bsp/\libhal_bsp.a(altera_avalon_jtag_uart_write.o)
 .debug_abbrev  0x0000000000002950       0xf0 ../unite_bsp/\libhal_bsp.a(altera_avalon_uart_fd.o)
 .debug_abbrev  0x0000000000002a40       0xd9 ../unite_bsp/\libhal_bsp.a(altera_avalon_uart_read.o)
 .debug_abbrev  0x0000000000002b19       0xe0 ../unite_bsp/\libhal_bsp.a(altera_avalon_uart_write.o)
 .debug_abbrev  0x0000000000002bf9      0x11f ../unite_bsp/\libhal_bsp.a(alt_close.o)
 .debug_abbrev  0x0000000000002d18       0x42 ../unite_bsp/\libhal_bsp.a(alt_dcache_flush_all.o)
 .debug_abbrev  0x0000000000002d5a       0xd9 ../unite_bsp/\libhal_bsp.a(alt_dev.o)
 .debug_abbrev  0x0000000000002e33      0x114 ../unite_bsp/\libhal_bsp.a(alt_dev_llist_insert.o)
 .debug_abbrev  0x0000000000002f47       0x79 ../unite_bsp/\libhal_bsp.a(alt_do_ctors.o)
 .debug_abbrev  0x0000000000002fc0       0x79 ../unite_bsp/\libhal_bsp.a(alt_do_dtors.o)
 .debug_abbrev  0x0000000000003039       0x5a ../unite_bsp/\libhal_bsp.a(alt_errno.o)
 .debug_abbrev  0x0000000000003093       0x42 ../unite_bsp/\libhal_bsp.a(alt_icache_flush_all.o)
 .debug_abbrev  0x00000000000030d5      0x114 ../unite_bsp/\libhal_bsp.a(alt_io_redirect.o)
 .debug_abbrev  0x00000000000031e9      0x148 ../unite_bsp/\libhal_bsp.a(alt_open.o)
 .debug_abbrev  0x0000000000003331       0xde ../unite_bsp/\libhal_bsp.a(alt_release_fd.o)
 .debug_abbrev  0x000000000000340f       0x42 ../unite_bsp/\libhal_bsp.a(altera_nios2_qsys_irq.o)
 .debug_abbrev  0x0000000000003451       0xf0 ../unite_bsp/\libhal_bsp.a(alt_find_dev.o)
 .debug_abbrev  0x0000000000003541       0xf0 ../unite_bsp/\libhal_bsp.a(alt_find_file.o)
 .debug_abbrev  0x0000000000003631      0x10d ../unite_bsp/\libhal_bsp.a(alt_get_fd.o)
 .debug_abbrev  0x000000000000373e       0x8c ../unite_bsp/\libhal_bsp.a(alt_icache_flush.o)
 .debug_abbrev  0x00000000000037ca       0xaa c:/intelfpga/16.1/nios2eds/bin/gnu/h-x86_64-mingw32/bin/../lib/gcc/nios2-elf/5.3.0/../../../../../H-x86_64-mingw32/nios2-elf/lib\libsmallc.a(lib_a-atexit.o)
 .debug_abbrev  0x0000000000003874       0x8b c:/intelfpga/16.1/nios2eds/bin/gnu/h-x86_64-mingw32/bin/../lib/gcc/nios2-elf/5.3.0/../../../../../H-x86_64-mingw32/nios2-elf/lib\libsmallc.a(lib_a-exit.o)
 .debug_abbrev  0x00000000000038ff       0x7f c:/intelfpga/16.1/nios2eds/bin/gnu/h-x86_64-mingw32/bin/../lib/gcc/nios2-elf/5.3.0/../../../../../H-x86_64-mingw32/nios2-elf/lib\libsmallc.a(lib_a-memcmp.o)
 .debug_abbrev  0x000000000000397e      0x1e6 c:/intelfpga/16.1/nios2eds/bin/gnu/h-x86_64-mingw32/bin/../lib/gcc/nios2-elf/5.3.0/../../../../../H-x86_64-mingw32/nios2-elf/lib\libsmallc.a(lib_a-__atexit.o)
 .debug_abbrev  0x0000000000003b64      0x1f6 c:/intelfpga/16.1/nios2eds/bin/gnu/h-x86_64-mingw32/bin/../lib/gcc/nios2-elf/5.3.0/../../../../../H-x86_64-mingw32/nios2-elf/lib\libsmallc.a(lib_a-__call_atexit.o)
 .debug_abbrev  0x0000000000003d5a       0xa9 ../unite_bsp/\libhal_bsp.a(alt_exit.o)

.debug_line     0x0000000000000000     0x4770
 *(.debug_line)
 .debug_line    0x0000000000000000       0x6c ../unite_bsp//obj/HAL/src/crt0.o
 .debug_line    0x000000000000006c      0x1a0 obj/default/hello_world.o
 .debug_line    0x000000000000020c       0x6b c:/intelfpga/16.1/nios2eds/bin/gnu/h-x86_64-mingw32/bin/../lib/gcc/nios2-elf/5.3.0\libgcc.a(_fixunsdfsi.o)
 .debug_line    0x0000000000000277      0x169 c:/intelfpga/16.1/nios2eds/bin/gnu/h-x86_64-mingw32/bin/../lib/gcc/nios2-elf/5.3.0\libgcc.a(divsf3.o)
 .debug_line    0x00000000000003e0      0x159 c:/intelfpga/16.1/nios2eds/bin/gnu/h-x86_64-mingw32/bin/../lib/gcc/nios2-elf/5.3.0\libgcc.a(mulsf3.o)
 .debug_line    0x0000000000000539       0x97 c:/intelfpga/16.1/nios2eds/bin/gnu/h-x86_64-mingw32/bin/../lib/gcc/nios2-elf/5.3.0\libgcc.a(fixsfsi.o)
 .debug_line    0x00000000000005d0       0xb0 c:/intelfpga/16.1/nios2eds/bin/gnu/h-x86_64-mingw32/bin/../lib/gcc/nios2-elf/5.3.0\libgcc.a(floatsisf.o)
 .debug_line    0x0000000000000680       0xcb c:/intelfpga/16.1/nios2eds/bin/gnu/h-x86_64-mingw32/bin/../lib/gcc/nios2-elf/5.3.0\libgcc.a(gedf2.o)
 .debug_line    0x000000000000074b      0x1e3 c:/intelfpga/16.1/nios2eds/bin/gnu/h-x86_64-mingw32/bin/../lib/gcc/nios2-elf/5.3.0\libgcc.a(muldf3.o)
 .debug_line    0x000000000000092e      0x3a8 c:/intelfpga/16.1/nios2eds/bin/gnu/h-x86_64-mingw32/bin/../lib/gcc/nios2-elf/5.3.0\libgcc.a(subdf3.o)
 .debug_line    0x0000000000000cd6       0x98 c:/intelfpga/16.1/nios2eds/bin/gnu/h-x86_64-mingw32/bin/../lib/gcc/nios2-elf/5.3.0\libgcc.a(fixdfsi.o)
 .debug_line    0x0000000000000d6e       0xc1 c:/intelfpga/16.1/nios2eds/bin/gnu/h-x86_64-mingw32/bin/../lib/gcc/nios2-elf/5.3.0\libgcc.a(extendsfdf2.o)
 .debug_line    0x0000000000000e2f       0xb7 c:/intelfpga/16.1/nios2eds/bin/gnu/h-x86_64-mingw32/bin/../lib/gcc/nios2-elf/5.3.0\libgcc.a(_clzsi2.o)
 .debug_line    0x0000000000000ee6       0x53 c:/intelfpga/16.1/nios2eds/bin/gnu/h-x86_64-mingw32/bin/../lib/gcc/nios2-elf/5.3.0\libgcc.a(_clz.o)
 .debug_line    0x0000000000000f39      0x15a c:/intelfpga/16.1/nios2eds/bin/gnu/h-x86_64-mingw32/bin/../lib/gcc/nios2-elf/5.3.0/../../../../../H-x86_64-mingw32/nios2-elf/lib\libsmallc.a(lib_a-memset.o)
 .debug_line    0x0000000000001093      0x200 c:/intelfpga/16.1/nios2eds/bin/gnu/h-x86_64-mingw32/bin/../lib/gcc/nios2-elf/5.3.0/../../../../../H-x86_64-mingw32/nios2-elf/lib\libsmallc.a(lib_a-printf.o)
 .debug_line    0x0000000000001293      0x203 c:/intelfpga/16.1/nios2eds/bin/gnu/h-x86_64-mingw32/bin/../lib/gcc/nios2-elf/5.3.0/../../../../../H-x86_64-mingw32/nios2-elf/lib\libsmallc.a(lib_a-puts.o)
 .debug_line    0x0000000000001496      0x20d c:/intelfpga/16.1/nios2eds/bin/gnu/h-x86_64-mingw32/bin/../lib/gcc/nios2-elf/5.3.0/../../../../../H-x86_64-mingw32/nios2-elf/lib\libsmallc.a(lib_a-sprintf.o)
 .debug_line    0x00000000000016a3      0x159 c:/intelfpga/16.1/nios2eds/bin/gnu/h-x86_64-mingw32/bin/../lib/gcc/nios2-elf/5.3.0/../../../../../H-x86_64-mingw32/nios2-elf/lib\libsmallc.a(lib_a-strlen.o)
 .debug_line    0x00000000000017fc      0x164 c:/intelfpga/16.1/nios2eds/bin/gnu/h-x86_64-mingw32/bin/../lib/gcc/nios2-elf/5.3.0/../../../../../H-x86_64-mingw32/nios2-elf/lib\libsmallc.a(lib_a-strstr.o)
 .debug_line    0x0000000000001960      0x34f c:/intelfpga/16.1/nios2eds/bin/gnu/h-x86_64-mingw32/bin/../lib/gcc/nios2-elf/5.3.0/../../../../../H-x86_64-mingw32/nios2-elf/lib\libsmallc.a(lib_a-svfprintf.o)
 .debug_line    0x0000000000001caf      0x34f c:/intelfpga/16.1/nios2eds/bin/gnu/h-x86_64-mingw32/bin/../lib/gcc/nios2-elf/5.3.0/../../../../../H-x86_64-mingw32/nios2-elf/lib\libsmallc.a(lib_a-vfprintf.o)
 .debug_line    0x0000000000001ffe      0x1ed c:/intelfpga/16.1/nios2eds/bin/gnu/h-x86_64-mingw32/bin/../lib/gcc/nios2-elf/5.3.0/../../../../../H-x86_64-mingw32/nios2-elf/lib\libsmallc.a(lib_a-fvwrite_small_dev.o)
 .debug_line    0x00000000000021eb      0x1fb c:/intelfpga/16.1/nios2eds/bin/gnu/h-x86_64-mingw32/bin/../lib/gcc/nios2-elf/5.3.0/../../../../../H-x86_64-mingw32/nios2-elf/lib\libsmallc.a(lib_a-fvwrite_small_str.o)
 .debug_line    0x00000000000023e6      0x153 c:/intelfpga/16.1/nios2eds/bin/gnu/h-x86_64-mingw32/bin/../lib/gcc/nios2-elf/5.3.0/../../../../../H-x86_64-mingw32/nios2-elf/lib\libsmallc.a(lib_a-impure.o)
 .debug_line    0x0000000000002539      0x168 c:/intelfpga/16.1/nios2eds/bin/gnu/h-x86_64-mingw32/bin/../lib/gcc/nios2-elf/5.3.0/../../../../../H-x86_64-mingw32/nios2-elf/lib\libsmallc.a(lib_a-memmove.o)
 .debug_line    0x00000000000026a1      0x1ea c:/intelfpga/16.1/nios2eds/bin/gnu/h-x86_64-mingw32/bin/../lib/gcc/nios2-elf/5.3.0/../../../../../H-x86_64-mingw32/nios2-elf/lib\libsmallc.a(lib_a-writer.o)
 .debug_line    0x000000000000288b       0x5c c:/intelfpga/16.1/nios2eds/bin/gnu/h-x86_64-mingw32/bin/../lib/gcc/nios2-elf/5.3.0/../../../../../H-x86_64-mingw32/nios2-elf/lib\libsmallc.a(lib_a-int_errno.o)
 .debug_line    0x00000000000028e7      0x102 c:/intelfpga/16.1/nios2eds/bin/gnu/h-x86_64-mingw32/bin/../lib/gcc/nios2-elf/5.3.0\libgcc.a(lib2-divmod.o)
 .debug_line    0x00000000000029e9       0x8e ../unite_bsp/\libhal_bsp.a(alt_load.o)
 .debug_line    0x0000000000002a77       0xa4 ../unite_bsp/\libhal_bsp.a(alt_main.o)
 .debug_line    0x0000000000002b1b      0x1d1 ../unite_bsp/\libhal_bsp.a(alt_write.o)
 .debug_line    0x0000000000002cec      0x171 ../unite_bsp/\libhal_bsp.a(alt_sys_init.o)
 .debug_line    0x0000000000002e5d      0x112 ../unite_bsp/\libhal_bsp.a(altera_avalon_jtag_uart_fd.o)
 .debug_line    0x0000000000002f6f       0xfd ../unite_bsp/\libhal_bsp.a(altera_avalon_jtag_uart_read.o)
 .debug_line    0x000000000000306c       0xf4 ../unite_bsp/\libhal_bsp.a(altera_avalon_jtag_uart_write.o)
 .debug_line    0x0000000000003160       0xe5 ../unite_bsp/\libhal_bsp.a(altera_avalon_uart_fd.o)
 .debug_line    0x0000000000003245       0xf6 ../unite_bsp/\libhal_bsp.a(altera_avalon_uart_read.o)
 .debug_line    0x000000000000333b       0xfe ../unite_bsp/\libhal_bsp.a(altera_avalon_uart_write.o)
 .debug_line    0x0000000000003439      0x160 ../unite_bsp/\libhal_bsp.a(alt_close.o)
 .debug_line    0x0000000000003599       0x51 ../unite_bsp/\libhal_bsp.a(alt_dcache_flush_all.o)
 .debug_line    0x00000000000035ea       0xf3 ../unite_bsp/\libhal_bsp.a(alt_dev.o)
 .debug_line    0x00000000000036dd       0xcf ../unite_bsp/\libhal_bsp.a(alt_dev_llist_insert.o)
 .debug_line    0x00000000000037ac       0x59 ../unite_bsp/\libhal_bsp.a(alt_do_ctors.o)
 .debug_line    0x0000000000003805       0x59 ../unite_bsp/\libhal_bsp.a(alt_do_dtors.o)
 .debug_line    0x000000000000385e       0x51 ../unite_bsp/\libhal_bsp.a(alt_errno.o)
 .debug_line    0x00000000000038af       0x50 ../unite_bsp/\libhal_bsp.a(alt_icache_flush_all.o)
 .debug_line    0x00000000000038ff      0x12e ../unite_bsp/\libhal_bsp.a(alt_io_redirect.o)
 .debug_line    0x0000000000003a2d      0x128 ../unite_bsp/\libhal_bsp.a(alt_open.o)
 .debug_line    0x0000000000003b55       0xae ../unite_bsp/\libhal_bsp.a(alt_release_fd.o)
 .debug_line    0x0000000000003c03       0x51 ../unite_bsp/\libhal_bsp.a(altera_nios2_qsys_irq.o)
 .debug_line    0x0000000000003c54       0xb5 ../unite_bsp/\libhal_bsp.a(alt_find_dev.o)
 .debug_line    0x0000000000003d09       0xd1 ../unite_bsp/\libhal_bsp.a(alt_find_file.o)
 .debug_line    0x0000000000003dda       0xd4 ../unite_bsp/\libhal_bsp.a(alt_get_fd.o)
 .debug_line    0x0000000000003eae       0x81 ../unite_bsp/\libhal_bsp.a(alt_icache_flush.o)
 .debug_line    0x0000000000003f2f       0xe4 c:/intelfpga/16.1/nios2eds/bin/gnu/h-x86_64-mingw32/bin/../lib/gcc/nios2-elf/5.3.0/../../../../../H-x86_64-mingw32/nios2-elf/lib\libsmallc.a(lib_a-atexit.o)
 .debug_line    0x0000000000004013      0x156 c:/intelfpga/16.1/nios2eds/bin/gnu/h-x86_64-mingw32/bin/../lib/gcc/nios2-elf/5.3.0/../../../../../H-x86_64-mingw32/nios2-elf/lib\libsmallc.a(lib_a-exit.o)
 .debug_line    0x0000000000004169      0x15d c:/intelfpga/16.1/nios2eds/bin/gnu/h-x86_64-mingw32/bin/../lib/gcc/nios2-elf/5.3.0/../../../../../H-x86_64-mingw32/nios2-elf/lib\libsmallc.a(lib_a-memcmp.o)
 .debug_line    0x00000000000042c6      0x20a c:/intelfpga/16.1/nios2eds/bin/gnu/h-x86_64-mingw32/bin/../lib/gcc/nios2-elf/5.3.0/../../../../../H-x86_64-mingw32/nios2-elf/lib\libsmallc.a(lib_a-__atexit.o)
 .debug_line    0x00000000000044d0      0x22f c:/intelfpga/16.1/nios2eds/bin/gnu/h-x86_64-mingw32/bin/../lib/gcc/nios2-elf/5.3.0/../../../../../H-x86_64-mingw32/nios2-elf/lib\libsmallc.a(lib_a-__call_atexit.o)
 .debug_line    0x00000000000046ff       0x71 ../unite_bsp/\libhal_bsp.a(alt_exit.o)

.debug_frame    0x0000000000000000     0x1044
 *(.debug_frame)
 .debug_frame   0x0000000000000000      0x1c0 obj/default/hello_world.o
 .debug_frame   0x00000000000001c0       0x38 c:/intelfpga/16.1/nios2eds/bin/gnu/h-x86_64-mingw32/bin/../lib/gcc/nios2-elf/5.3.0\libgcc.a(_fixunsdfsi.o)
 .debug_frame   0x00000000000001f8       0x58 c:/intelfpga/16.1/nios2eds/bin/gnu/h-x86_64-mingw32/bin/../lib/gcc/nios2-elf/5.3.0\libgcc.a(divsf3.o)
 .debug_frame   0x0000000000000250       0x58 c:/intelfpga/16.1/nios2eds/bin/gnu/h-x86_64-mingw32/bin/../lib/gcc/nios2-elf/5.3.0\libgcc.a(mulsf3.o)
 .debug_frame   0x00000000000002a8       0x20 c:/intelfpga/16.1/nios2eds/bin/gnu/h-x86_64-mingw32/bin/../lib/gcc/nios2-elf/5.3.0\libgcc.a(fixsfsi.o)
 .debug_frame   0x00000000000002c8       0x38 c:/intelfpga/16.1/nios2eds/bin/gnu/h-x86_64-mingw32/bin/../lib/gcc/nios2-elf/5.3.0\libgcc.a(floatsisf.o)
 .debug_frame   0x0000000000000300       0x20 c:/intelfpga/16.1/nios2eds/bin/gnu/h-x86_64-mingw32/bin/../lib/gcc/nios2-elf/5.3.0\libgcc.a(gedf2.o)
 .debug_frame   0x0000000000000320       0x58 c:/intelfpga/16.1/nios2eds/bin/gnu/h-x86_64-mingw32/bin/../lib/gcc/nios2-elf/5.3.0\libgcc.a(muldf3.o)
 .debug_frame   0x0000000000000378       0x44 c:/intelfpga/16.1/nios2eds/bin/gnu/h-x86_64-mingw32/bin/../lib/gcc/nios2-elf/5.3.0\libgcc.a(subdf3.o)
 .debug_frame   0x00000000000003bc       0x20 c:/intelfpga/16.1/nios2eds/bin/gnu/h-x86_64-mingw32/bin/../lib/gcc/nios2-elf/5.3.0\libgcc.a(fixdfsi.o)
 .debug_frame   0x00000000000003dc       0x38 c:/intelfpga/16.1/nios2eds/bin/gnu/h-x86_64-mingw32/bin/../lib/gcc/nios2-elf/5.3.0\libgcc.a(extendsfdf2.o)
 .debug_frame   0x0000000000000414       0x20 c:/intelfpga/16.1/nios2eds/bin/gnu/h-x86_64-mingw32/bin/../lib/gcc/nios2-elf/5.3.0\libgcc.a(_clzsi2.o)
 .debug_frame   0x0000000000000434       0x20 c:/intelfpga/16.1/nios2eds/bin/gnu/h-x86_64-mingw32/bin/../lib/gcc/nios2-elf/5.3.0/../../../../../H-x86_64-mingw32/nios2-elf/lib\libsmallc.a(lib_a-memset.o)
 .debug_frame   0x0000000000000454       0x48 c:/intelfpga/16.1/nios2eds/bin/gnu/h-x86_64-mingw32/bin/../lib/gcc/nios2-elf/5.3.0/../../../../../H-x86_64-mingw32/nios2-elf/lib\libsmallc.a(lib_a-printf.o)
 .debug_frame   0x000000000000049c       0x48 c:/intelfpga/16.1/nios2eds/bin/gnu/h-x86_64-mingw32/bin/../lib/gcc/nios2-elf/5.3.0/../../../../../H-x86_64-mingw32/nios2-elf/lib\libsmallc.a(lib_a-puts.o)
 .debug_frame   0x00000000000004e4       0x48 c:/intelfpga/16.1/nios2eds/bin/gnu/h-x86_64-mingw32/bin/../lib/gcc/nios2-elf/5.3.0/../../../../../H-x86_64-mingw32/nios2-elf/lib\libsmallc.a(lib_a-sprintf.o)
 .debug_frame   0x000000000000052c       0x20 c:/intelfpga/16.1/nios2eds/bin/gnu/h-x86_64-mingw32/bin/../lib/gcc/nios2-elf/5.3.0/../../../../../H-x86_64-mingw32/nios2-elf/lib\libsmallc.a(lib_a-strlen.o)